01-05 10:48:22.252 15718 15718 F DEBUG   : Build fingerprint: 'OnePlus/OnePlus8T_EEA/OnePlus8T:11/RP1A.201005.001/2011101425:user/release-keys'
01-05 10:48:22.252 15718 15718 F DEBUG   : Revision: '0'
01-05 10:48:22.252 15718 15718 F DEBUG   : ABI: 'arm64'
01-05 10:48:22.252 15718 15718 F DEBUG   : Timestamp: 2022-01-05 10:48:22+0800
01-05 10:48:22.252 15718 15718 F DEBUG   : pid: 17860, tid: 17911, name: DefaultDispatch  >>> com.osfans.trime <<<
01-05 10:48:22.252 15718 15718 F DEBUG   : uid: 10200
01-05 10:48:22.252 15718 15718 F DEBUG   : signal 6 (SIGABRT), code -1 (SI_QUEUE), fault addr --------
01-05 10:48:22.252 15718 15718 F DEBUG   : Abort message: 'terminating with uncaught exception of type opencc::InvalidFormat'
01-05 10:48:22.252 15718 15718 F DEBUG   :     x0  0000000000000000  x1  00000000000045f7  x2  0000000000000006  x3  0000006eef00b8e0
01-05 10:48:22.252 15718 15718 F DEBUG   :     x4  fefefefefefeff73  x5  fefefefefefeff73  x6  fefefefefefeff73  x7  7f7f7f7f7f7f7f7f
01-05 10:48:22.252 15718 15718 F DEBUG   :     x8  00000000000000f0  x9  f4b26639211e994b  x10 0000000000000000  x11 ffffffc0fffffbdf
01-05 10:48:22.252 15718 15718 F DEBUG   :     x12 0000000000000001  x13 0000000061d506f6  x14 000adaddaca64ec9  x15 00002b5a05bfb8f9
01-05 10:48:22.252 15718 15718 F DEBUG   :     x16 00000071f148fc80  x17 00000071f1471c10  x18 0000006ee8396000  x19 00000000000045c4
01-05 10:48:22.252 15718 15718 F DEBUG   :     x20 00000000000045f7  x21 00000000ffffffff  x22 ffffff80ffffffc8  x23 0000006eef00bb30
01-05 10:48:22.252 15718 15718 F DEBUG   :     x24 0000006eef00ba10  x25 0000006eef00ba50  x26 0000000000000079  x27 0000000000000004
01-05 10:48:22.252 15718 15718 F DEBUG   :     x28 0000006eef00c420  x29 0000006eef00b960
01-05 10:48:22.252 15718 15718 F DEBUG   :     lr  00000071f14242a0  sp  0000006eef00b8c0  pc  00000071f14242cc  pst 0000000000001000
01-05 10:48:22.255 15718 15718 F DEBUG   : backtrace:
01-05 10:48:22.255 15718 15718 F DEBUG   :       #00 pc 000000000004e2cc  /apex/com.android.runtime/lib64/bionic/libc.so (abort+164) (BuildId: be9c72fe4db37cd191b589b74d090d13)
01-05 10:48:22.255 15718 15718 F DEBUG   :       #01 pc 0000000000a79dec  /data/app/~~cRxq8UiGOwKrXo8WkeiY1A==/com.osfans.trime--3SarTQXFr3odPafxd1MMw==/lib/arm64/librime_jni.so (BuildId: 50a8fd825251528b855b1aa6514f894609e454a1)
01-05 10:48:22.541  1301 15726 I chatty  : uid=1000(system) Binder:1301_3 expire 1 line
01-05 10:48:22.551  1301 15725 I chatty  : uid=1000(system) Binder:1301_3 expire 2 lines
01-05 10:48:22.551  1301  1398 I chatty  : uid=1000(system) FileObserver expire 2 lines
01-05 10:48:22.707  1301  4315 I chatty  : uid=1000(system) Binder:1301_10 expire 1 line
01-05 10:48:22.712  1301 20059 I chatty  : uid=1000(system) Binder:1301_20 expire 1 line
01-05 10:48:22.715  1301  2467 I chatty  : uid=1000(system) Binder:1301_A expire 5 lines
01-05 10:48:22.865  1301  1359 I chatty  : uid=1000(system) android.display expire 8 lines
01-05 10:48:22.900  1301 13400 I chatty  : uid=1000(system) Binder:1301_1D expire 35 lines
01-05 10:48:22.923  1301  1930 I chatty  : uid=1000(system) ConnectivitySer expire 20 lines
01-05 10:48:23.723  1301  1370 I chatty  : uid=1000(system) ActivityManager expire 6 lines
01-05 10:48:23.724  1301  1371 I chatty  : uid=1000(system) ActivityManager expire 5 lines
01-05 10:48:23.792  1301  1356 I chatty  : uid=1000(system) android.fg expire 5 lines
01-05 10:48:23.793  1301  1357 I chatty  : uid=1000(system) android.ui expire 5 lines
01-05 10:48:23.899  1301 10135 I chatty  : uid=1000(system) Binder:1301_1B expire 2 lines
01-05 10:48:24.899  1301  4482 I chatty  : uid=1000(system) Binder:1301_11 expire 8 lines
01-05 10:48:27.563  1301 20059 I chatty  : uid=1000(system) Binder:1301_20 expire 14 lines
01-05 10:48:27.901  1301  1331 I chatty  : uid=1000(system) Binder:1301_2 expire 13 lines
01-05 10:48:53.093  1301  1301 I chatty  : uid=1000(system) Binder:1301_3 expire 5 lines
01-05 10:49:03.962  1301  1405 I chatty  : uid=1000(system) PowerManagerSer expire 2 lines
01-05 10:49:20.769 15728 15770 F libc    : Fatal signal 6 (SIGABRT), code -1 (SI_QUEUE) in tid 15770 (DefaultDispatch), pid 15728 (om.osfans.trime)
01-05 10:49:20.809 15778 15778 F DEBUG   : *** *** *** *** *** *** *** *** *** *** *** *** *** *** *** ***
01-05 10:49:20.809 15778 15778 F DEBUG   : LineageOS Version: '18.1-20211028-NIGHTLY-kebab'
01-05 10:49:20.809 15778 15778 F DEBUG   : Build fingerprint: 'OnePlus/OnePlus8T_EEA/OnePlus8T:11/RP1A.201005.001/2011101425:user/release-keys'
01-05 10:49:20.809 15778 15778 F DEBUG   : Revision: '0'
01-05 10:49:20.809 15778 15778 F DEBUG   : ABI: 'arm64'
01-05 10:49:20.810 15778 15778 F DEBUG   : Timestamp: 2022-01-05 10:49:20+0800
01-05 10:49:20.810 15778 15778 F DEBUG   : pid: 15728, tid: 15770, name: DefaultDispatch  >>> com.osfans.trime <<<
01-05 10:49:20.810 15778 15778 F DEBUG   : uid: 10200
01-05 10:49:20.810 15778 15778 F DEBUG   : signal 6 (SIGABRT), code -1 (SI_QUEUE), fault addr --------
01-05 10:49:20.810 15778 15778 F DEBUG   : Abort message: 'terminating with uncaught exception of type opencc::InvalidFormat'
01-05 10:49:20.810 15778 15778 F DEBUG   :     x0  0000000000000000  x1  0000000000003d9a  x2  0000000000000006  x3  0000006f4f89a8e0
01-05 10:49:20.810 15778 15778 F DEBUG   :     x4  fefefefefefeff73  x5  fefefefefefeff73  x6  fefefefefefeff73  x7  7f7f7f7f7f7f7f7f
01-05 10:49:20.810 15778 15778 F DEBUG   :     x8  00000000000000f0  x9  f4b26639211e994b  x10 0000000000000000  x11 ffffffc0fffffbdf
01-05 10:49:20.810 15778 15778 F DEBUG   :     x12 0000000000000001  x13 0000000061d50730  x14 002da9ff964d36c9  x15 00002969323fbc27
01-05 10:49:20.810 15778 15778 F DEBUG   :     x16 00000071f148fc80  x17 00000071f1471c10  x18 0000006f4d342000  x19 0000000000003d70
01-05 10:49:20.810 15778 15778 F DEBUG   :     x20 0000000000003d9a  x21 00000000ffffffff  x22 ffffff80ffffffc8  x23 0000006f4f89ab30
01-05 10:49:20.810 15778 15778 F DEBUG   :     x24 0000006f4f89aa10  x25 0000006f4f89aa50  x26 0000000000000015  x27 0000000000000004
01-05 10:49:20.810 15778 15778 F DEBUG   :     x28 0000006f4f89b420  x29 0000006f4f89a960
01-05 10:49:20.810 15778 15778 F DEBUG   :     lr  00000071f14242a0  sp  0000006f4f89a8c0  pc  00000071f14242cc  pst 0000000000001000
01-05 10:49:20.812 15778 15778 F DEBUG   : backtrace:
01-05 10:49:20.812 15778 15778 F DEBUG   :       #00 pc 000000000004e2cc  /apex/com.android.runtime/lib64/bionic/libc.so (abort+164) (BuildId: be9c72fe4db37cd191b589b74d090d13)
01-05 10:49:20.812 15778 15778 F DEBUG   :       #01 pc 0000000000a79dec  /data/app/~~cRxq8UiGOwKrXo8WkeiY1A==/com.osfans.trime--3SarTQXFr3odPafxd1MMw==/lib/arm64/librime_jni.so (BuildId: 50a8fd825251528b855b1aa6514f894609e454a1)
01-05 10:49:21.065  1301 15787 I chatty  : uid=1000(system) Binder:1301_3 expire 1 line
01-05 10:49:21.066  1301 15786 I chatty  : uid=1000(system) Binder:1301_3 expire 1 line
01-05 10:49:21.073  1301  1398 I chatty  : uid=1000(system) FileObserver expire 4 lines
01-05 10:49:21.152  1301  9117 I chatty  : uid=1000(system) Binder:1301_1A expire 3 lines
01-05 10:49:21.156  1301  1879 I chatty  : uid=1000(system) Binder:1301_4 expire 5 lines
01-05 10:49:21.163  1301  5546 I chatty  : uid=1000(system) Binder:1301_12 expire 4 lines
01-05 10:49:22.930  1301  4315 I chatty  : uid=1000(system) Binder:1301_10 expire 13 lines
01-05 10:49:31.936  1301 13397 I chatty  : uid=1000(system) Binder:1301_1C expire 6 lines
01-05 10:49:32.967  1301  8689 I chatty  : uid=1000(system) Binder:1301_17 expire 5 lines
01-05 10:49:41.181  1301  1386 I chatty  : uid=1000(system) batterystats-wo expire 4 lines
01-05 10:49:41.941  1301  2521 I chatty  : uid=1000(system) Binder:1301_B expire 5 lines
01-05 10:49:45.942  1301  1330 I chatty  : uid=1000(system) Binder:1301_1 expire 8 lines
01-05 10:49:50.609 15788 15827 F libc    : Fatal signal 6 (SIGABRT), code -1 (SI_QUEUE) in tid 15827 (DefaultDispatch), pid 15788 (om.osfans.trime)
01-05 10:49:50.647 15840 15840 F DEBUG   : *** *** *** *** *** *** *** *** *** *** *** *** *** *** *** ***
01-05 10:49:50.647 15840 15840 F DEBUG   : LineageOS Version: '18.1-20211028-NIGHTLY-kebab'
01-05 10:49:50.647 15840 15840 F DEBUG   : Build fingerprint: 'OnePlus/OnePlus8T_EEA/OnePlus8T:11/RP1A.201005.001/2011101425:user/release-keys'
01-05 10:49:50.647 15840 15840 F DEBUG   : Revision: '0'
01-05 10:49:50.647 15840 15840 F DEBUG   : ABI: 'arm64'
01-05 10:49:50.647 15840 15840 F DEBUG   : Timestamp: 2022-01-05 10:49:50+0800
01-05 10:49:50.647 15840 15840 F DEBUG   : pid: 15788, tid: 15827, name: DefaultDispatch  >>> com.osfans.trime <<<
01-05 10:49:50.647 15840 15840 F DEBUG   : uid: 10200
01-05 10:49:50.647 15840 15840 F DEBUG   : signal 6 (SIGABRT), code -1 (SI_QUEUE), fault addr --------
01-05 10:49:50.647 15840 15840 F DEBUG   : Abort message: 'terminating with uncaught exception of type opencc::InvalidFormat'
01-05 10:49:50.647 15840 15840 F DEBUG   :     x0  0000000000000000  x1  0000000000003dd3  x2  0000000000000006  x3  0000006f4cd9f8e0
01-05 10:49:50.647 15840 15840 F DEBUG   :     x4  fefefefefefeff73  x5  fefefefefefeff73  x6  fefefefefefeff73  x7  7f7f7f7f7f7f7f7f
01-05 10:49:50.647 15840 15840 F DEBUG   :     x8  00000000000000f0  x9  f4b26639211e994b  x10 0000000000000000  x11 ffffffc0fffffbdf
01-05 10:49:50.647 15840 15840 F DEBUG   :     x12 0000000000000001  x13 0000000061d5074e  x14 002420978aeb26c9  x15 0000305d977fb0c2
01-05 10:49:50.647 15840 15840 F DEBUG   :     x16 00000071f148fc80  x17 00000071f1471c10  x18 0000006eeaf4e000  x19 0000000000003dac
01-05 10:49:50.647 15840 15840 F DEBUG   :     x20 0000000000003dd3  x21 00000000ffffffff  x22 ffffff80ffffffc8  x23 0000006f4cd9fb30
01-05 10:49:50.647 15840 15840 F DEBUG   :     x24 0000006f4cd9fa10  x25 0000006f4cd9fa50  x26 000000000000001f  x27 0000000000000004
01-05 10:49:50.647 15840 15840 F DEBUG   :     x28 0000006f4cda0420  x29 0000006f4cd9f960
01-05 10:49:50.647 15840 15840 F DEBUG   :     lr  00000071f14242a0  sp  0000006f4cd9f8c0  pc  00000071f14242cc  pst 0000000000001000
01-05 10:49:50.649 15840 15840 F DEBUG   : backtrace:
01-05 10:49:50.649 15840 15840 F DEBUG   :       #00 pc 000000000004e2cc  /apex/com.android.runtime/lib64/bionic/libc.so (abort+164) (BuildId: be9c72fe4db37cd191b589b74d090d13)
01-05 10:49:50.649 15840 15840 F DEBUG   :       #01 pc 0000000000a79dec  /data/app/~~cRxq8UiGOwKrXo8WkeiY1A==/com.osfans.trime--3SarTQXFr3odPafxd1MMw==/lib/arm64/librime_jni.so (BuildId: 50a8fd825251528b855b1aa6514f894609e454a1)
01-05 10:49:50.898  1301 15848 I chatty  : uid=1000(system) Binder:1301_3 expire 1 line
01-05 10:49:50.898  1301 15847 I chatty  : uid=1000(system) Binder:1301_3 expire 2 lines
01-05 10:49:50.972  1301  1360 I chatty  : uid=1000(system) android.anim expire 1 line
01-05 10:49:50.980  1301 20186 I chatty  : uid=1000(system) Binder:1301_21 expire 11 lines
01-05 10:49:51.974  1301  1371 I chatty  : uid=1000(system) ActivityManager expire 9 lines
01-05 10:49:52.944  1301  4315 I chatty  : uid=1000(system) Binder:1301_10 expire 19 lines
01-05 10:49:54.944  1301  2521 I chatty  : uid=1000(system) Binder:1301_B expire 23 lines
01-05 10:49:55.945  1301 13397 I chatty  : uid=1000(system) Binder:1301_1C expire 15 lines
01-05 10:50:03.032  1301  1356 I chatty  : uid=1000(system) android.fg expire 8 lines
01-05 10:50:03.033  1301  1357 I chatty  : uid=1000(system) android.ui expire 1 line
01-05 10:50:03.602  1301  1331 I chatty  : uid=1000(system) Binder:1301_2 expire 1 line
01-05 10:50:05.665  1301  1930 I chatty  : uid=1000(system) ConnectivitySer expire 15 lines
01-05 10:50:06.952  1301  5546 I chatty  : uid=1000(system) Binder:1301_12 expire 1 line
01-05 10:50:14.266  1301  1370 I chatty  : uid=1000(system) ActivityManager expire 8 lines
01-05 10:50:14.602  1301  2258 I chatty  : uid=1000(system) Binder:1301_9 expire 11 lines
01-05 10:50:25.272  1301 19103 I chatty  : uid=1000(system) Binder:1301_1F expire 21 lines
01-05 10:50:25.520  1301  1386 I chatty  : uid=1000(system) batterystats-wo expire 14 lines
01-05 10:50:25.939  1301  2677 I chatty  : uid=1000(system) Binder:1301_D expire 9 lines
01-05 10:50:25.961  1301  8689 I chatty  : uid=1000(system) Binder:1301_17 expire 4 lines
01-05 10:50:27.445  1301  1359 I chatty  : uid=1000(system) android.display expire 6 lines
01-05 10:50:36.931  1301  1301 I chatty  : uid=1000(system) Binder:1301_3 expire 5 lines
01-05 10:51:07.832  1301  1405 I chatty  : uid=1000(system) PowerManagerSer expire 10 lines
01-05 10:51:10.985  1301  2256 I chatty  : uid=1000(system) Binder:1301_8 expire 1 line
01-05 10:51:14.708  1301 15783 I chatty  : uid=1000(system) Binder:1301_1E expire 1 line
01-05 10:53:07.739  1301  1826 I chatty  : uid=1000(system) InputReader expire 4 lines
01-05 10:53:07.789  1301  1386 I chatty  : uid=1000(system) batterystats-wo expire 18 lines
01-05 10:53:07.856  1301  1405 I chatty  : uid=1000(system) PowerManagerSer expire 19 lines
01-05 10:53:07.856  1301  1359 I chatty  : uid=1000(system) android.display expire 8 lines
01-05 10:53:07.915  1301 15783 I chatty  : uid=1000(system) Binder:1301_1E expire 1 line
01-05 10:53:07.971  1301  1356 I chatty  : uid=1000(system) android.fg expire 8 lines
01-05 10:53:07.998  1301  2521 I chatty  : uid=1000(system) Binder:1301_B expire 25 lines
01-05 10:53:08.565  1301  1301 I chatty  : uid=1000(system) Binder:1301_3 expire 16 lines
01-05 10:53:08.917  1301  2677 I chatty  : uid=1000(system) Binder:1301_D expire 5 lines
01-05 10:53:09.916  1301  2256 I chatty  : uid=1000(system) Binder:1301_8 expire 5 lines
01-05 10:53:10.928  1301  1930 I chatty  : uid=1000(system) ConnectivitySer expire 12 lines
01-05 10:53:13.095  1301  1357 I chatty  : uid=1000(system) android.ui expire 4 lines
01-05 10:53:16.084 15849 15889 F libc    : Fatal signal 6 (SIGABRT), code -1 (SI_QUEUE) in tid 15889 (DefaultDispatch), pid 15849 (om.osfans.trime)
01-05 10:53:16.127 16303 16303 F DEBUG   : *** *** *** *** *** *** *** *** *** *** *** *** *** *** *** ***
01-05 10:53:16.127 16303 16303 F DEBUG   : LineageOS Version: '18.1-20211028-NIGHTLY-kebab'
01-05 10:53:16.127 16303 16303 F DEBUG   : Build fingerprint: 'OnePlus/OnePlus8T_EEA/OnePlus8T:11/RP1A.201005.001/2011101425:user/release-keys'
01-05 10:53:16.127 16303 16303 F DEBUG   : Revision: '0'
01-05 10:53:16.127 16303 16303 F DEBUG   : ABI: 'arm64'
01-05 10:53:16.127 16303 16303 F DEBUG   : Timestamp: 2022-01-05 10:53:16+0800
01-05 10:53:16.127 16303 16303 F DEBUG   : pid: 15849, tid: 15889, name: DefaultDispatch  >>> com.osfans.trime <<<
01-05 10:53:16.128 16303 16303 F DEBUG   : uid: 10200
01-05 10:53:16.128 16303 16303 F DEBUG   : signal 6 (SIGABRT), code -1 (SI_QUEUE), fault addr --------
01-05 10:53:16.128 16303 16303 F DEBUG   : Abort message: 'terminating with uncaught exception of type opencc::InvalidFormat'
01-05 10:53:16.128 16303 16303 F DEBUG   :     x0  0000000000000000  x1  0000000000003e11  x2  0000000000000006  x3  0000006f4d8698e0
01-05 10:53:16.128 16303 16303 F DEBUG   :     x4  fefefefefefeff73  x5  fefefefefefeff73  x6  fefefefefefeff73  x7  7f7f7f7f7f7f7f7f
01-05 10:53:16.128 16303 16303 F DEBUG   :     x8  00000000000000f0  x9  f4b26639211e994b  x10 0000000000000000  x11 ffffffc0fffffbdf
01-05 10:53:16.128 16303 16303 F DEBUG   :     x12 0000000000000001  x13 0000000061d5081c  x14 0004a7f33c8986c9  x15 0000570d5c14c6b5
01-05 10:53:16.128 16303 16303 F DEBUG   :     x16 00000071f148fc80  x17 00000071f1471c10  x18 0000006f4c794000  x19 0000000000003de9
01-05 10:53:16.128 16303 16303 F DEBUG   :     x20 0000000000003e11  x21 00000000ffffffff  x22 ffffff80ffffffc8  x23 0000006f4d869b30
01-05 10:53:16.128 16303 16303 F DEBUG   :     x24 0000006f4d869a10  x25 0000006f4d869a50  x26 000000000000005b  x27 0000000000000004
01-05 10:53:16.128 16303 16303 F DEBUG   :     x28 0000006f4d86a420  x29 0000006f4d869960
01-05 10:53:16.128 16303 16303 F DEBUG   :     lr  00000071f14242a0  sp  0000006f4d8698c0  pc  00000071f14242cc  pst 0000000000001000
01-05 10:53:16.131 16303 16303 F DEBUG   : backtrace:
01-05 10:53:16.131 16303 16303 F DEBUG   :       #00 pc 000000000004e2cc  /apex/com.android.runtime/lib64/bionic/libc.so (abort+164) (BuildId: be9c72fe4db37cd191b589b74d090d13)
01-05 10:53:16.131 16303 16303 F DEBUG   :       #01 pc 0000000000a79dec  /data/app/~~cRxq8UiGOwKrXo8WkeiY1A==/com.osfans.trime--3SarTQXFr3odPafxd1MMw==/lib/arm64/librime_jni.so (BuildId: 50a8fd825251528b855b1aa6514f894609e454a1)
01-05 10:53:16.415  1301 16310 I chatty  : uid=1000(system) Binder:1301_3 expire 2 lines
01-05 10:53:16.415  1301 16311 I chatty  : uid=1000(system) Binder:1301_3 expire 1 line
01-05 10:53:16.426  1301  1398 I chatty  : uid=1000(system) FileObserver expire 2 lines
01-05 10:53:16.453  1301 19103 I chatty  : uid=1000(system) Binder:1301_1F expire 3 lines
01-05 10:53:16.458  1301  1331 I chatty  : uid=1000(system) Binder:1301_2 expire 9 lines
01-05 10:53:16.466  1301  3001 I chatty  : uid=1000(system) Binder:1301_F expire 9 lines
01-05 10:53:16.921  1301  4315 I chatty  : uid=1000(system) Binder:1301_10 expire 22 lines
01-05 10:53:17.469  1301  1370 I chatty  : uid=1000(system) ActivityManager expire 4 lines
01-05 10:53:17.471  1301  1371 I chatty  : uid=1000(system) ActivityManager expire 2 lines
01-05 10:53:27.879  1301  1663 I chatty  : uid=1000(system) AlarmManager expire 2 lines
01-05 10:56:15.874  2086  2086 V DeadZone: consuming errant click: (940.0,19.0)
01-05 10:56:15.874  2086  2086 V DeadZone: consuming errant click: (940.0,19.0)
01-05 10:56:15.922  1301  1930 I chatty  : uid=1000(system) ConnectivitySer expire 5 lines
01-05 10:56:16.402  1301  4315 I chatty  : uid=1000(system) Binder:1301_10 expire 5 lines
01-05 10:56:23.955  1301  8772 I chatty  : uid=1000(system) Binder:1301_18 expire 4 lines
01-05 10:56:24.954  1301  2521 I chatty  : uid=1000(system) Binder:1301_B expire 1 line
01-05 10:56:25.761  1301  2020 I chatty  : uid=1000(system) Binder:1301_6 expire 31 lines
01-05 10:56:30.958  1301  8772 I chatty  : uid=1000(system) Binder:1301_18 expire 30 lines
01-05 10:56:31.026  1301  1930 I chatty  : uid=1000(system) ConnectivitySer expire 23 lines
01-05 10:56:51.990  1301  1405 I chatty  : uid=1000(system) PowerManagerSer expire 19 lines
01-05 10:57:24.743  1301  1386 I chatty  : uid=1000(system) batterystats-wo expire 16 lines
01-05 10:57:24.806  1301  1359 I chatty  : uid=1000(system) android.display expire 5 lines
01-05 10:57:24.983  1301  2521 I chatty  : uid=1000(system) Binder:1301_B expire 1 line
01-05 10:57:25.008  1301  1356 I chatty  : uid=1000(system) android.fg expire 5 lines
01-05 10:57:25.053  1301 20186 I chatty  : uid=1000(system) Binder:1301_21 expire 3 lines
01-05 10:57:25.065  1301  1301 I chatty  : uid=1000(system) Binder:1301_3 expire 8 lines
01-05 10:58:14.354  1301  1826 I chatty  : uid=1000(system) InputReader expire 2 lines
01-05 10:58:14.488  1301  2676 I chatty  : uid=1000(system) Binder:1301_C expire 8 lines
01-05 10:58:14.580  1301 13400 I chatty  : uid=1000(system) Binder:1301_1D expire 4 lines
01-05 10:58:14.734  1301  1370 I chatty  : uid=1000(system) ActivityManager expire 5 lines
01-05 10:58:14.735  1301  1371 I chatty  : uid=1000(system) ActivityManager expire 4 lines
01-05 10:58:15.544  1301  8628 I chatty  : uid=1000(system) Binder:1301_16 expire 9 lines
01-05 10:58:16.489  1301  1331 I chatty  : uid=1000(system) Binder:1301_2 expire 14 lines
01-05 10:58:34.451  1301  1663 I chatty  : uid=1000(system) AlarmManager expire 1 line
01-05 10:58:39.502  1301  5546 I chatty  : uid=1000(system) Binder:1301_12 expire 27 lines
01-05 10:58:50.864  1301  1405 I chatty  : uid=1000(system) PowerManagerSer expire 13 lines
01-05 10:58:51.343  1301  1386 I chatty  : uid=1000(system) batterystats-wo expire 12 lines
01-05 10:58:51.388  1301  1359 I chatty  : uid=1000(system) android.display expire 10 lines
01-05 10:58:51.576  1301  1356 I chatty  : uid=1000(system) android.fg expire 12 lines
01-05 10:58:51.667  1301  2676 I chatty  : uid=1000(system) Binder:1301_C expire 12 lines
01-05 10:58:51.673  1301  1301 I chatty  : uid=1000(system) Binder:1301_3 expire 17 lines
01-05 10:59:29.587  1301  1826 I chatty  : uid=1000(system) InputReader expire 4 lines
01-05 10:59:31.045  2086  2086 W FingerprintManager: Invalid acquired message: 6, 5
01-05 10:59:31.337  1301 13400 I chatty  : uid=1000(system) Binder:1301_1D expire 3 lines
01-05 10:59:32.756  1301  8628 I chatty  : uid=1000(system) Binder:1301_16 expire 15 lines
01-05 10:59:35.760  1301  1930 I chatty  : uid=1000(system) ConnectivitySer expire 12 lines
01-05 10:59:36.766  1301  8772 I chatty  : uid=1000(system) Binder:1301_18 expire 14 lines
01-05 10:59:49.710  1301  1663 I chatty  : uid=1000(system) AlarmManager expire 2 lines
01-05 10:59:49.713  1301  1370 I chatty  : uid=1000(system) ActivityManager expire 2 lines
01-05 10:59:59.676  1301  1405 I chatty  : uid=1000(system) PowerManagerSer expire 15 lines
01-05 11:00:06.187  1301  1386 I chatty  : uid=1000(system) batterystats-wo expire 12 lines
01-05 11:00:13.420  1301  1369 I chatty  : uid=1000(system) android.bg expire 1 line
01-05 11:00:37.867  1301 20186 I chatty  : uid=1000(system) Binder:1301_21 expire 3 lines
01-05 11:00:41.425  1301  1357 I chatty  : uid=1000(system) android.ui expire 4 lines
01-05 11:00:41.740  1301  2020 I chatty  : uid=1000(system) Binder:1301_6 expire 7 lines
01-05 11:00:58.743  1301 20186 I chatty  : uid=1000(system) Binder:1301_21 expire 44 lines
01-05 11:00:58.821  1301  1930 I chatty  : uid=1000(system) ConnectivitySer expire 18 lines
01-05 11:01:04.748  1301  5546 I chatty  : uid=1000(system) Binder:1301_12 expire 8 lines
01-05 11:01:09.751  1301  8628 I chatty  : uid=1000(system) Binder:1301_16 expire 14 lines
01-05 11:01:10.749  1301  2676 I chatty  : uid=1000(system) Binder:1301_C expire 9 lines
01-05 11:01:12.013  1301  1357 I chatty  : uid=1000(system) android.ui expire 5 lines
01-05 11:01:12.749  1301 13400 I chatty  : uid=1000(system) Binder:1301_1D expire 3 lines
01-05 11:01:15.443  1301  1356 I chatty  : uid=1000(system) android.fg expire 5 lines
01-05 11:01:15.494  1301  8772 I chatty  : uid=1000(system) Binder:1301_18 expire 10 lines
01-05 11:01:18.977  1301  1359 I chatty  : uid=1000(system) android.display expire 5 lines
01-05 11:01:28.472  1301  1301 I chatty  : uid=1000(system) Binder:1301_3 expire 5 lines
01-05 11:02:09.034  1301  1405 I chatty  : uid=1000(system) PowerManagerSer expire 9 lines
01-05 11:02:15.517  1301  1386 I chatty  : uid=1000(system) batterystats-wo expire 16 lines
01-05 11:04:51.222  1301  1358 I chatty  : uid=1000(system) android.io expire 114 lines
01-05 11:05:48.889  1301  1826 I chatty  : uid=1000(system) InputReader expire 2 lines
01-05 11:05:48.937  1301  1405 I chatty  : uid=1000(system) PowerManagerSer expire 6 lines
01-05 11:05:48.952  1301  1386 I chatty  : uid=1000(system) batterystats-wo expire 4 lines
01-05 11:05:49.024  1301  1359 I chatty  : uid=1000(system) android.display expire 4 lines
01-05 11:05:49.042  1301  1301 I chatty  : uid=1000(system) Binder:1301_3 expire 10 lines
01-05 11:05:49.111  1301  5546 I chatty  : uid=1000(system) Binder:1301_12 expire 10 lines
01-05 11:05:49.138  1301  1356 I chatty  : uid=1000(system) android.fg expire 6 lines
01-05 11:05:50.039  1301  2676 I chatty  : uid=1000(system) Binder:1301_C expire 3 lines
01-05 11:05:50.110  1301  8772 I chatty  : uid=1000(system) Binder:1301_18 expire 5 lines
01-05 11:05:51.114  1301  5797 I chatty  : uid=1000(system) Binder:1301_13 expire 4 lines
01-05 11:05:51.306  1301 19103 I chatty  : uid=1000(system) Binder:1301_1F expire 1 line
01-05 11:05:52.114  1301  1930 I chatty  : uid=1000(system) ConnectivitySer expire 4 lines
01-05 11:05:53.009  1301  1357 I chatty  : uid=1000(system) android.ui expire 2 lines
01-05 11:05:53.113  1301 20186 I chatty  : uid=1000(system) Binder:1301_21 expire 6 lines
01-05 11:05:55.100 16312 16345 F libc    : Fatal signal 6 (SIGABRT), code -1 (SI_QUEUE) in tid 16345 (DefaultDispatch), pid 16312 (om.osfans.trime)
01-05 11:05:55.145 16887 16887 F DEBUG   : *** *** *** *** *** *** *** *** *** *** *** *** *** *** *** ***
01-05 11:05:55.145 16887 16887 F DEBUG   : LineageOS Version: '18.1-20211028-NIGHTLY-kebab'
01-05 11:05:55.145 16887 16887 F DEBUG   : Build fingerprint: 'OnePlus/OnePlus8T_EEA/OnePlus8T:11/RP1A.201005.001/2011101425:user/release-keys'
01-05 11:05:55.145 16887 16887 F DEBUG   : Revision: '0'
01-05 11:05:55.145 16887 16887 F DEBUG   : ABI: 'arm64'
01-05 11:05:55.145 16887 16887 F DEBUG   : Timestamp: 2022-01-05 11:05:55+0800
01-05 11:05:55.145 16887 16887 F DEBUG   : pid: 16312, tid: 16345, name: DefaultDispatch  >>> com.osfans.trime <<<
01-05 11:05:55.145 16887 16887 F DEBUG   : uid: 10200
01-05 11:05:55.145 16887 16887 F DEBUG   : signal 6 (SIGABRT), code -1 (SI_QUEUE), fault addr --------
01-05 11:05:55.145 16887 16887 F DEBUG   : Abort message: 'terminating with uncaught exception of type opencc::InvalidFormat'
01-05 11:05:55.145 16887 16887 F DEBUG   :     x0  0000000000000000  x1  0000000000003fd9  x2  0000000000000006  x3  0000006f501bb8e0
01-05 11:05:55.145 16887 16887 F DEBUG   :     x4  fefefefefefeff73  x5  fefefefefefeff73  x6  fefefefefefeff73  x7  7f7f7f7f7f7f7f7f
01-05 11:05:55.145 16887 16887 F DEBUG   :     x8  00000000000000f0  x9  f4b26639211e994b  x10 0000000000000000  x11 ffffffc0fffffbdf
01-05 11:05:55.145 16887 16887 F DEBUG   :     x12 0000000000000001  x13 0000000061d50b13  x14 00059c161afedec9  x15 00005fb34eea0ddf
01-05 11:05:55.145 16887 16887 F DEBUG   :     x16 00000071f148fc80  x17 00000071f1471c10  x18 0000006f4dd5e000  x19 0000000000003fb8
01-05 11:05:55.145 16887 16887 F DEBUG   :     x20 0000000000003fd9  x21 00000000ffffffff  x22 ffffff80ffffffc8  x23 0000006f501bbb30
01-05 11:05:55.145 16887 16887 F DEBUG   :     x24 0000006f501bba10  x25 0000006f501bba50  x26 0000000000000083  x27 0000000000000004
01-05 11:05:55.145 16887 16887 F DEBUG   :     x28 0000006f501bc420  x29 0000006f501bb960
01-05 11:05:55.145 16887 16887 F DEBUG   :     lr  00000071f14242a0  sp  0000006f501bb8c0  pc  00000071f14242cc  pst 0000000000001000
01-05 11:05:55.149 16887 16887 F DEBUG   : backtrace:
01-05 11:05:55.149 16887 16887 F DEBUG   :       #00 pc 000000000004e2cc  /apex/com.android.runtime/lib64/bionic/libc.so (abort+164) (BuildId: be9c72fe4db37cd191b589b74d090d13)
01-05 11:05:55.149 16887 16887 F DEBUG   :       #01 pc 0000000000a79dec  /data/app/~~cRxq8UiGOwKrXo8WkeiY1A==/com.osfans.trime--3SarTQXFr3odPafxd1MMw==/lib/arm64/librime_jni.so (BuildId: 50a8fd825251528b855b1aa6514f894609e454a1)
01-05 11:05:55.437  1301 16895 I chatty  : uid=1000(system) Binder:1301_3 expire 1 line
01-05 11:05:55.437  1301 16894 I chatty  : uid=1000(system) Binder:1301_3 expire 2 lines
01-05 11:05:55.471  1301  1398 I chatty  : uid=1000(system) FileObserver expire 4 lines
01-05 11:05:55.492  1301  1360 I chatty  : uid=1000(system) android.anim expire 1 line
01-05 11:05:55.501  1301  8628 I chatty  : uid=1000(system) Binder:1301_16 expire 2 lines
01-05 11:05:55.501  1301 13400 I chatty  : uid=1000(system) Binder:1301_1D expire 2 lines
01-05 11:05:55.509  1301  2521 I chatty  : uid=1000(system) Binder:1301_B expire 6 lines
01-05 11:05:55.511  1301 10135 I chatty  : uid=1000(system) Binder:1301_1B expire 9 lines
01-05 11:05:56.522  1301  1370 I chatty  : uid=1000(system) ActivityManager expire 2 lines
01-05 11:05:56.523  1301  1371 I chatty  : uid=1000(system) ActivityManager expire 2 lines
01-05 11:06:09.630 16897 16946 F libc    : Fatal signal 6 (SIGABRT), code -1 (SI_QUEUE) in tid 16946 (DefaultDispatch), pid 16897 (om.osfans.trime)
01-05 11:06:09.674 16954 16954 F DEBUG   : *** *** *** *** *** *** *** *** *** *** *** *** *** *** *** ***
01-05 11:06:09.674 16954 16954 F DEBUG   : LineageOS Version: '18.1-20211028-NIGHTLY-kebab'
01-05 11:06:09.674 16954 16954 F DEBUG   : Build fingerprint: 'OnePlus/OnePlus8T_EEA/OnePlus8T:11/RP1A.201005.001/2011101425:user/release-keys'
01-05 11:06:09.674 16954 16954 F DEBUG   : Revision: '0'
01-05 11:06:09.674 16954 16954 F DEBUG   : ABI: 'arm64'
01-05 11:06:09.674 16954 16954 F DEBUG   : Timestamp: 2022-01-05 11:06:09+0800
01-05 11:06:09.674 16954 16954 F DEBUG   : pid: 16897, tid: 16946, name: DefaultDispatch  >>> com.osfans.trime <<<
01-05 11:06:09.674 16954 16954 F DEBUG   : uid: 10200
01-05 11:06:09.674 16954 16954 F DEBUG   : signal 6 (SIGABRT), code -1 (SI_QUEUE), fault addr --------
01-05 11:06:09.674 16954 16954 F DEBUG   : Abort message: 'terminating with uncaught exception of type opencc::InvalidFormat'
01-05 11:06:09.674 16954 16954 F DEBUG   :     x0  0000000000000000  x1  0000000000004232  x2  0000000000000006  x3  0000006f4c54f8e0
01-05 11:06:09.674 16954 16954 F DEBUG   :     x4  fefefefefefeff73  x5  fefefefefefeff73  x6  fefefefefefeff73  x7  7f7f7f7f7f7f7f7f
01-05 11:06:09.674 16954 16954 F DEBUG   :     x8  00000000000000f0  x9  f4b26639211e994b  x10 0000000000000000  x11 ffffffc0fffffbdf
01-05 11:06:09.674 16954 16954 F DEBUG   :     x12 0000000000000001  x13 0000000061d50b21  x14 002551c31573bac9  x15 00003f55fd3f983b
01-05 11:06:09.674 16954 16954 F DEBUG   :     x16 00000071f148fc80  x17 00000071f1471c10  x18 0000006eecb24000  x19 0000000000004201
01-05 11:06:09.674 16954 16954 F DEBUG   :     x20 0000000000004232  x21 00000000ffffffff  x22 ffffff80ffffffc8  x23 0000006f4c54fb30
01-05 11:06:09.674 16954 16954 F DEBUG   :     x24 0000006f4c54fa10  x25 0000006f4c54fa50  x26 000000000000003d  x27 0000000000000004
01-05 11:06:09.674 16954 16954 F DEBUG   :     x28 0000006f4c550420  x29 0000006f4c54f960
01-05 11:06:09.674 16954 16954 F DEBUG   :     lr  00000071f14242a0  sp  0000006f4c54f8c0  pc  00000071f14242cc  pst 0000000000001000
01-05 11:06:09.677 16954 16954 F DEBUG   : backtrace:
01-05 11:06:09.677 16954 16954 F DEBUG   :       #00 pc 000000000004e2cc  /apex/com.android.runtime/lib64/bionic/libc.so (abort+164) (BuildId: be9c72fe4db37cd191b589b74d090d13)
01-05 11:06:09.677 16954 16954 F DEBUG   :       #01 pc 0000000000a79dec  /data/app/~~cRxq8UiGOwKrXo8WkeiY1A==/com.osfans.trime--3SarTQXFr3odPafxd1MMw==/lib/arm64/librime_jni.so (BuildId: 50a8fd825251528b855b1aa6514f894609e454a1)
01-05 11:06:09.759  2086  2086 V DeadZone: consuming errant click: (575.0,69.0)
01-05 11:06:09.759  2086  2086 V DeadZone: consuming errant click: (575.0,69.0)
01-05 11:06:09.949  1301 16962 I chatty  : uid=1000(system) Binder:1301_3 expire 1 line
01-05 11:06:09.949  1301 16961 I chatty  : uid=1000(system) Binder:1301_3 expire 1 line
01-05 11:06:10.002  1301  2020 I chatty  : uid=1000(system) Binder:1301_6 expire 1 line
01-05 11:06:10.003  1301  1301 I chatty  : uid=1000(system) Binder:1301_3 expire 7 lines
01-05 11:06:10.030  1301  1879 I chatty  : uid=1000(system) Binder:1301_4 expire 12 lines
01-05 11:06:10.038  1301  1360 I chatty  : uid=1000(system) android.anim expire 2 lines
01-05 11:06:10.181  1301  1359 I chatty  : uid=1000(system) android.display expire 7 lines
01-05 11:06:11.018  1301  1370 I chatty  : uid=1000(system) ActivityManager expire 3 lines
01-05 11:06:11.020  1301  1371 I chatty  : uid=1000(system) ActivityManager expire 2 lines
01-05 11:06:11.118  1301  3000 I chatty  : uid=1000(system) Binder:1301_E expire 2 lines
01-05 11:06:11.530  1301  1356 I chatty  : uid=1000(system) android.fg expire 4 lines
01-05 11:06:11.531  1301  1357 I chatty  : uid=1000(system) android.ui expire 1 line
01-05 11:06:12.119  1301  8628 I chatty  : uid=1000(system) Binder:1301_16 expire 19 lines
01-05 11:06:13.349  1301  2521 I chatty  : uid=1000(system) Binder:1301_B expire 1 line
01-05 11:06:16.120  1301  1330 I chatty  : uid=1000(system) Binder:1301_1 expire 8 lines
01-05 11:06:16.255  1301  1930 I chatty  : uid=1000(system) ConnectivitySer expire 15 lines
01-05 11:06:19.742  1301  1386 I chatty  : uid=1000(system) batterystats-wo expire 40 lines
01-05 11:06:38.132  1301 20186 I chatty  : uid=1000(system) Binder:1301_21 expire 23 lines
01-05 11:06:43.328  1301  5797 I chatty  : uid=1000(system) Binder:1301_13 expire 22 lines
01-05 11:06:47.138  1301  2676 I chatty  : uid=1000(system) Binder:1301_C expire 1 line
01-05 11:07:21.152  1301 13397 I chatty  : uid=1000(system) Binder:1301_1C expire 3 lines
01-05 11:07:21.503  1301  1405 I chatty  : uid=1000(system) PowerManagerSer expire 11 lines
01-05 11:07:28.153  1301  2256 I chatty  : uid=1000(system) Binder:1301_8 expire 2 lines
01-05 11:07:30.095  1301  2258 I chatty  : uid=1000(system) Binder:1301_9 expire 1 line
01-05 11:11:19.779  1301 19103 I chatty  : uid=1000(system) Binder:1301_1F expire 3 lines
01-05 11:15:18.055  1301  1826 I chatty  : uid=1000(system) InputReader expire 4 lines
01-05 11:15:18.165  1301  1359 I chatty  : uid=1000(system) android.display expire 7 lines
01-05 11:15:18.167  1301  1405 I chatty  : uid=1000(system) PowerManagerSer expire 19 lines
01-05 11:15:18.188  1301 20186 I chatty  : uid=1000(system) Binder:1301_21 expire 1 line
01-05 11:15:18.291  1301  1356 I chatty  : uid=1000(system) android.fg expire 19 lines
01-05 11:15:18.299  1301 19103 I chatty  : uid=1000(system) Binder:1301_1F expire 31 lines
01-05 11:15:19.188  1301  2258 I chatty  : uid=1000(system) Binder:1301_9 expire 2 lines
01-05 11:15:20.079  1301  1301 I chatty  : uid=1000(system) Binder:1301_3 expire 15 lines
01-05 11:15:20.079  2086  2086 W FingerprintManager: Invalid acquired message: 6, 5
01-05 11:15:21.171  1301  1930 I chatty  : uid=1000(system) ConnectivitySer expire 18 lines
01-05 11:15:21.190  1301  2676 I chatty  : uid=1000(system) Binder:1301_C expire 4 lines
01-05 11:15:25.191  1301  1331 I chatty  : uid=1000(system) Binder:1301_2 expire 12 lines
01-05 11:15:36.197  1301  2677 I chatty  : uid=1000(system) Binder:1301_D expire 5 lines
01-05 11:15:39.201  1301  9117 I chatty  : uid=1000(system) Binder:1301_1A expire 16 lines
01-05 11:15:42.547  1301  3068 I chatty  : uid=1000(system) AdbDebuggingMan expire 1 line
01-05 11:16:13.671  1301  1386 I chatty  : uid=1000(system) batterystats-wo expire 16 lines
01-05 11:18:11.851  1301  1370 I chatty  : uid=1000(system) ActivityManager expire 2 lines
01-05 11:18:11.855  1301  1371 I chatty  : uid=1000(system) ActivityManager expire 2 lines
01-05 11:18:13.605  1301  2255 I chatty  : uid=1000(system) Binder:1301_7 expire 8 lines
01-05 11:18:16.273  1301  2467 I chatty  : uid=1000(system) Binder:1301_A expire 10 lines
01-05 11:18:22.207  1301  1357 I chatty  : uid=1000(system) android.ui expire 4 lines
01-05 11:18:22.519  1301  2677 I chatty  : uid=1000(system) Binder:1301_D expire 6 lines
01-05 11:18:23.519  1301  1331 I chatty  : uid=1000(system) Binder:1301_2 expire 3 lines
01-05 11:18:25.541  1301  1930 I chatty  : uid=1000(system) ConnectivitySer expire 14 lines
01-05 11:18:26.520  1301  2255 I chatty  : uid=1000(system) Binder:1301_7 expire 3 lines
01-05 11:18:28.051  1301  1356 I chatty  : uid=1000(system) android.fg expire 9 lines
01-05 11:18:28.785  2086  2086 V DeadZone: consuming errant click: (546.0,67.0)
01-05 11:18:28.785  2086  2086 V DeadZone: consuming errant click: (546.0,67.0)
01-05 11:18:28.993  1301  1359 I chatty  : uid=1000(system) android.display expire 9 lines
01-05 11:18:29.124  1301  1301 I chatty  : uid=1000(system) Binder:1301_3 expire 15 lines
01-05 11:18:29.126  1301 13400 I chatty  : uid=1000(system) Binder:1301_1D expire 1 line
01-05 11:18:29.129  1301 20186 I chatty  : uid=1000(system) Binder:1301_21 expire 6 lines
01-05 11:18:30.135  1301  1370 I chatty  : uid=1000(system) ActivityManager expire 4 lines
01-05 11:18:30.137  1301  1371 I chatty  : uid=1000(system) ActivityManager expire 4 lines
01-05 11:18:31.521  1301  8487 I chatty  : uid=1000(system) Binder:1301_14 expire 6 lines
01-05 11:18:39.524  1301  8772 I chatty  : uid=1000(system) Binder:1301_18 expire 1 line
01-05 11:18:40.527  1301 10135 I chatty  : uid=1000(system) Binder:1301_1B expire 3 lines
01-05 11:18:41.527  1301 19103 I chatty  : uid=1000(system) Binder:1301_1F expire 24 lines
01-05 11:18:42.529  1301  2521 I chatty  : uid=1000(system) Binder:1301_B expire 15 lines
01-05 11:19:10.206  1301  1405 I chatty  : uid=1000(system) PowerManagerSer expire 15 lines
01-05 11:19:16.744  1301  1386 I chatty  : uid=1000(system) batterystats-wo expire 20 lines
01-05 11:19:17.056  1301  9034 I chatty  : uid=1000(system) Binder:1301_19 expire 5 lines
01-05 11:20:13.508  1301  1369 I chatty  : uid=1000(system) android.bg expire 1 line
01-05 11:21:08.546  1301  1826 I chatty  : uid=1000(system) InputReader expire 2 lines
01-05 11:21:08.796  1301  4482 I chatty  : uid=1000(system) Binder:1301_11 expire 1 line
01-05 11:21:10.771  1301 20059 I chatty  : uid=1000(system) Binder:1301_20 expire 1 line
01-05 11:21:16.767  1301 19103 I chatty  : uid=1000(system) Binder:1301_1F expire 2 lines
01-05 11:21:17.783  1301  1930 I chatty  : uid=1000(system) ConnectivitySer expire 9 lines
01-05 11:21:18.769  1301 15783 I chatty  : uid=1000(system) Binder:1301_1E expire 4 lines
01-05 11:21:20.769  1301  2677 I chatty  : uid=1000(system) Binder:1301_D expire 3 lines
01-05 11:21:21.768  1301  2467 I chatty  : uid=1000(system) Binder:1301_A expire 10 lines
01-05 11:21:22.768  1301  9034 I chatty  : uid=1000(system) Binder:1301_19 expire 11 lines
01-05 11:21:23.769  1301  2255 I chatty  : uid=1000(system) Binder:1301_7 expire 7 lines
01-05 11:21:27.770  1301 10135 I chatty  : uid=1000(system) Binder:1301_1B expire 13 lines
01-05 11:21:28.735  1301  1663 I chatty  : uid=1000(system) AlarmManager expire 1 line
01-05 11:21:28.737  1301  1370 I chatty  : uid=1000(system) ActivityManager expire 5 lines
01-05 11:21:34.943  1301  1405 I chatty  : uid=1000(system) PowerManagerSer expire 14 lines
01-05 11:21:36.334  1301  1357 I chatty  : uid=1000(system) android.ui expire 6 lines
01-05 11:21:36.339  1301  1356 I chatty  : uid=1000(system) android.fg expire 14 lines
01-05 11:21:37.355  1301  1826 I chatty  : uid=1000(system) InputReader expire 4 lines
01-05 11:21:37.864  1301  1386 I chatty  : uid=1000(system) batterystats-wo expire 12 lines
01-05 11:21:37.904  1301  1359 I chatty  : uid=1000(system) android.display expire 10 lines
01-05 11:21:38.188  1301  1301 I chatty  : uid=1000(system) Binder:1301_3 expire 9 lines
01-05 11:22:04.434  2086  2086 W FingerprintManager: Invalid acquired message: 6, 5
01-05 11:22:04.696  1301  2467 I chatty  : uid=1000(system) Binder:1301_A expire 3 lines
01-05 11:22:19.705  1301  1360 I chatty  : uid=1000(system) android.anim expire 2 lines
01-05 11:22:20.702  1301  1879 I chatty  : uid=1000(system) Binder:1301_4 expire 4 lines
01-05 11:22:24.701  1301  2256 I chatty  : uid=1000(system) Binder:1301_8 expire 2 lines
01-05 11:22:25.701  1301  3001 I chatty  : uid=1000(system) Binder:1301_F expire 7 lines
01-05 11:22:26.702  1301  2676 I chatty  : uid=1000(system) Binder:1301_C expire 9 lines
01-05 11:22:28.450  1301  1371 I chatty  : uid=1000(system) ActivityManager expire 2 lines
01-05 11:22:28.560  1301  1386 I chatty  : uid=1000(system) batterystats-wo expire 16 lines
01-05 11:22:31.704  1301  1331 I chatty  : uid=1000(system) Binder:1301_2 expire 13 lines
01-05 11:22:38.899  1301  1930 I chatty  : uid=1000(system) ConnectivitySer expire 11 lines
01-05 11:22:39.187  1301  2676 I chatty  : uid=1000(system) Binder:1301_C expire 6 lines
01-05 11:22:39.207  1301  1879 I chatty  : uid=1000(system) Binder:1301_4 expire 2 lines
01-05 11:22:40.707  1301  2256 I chatty  : uid=1000(system) Binder:1301_8 expire 2 lines
01-05 11:22:42.393  1301  1357 I chatty  : uid=1000(system) android.ui expire 7 lines
01-05 11:22:42.513  1301  1386 I chatty  : uid=1000(system) batterystats-wo expire 16 lines
01-05 11:22:42.707  1301  8487 I chatty  : uid=1000(system) Binder:1301_14 expire 20 lines
01-05 11:22:45.367  1301  3001 I chatty  : uid=1000(system) Binder:1301_F expire 10 lines
01-05 11:22:45.709  1301  9034 I chatty  : uid=1000(system) Binder:1301_19 expire 1 line
01-05 11:22:49.710  1301  2677 I chatty  : uid=1000(system) Binder:1301_D expire 16 lines
01-05 11:23:04.715  1301 10135 I chatty  : uid=1000(system) Binder:1301_1B expire 4 lines
01-05 11:23:05.716  1301  2467 I chatty  : uid=1000(system) Binder:1301_A expire 5 lines
01-05 11:23:06.691 17478 17499 E AndroidRuntime: FATAL EXCEPTION: Binder:17478_4
01-05 11:23:06.691 17478 17499 E AndroidRuntime: Process: com.osfans.trime, PID: 17478
01-05 11:23:06.691 17478 17499 E AndroidRuntime: java.lang.OutOfMemoryError: OutOfMemoryError thrown while trying to throw an exception; no stack trace available
01-05 11:23:06.693 17478 17478 E AndroidRuntime: FATAL EXCEPTION: main
01-05 11:23:06.693 17478 17478 E AndroidRuntime: Process: com.osfans.trime, PID: 17478
01-05 11:23:06.693 17478 17478 E AndroidRuntime: java.lang.OutOfMemoryError: OutOfMemoryError thrown while trying to throw an exception; no stack trace available
01-05 11:23:06.696  1301  2258 I chatty  : uid=1000(system) Binder:1301_9 expire 2 lines
01-05 11:23:06.737  1301 17610 I chatty  : uid=1000(system) Binder:1301_3 expire 1 line
01-05 11:23:07.718  1301  1904 I chatty  : uid=1000(system) Binder:1301_5 expire 5 lines
01-05 11:23:07.752  1301  1370 I chatty  : uid=1000(system) ActivityManager expire 5 lines
01-05 11:23:07.753  1301  1371 I chatty  : uid=1000(system) ActivityManager expire 4 lines
01-05 11:23:07.837  1301  1356 I chatty  : uid=1000(system) android.fg expire 7 lines
01-05 11:23:08.940  1301  1369 I chatty  : uid=1000(system) android.bg expire 1 line
01-05 11:23:09.598  1301  9117 I chatty  : uid=1000(system) Binder:1301_1A expire 9 lines
01-05 11:23:09.635  1301  8628 I chatty  : uid=1000(system) Binder:1301_16 expire 3 lines
01-05 11:23:12.309  1301  1663 I chatty  : uid=1000(system) AlarmManager expire 1 line
01-05 11:23:14.631 17612 17650 F libc    : Fatal signal 6 (SIGABRT), code -1 (SI_QUEUE) in tid 17650 (DefaultDispatch), pid 17612 (om.osfans.trime)
01-05 11:23:14.670 17656 17656 F DEBUG   : *** *** *** *** *** *** *** *** *** *** *** *** *** *** *** ***
01-05 11:23:14.670 17656 17656 F DEBUG   : LineageOS Version: '18.1-20211028-NIGHTLY-kebab'
01-05 11:23:14.670 17656 17656 F DEBUG   : Build fingerprint: 'OnePlus/OnePlus8T_EEA/OnePlus8T:11/RP1A.201005.001/2011101425:user/release-keys'
01-05 11:23:14.670 17656 17656 F DEBUG   : Revision: '0'
01-05 11:23:14.670 17656 17656 F DEBUG   : ABI: 'arm64'
01-05 11:23:14.670 17656 17656 F DEBUG   : Timestamp: 2022-01-05 11:23:14+0800
01-05 11:23:14.670 17656 17656 F DEBUG   : pid: 17612, tid: 17650, name: DefaultDispatch  >>> com.osfans.trime <<<
01-05 11:23:14.670 17656 17656 F DEBUG   : uid: 10200
01-05 11:23:14.670 17656 17656 F DEBUG   : signal 6 (SIGABRT), code -1 (SI_QUEUE), fault addr --------
01-05 11:23:14.670 17656 17656 F DEBUG   : Abort message: 'terminating with uncaught exception of type opencc::InvalidFormat'
01-05 11:23:14.670 17656 17656 F DEBUG   :     x0  0000000000000000  x1  00000000000044f2  x2  0000000000000006  x3  0000006eee6478e0
01-05 11:23:14.670 17656 17656 F DEBUG   :     x4  fefefefefefeff73  x5  fefefefefefeff73  x6  fefefefefefeff73  x7  7f7f7f7f7f7f7f7f
01-05 11:23:14.670 17656 17656 F DEBUG   :     x8  00000000000000f0  x9  f4b26639211e994b  x10 0000000000000000  x11 ffffffc0fffffbdf
01-05 11:23:14.670 17656 17656 F DEBUG   :     x12 0000000000000001  x13 0000000061d50f22  x14 002551c18e7212c9  x15 00004959432a327e
01-05 11:23:14.670 17656 17656 F DEBUG   :     x16 00000071f148fc80  x17 00000071f1471c10  x18 0000006eee540000  x19 00000000000044cc
01-05 11:23:14.670 17656 17656 F DEBUG   :     x20 00000000000044f2  x21 00000000ffffffff  x22 ffffff80ffffffc8  x23 0000006eee647b30
01-05 11:23:14.670 17656 17656 F DEBUG   :     x24 0000006eee647a10  x25 0000006eee647a50  x26 0000000000000015  x27 0000000000000004
01-05 11:23:14.670 17656 17656 F DEBUG   :     x28 0000006eee648420  x29 0000006eee647960
01-05 11:23:14.670 17656 17656 F DEBUG   :     lr  00000071f14242a0  sp  0000006eee6478c0  pc  00000071f14242cc  pst 0000000000001000
01-05 11:23:14.672 17656 17656 F DEBUG   : backtrace:
01-05 11:23:14.672 17656 17656 F DEBUG   :       #00 pc 000000000004e2cc  /apex/com.android.runtime/lib64/bionic/libc.so (abort+164) (BuildId: be9c72fe4db37cd191b589b74d090d13)
01-05 11:23:14.672 17656 17656 F DEBUG   :       #01 pc 0000000000a79dec  /data/app/~~cRxq8UiGOwKrXo8WkeiY1A==/com.osfans.trime--3SarTQXFr3odPafxd1MMw==/lib/arm64/librime_jni.so (BuildId: 50a8fd825251528b855b1aa6514f894609e454a1)
01-05 11:23:14.923  1301 17663 I chatty  : uid=1000(system) Binder:1301_3 expire 1 line
01-05 11:23:14.933  1301 17664 I chatty  : uid=1000(system) Binder:1301_3 expire 1 line
01-05 11:23:14.942  1301  1398 I chatty  : uid=1000(system) FileObserver expire 2 lines
01-05 11:23:14.976  1301  1301 I chatty  : uid=1000(system) Binder:1301_3 expire 1 line
01-05 11:23:14.985  1301  2020 I chatty  : uid=1000(system) Binder:1301_6 expire 6 lines
01-05 11:23:15.010  1301  1360 I chatty  : uid=1000(system) android.anim expire 1 line
01-05 11:23:15.154  1301  1359 I chatty  : uid=1000(system) android.display expire 3 lines
01-05 11:23:17.723  1301  4315 I chatty  : uid=1000(system) Binder:1301_10 expire 7 lines
01-05 11:23:21.729  1301 15783 I chatty  : uid=1000(system) Binder:1301_1E expire 9 lines
01-05 11:23:31.740  1301  4315 I chatty  : uid=1000(system) Binder:1301_10 expire 8 lines
01-05 11:23:32.738  1301  9117 I chatty  : uid=1000(system) Binder:1301_1A expire 21 lines
01-05 11:23:33.266  1301  1930 I chatty  : uid=1000(system) ConnectivitySer expire 23 lines
01-05 11:23:33.740  1301  8487 I chatty  : uid=1000(system) Binder:1301_14 expire 7 lines
01-05 11:23:35.593  1301  1301 I chatty  : uid=1000(system) Binder:1301_3 expire 4 lines
01-05 11:23:55.762  1301  2677 I chatty  : uid=1000(system) Binder:1301_D expire 9 lines
01-05 11:23:58.156  1301  1405 I chatty  : uid=1000(system) PowerManagerSer expire 4 lines
01-05 11:24:03.029  1301  1357 I chatty  : uid=1000(system) android.ui expire 6 lines
01-05 11:24:03.768  1301 10135 I chatty  : uid=1000(system) Binder:1301_1B expire 8 lines
01-05 11:24:06.898  1301  1359 I chatty  : uid=1000(system) android.display expire 3 lines
01-05 11:24:11.048  1301  1356 I chatty  : uid=1000(system) android.fg expire 7 lines
01-05 11:24:11.772  1301  2020 I chatty  : uid=1000(system) Binder:1301_6 expire 6 lines
01-05 11:24:14.774  1301  2467 I chatty  : uid=1000(system) Binder:1301_A expire 9 lines
01-05 11:24:18.845 17665 17720 F libc    : Fatal signal 6 (SIGABRT), code -1 (SI_QUEUE) in tid 17720 (DefaultDispatch), pid 17665 (om.osfans.trime)
01-05 11:24:18.892 17736 17736 F DEBUG   : *** *** *** *** *** *** *** *** *** *** *** *** *** *** *** ***
01-05 11:24:18.892 17736 17736 F DEBUG   : LineageOS Version: '18.1-20211028-NIGHTLY-kebab'
01-05 11:24:18.892 17736 17736 F DEBUG   : Build fingerprint: 'OnePlus/OnePlus8T_EEA/OnePlus8T:11/RP1A.201005.001/2011101425:user/release-keys'
01-05 11:24:18.892 17736 17736 F DEBUG   : Revision: '0'
01-05 11:24:18.892 17736 17736 F DEBUG   : ABI: 'arm64'
01-05 11:24:18.893 17736 17736 F DEBUG   : Timestamp: 2022-01-05 11:24:18+0800
01-05 11:24:18.893 17736 17736 F DEBUG   : pid: 17665, tid: 17720, name: DefaultDispatch  >>> com.osfans.trime <<<
01-05 11:24:18.893 17736 17736 F DEBUG   : uid: 10200
01-05 11:24:18.893 17736 17736 F DEBUG   : signal 6 (SIGABRT), code -1 (SI_QUEUE), fault addr --------
01-05 11:24:18.893 17736 17736 F DEBUG   : Abort message: 'terminating with uncaught exception of type opencc::InvalidFormat'
01-05 11:24:18.893 17736 17736 F DEBUG   :     x0  0000000000000000  x1  0000000000004538  x2  0000000000000006  x3  0000006f4ddb38e0
01-05 11:24:18.893 17736 17736 F DEBUG   :     x4  fefefefefefeff73  x5  fefefefefefeff73  x6  fefefefefefeff73  x7  7f7f7f7f7f7f7f7f
01-05 11:24:18.893 17736 17736 F DEBUG   :     x8  00000000000000f0  x9  f4b26639211e994b  x10 0000000000000000  x11 ffffffc0fffffbdf
01-05 11:24:18.893 17736 17736 F DEBUG   :     x12 0000000000000001  x13 0000000061d50f62  x14 003231a775f2fac9  x15 00002dbcfbffb510
01-05 11:24:18.893 17736 17736 F DEBUG   :     x16 00000071f148fc80  x17 00000071f1471c10  x18 0000006f4d08a000  x19 0000000000004501
01-05 11:24:18.893 17736 17736 F DEBUG   :     x20 0000000000004538  x21 00000000ffffffff  x22 ffffff80ffffffc8  x23 0000006f4ddb3b30
01-05 11:24:18.893 17736 17736 F DEBUG   :     x24 0000006f4ddb3a10  x25 0000006f4ddb3a50  x26 000000000000003d  x27 0000000000000004
01-05 11:24:18.893 17736 17736 F DEBUG   :     x28 0000006f4ddb4420  x29 0000006f4ddb3960
01-05 11:24:18.893 17736 17736 F DEBUG   :     lr  00000071f14242a0  sp  0000006f4ddb38c0  pc  00000071f14242cc  pst 0000000000001000
01-05 11:24:18.896 17736 17736 F DEBUG   : backtrace:
01-05 11:24:18.897 17736 17736 F DEBUG   :       #00 pc 000000000004e2cc  /apex/com.android.runtime/lib64/bionic/libc.so (abort+164) (BuildId: be9c72fe4db37cd191b589b74d090d13)
01-05 11:24:18.897 17736 17736 F DEBUG   :       #01 pc 0000000000a79dec  /data/app/~~cRxq8UiGOwKrXo8WkeiY1A==/com.osfans.trime--3SarTQXFr3odPafxd1MMw==/lib/arm64/librime_jni.so (BuildId: 50a8fd825251528b855b1aa6514f894609e454a1)
01-05 11:24:19.176  1301 17743 I chatty  : uid=1000(system) Binder:1301_3 expire 2 lines
01-05 11:24:19.176  1301 17744 I chatty  : uid=1000(system) Binder:1301_3 expire 1 line
01-05 11:24:19.186  1301  1398 I chatty  : uid=1000(system) FileObserver expire 2 lines
01-05 11:24:19.286  1301  1331 I chatty  : uid=1000(system) Binder:1301_2 expire 4 lines
01-05 11:24:19.287  1301  8628 I chatty  : uid=1000(system) Binder:1301_16 expire 7 lines
01-05 11:24:20.281  1301  1370 I chatty  : uid=1000(system) ActivityManager expire 2 lines
01-05 11:24:20.282  1301  1371 I chatty  : uid=1000(system) ActivityManager expire 2 lines
01-05 11:24:29.780  1301  8488 I chatty  : uid=1000(system) Binder:1301_15 expire 18 lines
01-05 11:24:30.785  1301  9034 I chatty  : uid=1000(system) Binder:1301_19 expire 44 lines
01-05 11:25:07.067  1301  1930 I chatty  : uid=1000(system) ConnectivitySer expire 9 lines
