01-05 11:25:07.806  1301  8488 I chatty  : uid=1000(system) Binder:1301_15 expire 9 lines
01-05 11:25:22.028  1301  1405 I chatty  : uid=1000(system) PowerManagerSer expire 17 lines
01-05 11:25:22.817  1301  5546 I chatty  : uid=1000(system) Binder:1301_12 expire 2 lines
01-05 11:25:23.820  1301  2677 I chatty  : uid=1000(system) Binder:1301_D expire 4 lines
01-05 11:25:26.142  1301  1357 I chatty  : uid=1000(system) android.ui expire 1 line
01-05 11:25:26.831  1301  1356 I chatty  : uid=1000(system) android.fg expire 3 lines
01-05 11:25:26.843  1301  2467 I chatty  : uid=1000(system) Binder:1301_A expire 2 lines
01-05 11:25:27.821  1301  2020 I chatty  : uid=1000(system) Binder:1301_6 expire 15 lines
01-05 11:25:27.903  1301  1359 I chatty  : uid=1000(system) android.display expire 7 lines
01-05 11:25:27.973  1301 20059 I chatty  : uid=1000(system) Binder:1301_20 expire 1 line
01-05 11:25:27.975  1301  1301 I chatty  : uid=1000(system) Binder:1301_3 expire 5 lines
01-05 11:25:28.984  1301  1370 I chatty  : uid=1000(system) ActivityManager expire 2 lines
01-05 11:25:28.986  1301  1371 I chatty  : uid=1000(system) ActivityManager expire 2 lines
01-05 11:25:29.825  1301  3000 I chatty  : uid=1000(system) Binder:1301_E expire 4 lines
01-05 11:25:58.007  1301  1386 I chatty  : uid=1000(system) batterystats-wo expire 12 lines
01-05 11:26:07.719  1301  1358 I chatty  : uid=1000(system) android.io expire 51 lines
01-05 11:26:22.745  1301  1826 I chatty  : uid=1000(system) InputReader expire 2 lines
01-05 11:26:22.882  1301 19103 I chatty  : uid=1000(system) Binder:1301_1F expire 8 lines
01-05 11:26:22.987  1301  1356 I chatty  : uid=1000(system) android.fg expire 5 lines
01-05 11:26:23.024  1301  5546 I chatty  : uid=1000(system) Binder:1301_12 expire 6 lines
01-05 11:26:25.850  1301  1930 I chatty  : uid=1000(system) ConnectivitySer expire 10 lines
01-05 11:26:25.859  1301  1301 I chatty  : uid=1000(system) Binder:1301_3 expire 15 lines
01-05 11:26:26.484  1301  3000 I chatty  : uid=1000(system) Binder:1301_E expire 1 line
01-05 11:26:26.493  1301 20059 I chatty  : uid=1000(system) Binder:1301_20 expire 12 lines
01-05 11:26:28.850  1301  2677 I chatty  : uid=1000(system) Binder:1301_D expire 15 lines
01-05 11:26:32.447  2086  2086 V DeadZone: consuming errant click: (813.0,31.0)
01-05 11:26:32.447  2086  2086 V DeadZone: consuming errant click: (813.0,31.0)
01-05 11:26:33.190  1301  1357 I chatty  : uid=1000(system) android.ui expire 2 lines
01-05 11:26:42.885 17815 17886 F libc    : Fatal signal 6 (SIGABRT), code -1 (SI_QUEUE) in tid 17886 (DefaultDispatch), pid 17815 (om.osfans.trime)
01-05 11:26:42.930 17893 17893 F DEBUG   : *** *** *** *** *** *** *** *** *** *** *** *** *** *** *** ***
01-05 11:26:42.930 17893 17893 F DEBUG   : LineageOS Version: '18.1-20211028-NIGHTLY-kebab'
01-05 11:26:42.930 17893 17893 F DEBUG   : Build fingerprint: 'OnePlus/OnePlus8T_EEA/OnePlus8T:11/RP1A.201005.001/2011101425:user/release-keys'
01-05 11:26:42.930 17893 17893 F DEBUG   : Revision: '0'
01-05 11:26:42.930 17893 17893 F DEBUG   : ABI: 'arm64'
01-05 11:26:42.930 17893 17893 F DEBUG   : Timestamp: 2022-01-05 11:26:42+0800
01-05 11:26:42.930 17893 17893 F DEBUG   : pid: 17815, tid: 17886, name: DefaultDispatch  >>> com.osfans.trime <<<
01-05 11:26:42.930 17893 17893 F DEBUG   : uid: 10200
01-05 11:26:42.930 17893 17893 F DEBUG   : signal 6 (SIGABRT), code -1 (SI_QUEUE), fault addr --------
01-05 11:26:42.930 17893 17893 F DEBUG   : Abort message: 'terminating with uncaught exception of type opencc::InvalidFormat'
01-05 11:26:42.930 17893 17893 F DEBUG   :     x0  0000000000000000  x1  00000000000045de  x2  0000000000000006  x3  0000006f4f4c48e0
01-05 11:26:42.930 17893 17893 F DEBUG   :     x4  fefefefefefeff73  x5  fefefefefefeff73  x6  fefefefefefeff73  x7  7f7f7f7f7f7f7f7f
01-05 11:26:42.930 17893 17893 F DEBUG   :     x8  00000000000000f0  x9  f4b26639211e994b  x10 0000000000000000  x11 ffffffc0fffffbdf
01-05 11:26:42.930 17893 17893 F DEBUG   :     x12 0000000000000001  x13 0000000061d50ff2  x14 003494013f0092c9  x15 00002ceddf2a610e
01-05 11:26:42.930 17893 17893 F DEBUG   :     x16 00000071f148fc80  x17 00000071f1471c10  x18 0000006f4dcfe000  x19 0000000000004597
01-05 11:26:42.930 17893 17893 F DEBUG   :     x20 00000000000045de  x21 00000000ffffffff  x22 ffffff80ffffffc8  x23 0000006f4f4c4b30
01-05 11:26:42.930 17893 17893 F DEBUG   :     x24 0000006f4f4c4a10  x25 0000006f4f4c4a50  x26 000000000000001f  x27 0000000000000004
01-05 11:26:42.930 17893 17893 F DEBUG   :     x28 0000006f4f4c5420  x29 0000006f4f4c4960
01-05 11:26:42.930 17893 17893 F DEBUG   :     lr  00000071f14242a0  sp  0000006f4f4c48c0  pc  00000071f14242cc  pst 0000000000001000
01-05 11:26:42.933 17893 17893 F DEBUG   : backtrace:
01-05 11:26:42.934 17893 17893 F DEBUG   :       #00 pc 000000000004e2cc  /apex/com.android.runtime/lib64/bionic/libc.so (abort+164) (BuildId: be9c72fe4db37cd191b589b74d090d13)
01-05 11:26:42.934 17893 17893 F DEBUG   :       #01 pc 0000000000a79dec  /data/app/~~cRxq8UiGOwKrXo8WkeiY1A==/com.osfans.trime--3SarTQXFr3odPafxd1MMw==/lib/arm64/librime_jni.so (BuildId: 50a8fd825251528b855b1aa6514f894609e454a1)
01-05 11:26:43.189  1301 17902 I chatty  : uid=1000(system) Binder:1301_3 expire 1 line
01-05 11:26:43.189  1301 17901 I chatty  : uid=1000(system) Binder:1301_3 expire 2 lines
01-05 11:26:43.202  1301  1398 I chatty  : uid=1000(system) FileObserver expire 2 lines
01-05 11:26:43.237  1301  2020 I chatty  : uid=1000(system) Binder:1301_6 expire 2 lines
01-05 11:26:43.237  1301 15783 I chatty  : uid=1000(system) Binder:1301_1E expire 4 lines
01-05 11:26:43.237  1301  3001 I chatty  : uid=1000(system) Binder:1301_F expire 14 lines
01-05 11:26:43.244  1301  2676 I chatty  : uid=1000(system) Binder:1301_C expire 2 lines
01-05 11:26:43.248  1301  1879 I chatty  : uid=1000(system) Binder:1301_4 expire 24 lines
01-05 11:26:43.270  1301  1360 I chatty  : uid=1000(system) android.anim expire 1 line
01-05 11:26:43.423  1301  1359 I chatty  : uid=1000(system) android.display expire 8 lines
01-05 11:26:44.257  1301  1370 I chatty  : uid=1000(system) ActivityManager expire 4 lines
01-05 11:26:44.259  1301  1371 I chatty  : uid=1000(system) ActivityManager expire 12 lines
01-05 11:27:13.578  1301  1405 I chatty  : uid=1000(system) PowerManagerSer expire 9 lines
01-05 11:27:15.906  1301  9034 I chatty  : uid=1000(system) Binder:1301_19 expire 3 lines
01-05 11:27:20.097  1301  1386 I chatty  : uid=1000(system) batterystats-wo expire 12 lines
01-05 11:27:22.179  1301  1904 I chatty  : uid=1000(system) Binder:1301_5 expire 1 line
01-05 11:28:21.098  1301 13400 I chatty  : uid=1000(system) Binder:1301_1D expire 15 lines
01-05 11:28:25.826  1301  1930 I chatty  : uid=1000(system) ConnectivitySer expire 13 lines
01-05 11:28:25.884  1301  9034 I chatty  : uid=1000(system) Binder:1301_19 expire 4 lines
01-05 11:28:25.885  1301  1371 I chatty  : uid=1000(system) ActivityManager expire 8 lines
01-05 11:28:26.393  1301  1879 I chatty  : uid=1000(system) Binder:1301_4 expire 4 lines
01-05 11:28:26.496  1301  5546 I chatty  : uid=1000(system) Binder:1301_12 expire 2 lines
01-05 11:28:29.264  1301  1386 I chatty  : uid=1000(system) batterystats-wo expire 12 lines
01-05 11:28:29.599  1301  1826 I chatty  : uid=1000(system) InputReader expire 2 lines
01-05 11:28:29.639  1301  1405 I chatty  : uid=1000(system) PowerManagerSer expire 15 lines
01-05 11:28:29.671  1301  1359 I chatty  : uid=1000(system) android.display expire 9 lines
01-05 11:28:29.804  1301  1356 I chatty  : uid=1000(system) android.fg expire 9 lines
01-05 11:28:29.842  1301  1330 I chatty  : uid=1000(system) Binder:1301_1 expire 7 lines
01-05 11:28:30.660  1301  1301 I chatty  : uid=1000(system) Binder:1301_3 expire 10 lines
01-05 11:28:30.954  1301  8689 I chatty  : uid=1000(system) Binder:1301_17 expire 21 lines
01-05 11:28:32.729  1301  2258 I chatty  : uid=1000(system) Binder:1301_9 expire 5 lines
01-05 11:28:35.733  1301  8772 I chatty  : uid=1000(system) Binder:1301_18 expire 2 lines
01-05 11:28:36.730  1301 20186 I chatty  : uid=1000(system) Binder:1301_21 expire 8 lines
01-05 11:28:39.347 17903 19010 F libc    : Fatal signal 6 (SIGABRT), code -1 (SI_QUEUE) in tid 19010 (DefaultDispatch), pid 17903 (om.osfans.trime)
01-05 11:28:39.393 19032 19032 F DEBUG   : *** *** *** *** *** *** *** *** *** *** *** *** *** *** *** ***
01-05 11:28:39.393 19032 19032 F DEBUG   : LineageOS Version: '18.1-20211028-NIGHTLY-kebab'
01-05 11:28:39.393 19032 19032 F DEBUG   : Build fingerprint: 'OnePlus/OnePlus8T_EEA/OnePlus8T:11/RP1A.201005.001/2011101425:user/release-keys'
01-05 11:28:39.393 19032 19032 F DEBUG   : Revision: '0'
01-05 11:28:39.393 19032 19032 F DEBUG   : ABI: 'arm64'
01-05 11:28:39.393 19032 19032 F DEBUG   : Timestamp: 2022-01-05 11:28:39+0800
01-05 11:28:39.393 19032 19032 F DEBUG   : pid: 17903, tid: 19010, name: DefaultDispatch  >>> com.osfans.trime <<<
01-05 11:28:39.393 19032 19032 F DEBUG   : uid: 10200
01-05 11:28:39.393 19032 19032 F DEBUG   : signal 6 (SIGABRT), code -1 (SI_QUEUE), fault addr --------
01-05 11:28:39.393 19032 19032 F DEBUG   : Abort message: 'terminating with uncaught exception of type opencc::InvalidFormat'
01-05 11:28:39.393 19032 19032 F DEBUG   :     x0  0000000000000000  x1  0000000000004a42  x2  0000000000000006  x3  0000006f5005a8e0
01-05 11:28:39.393 19032 19032 F DEBUG   :     x4  fefefefefefeff73  x5  fefefefefefeff73  x6  fefefefefefeff73  x7  7f7f7f7f7f7f7f7f
01-05 11:28:39.393 19032 19032 F DEBUG   :     x8  00000000000000f0  x9  f4b26639211e994b  x10 0000000000000000  x11 ffffffc0fffffbdf
01-05 11:28:39.393 19032 19032 F DEBUG   :     x12 0000000000000001  x13 0000000061d51067  x14 00146442129386c9  x15 00004ce269ea2cb3
01-05 11:28:39.393 19032 19032 F DEBUG   :     x16 00000071f148fc80  x17 00000071f1471c10  x18 0000006f4c872000  x19 00000000000045ef
01-05 11:28:39.393 19032 19032 F DEBUG   :     x20 0000000000004a42  x21 00000000ffffffff  x22 ffffff80ffffffc8  x23 0000006f5005ab30
01-05 11:28:39.393 19032 19032 F DEBUG   :     x24 0000006f5005aa10  x25 0000006f5005aa50  x26 0000000000000015  x27 0000000000000004
01-05 11:28:39.393 19032 19032 F DEBUG   :     x28 0000006f5005b420  x29 0000006f5005a960
01-05 11:28:39.393 19032 19032 F DEBUG   :     lr  00000071f14242a0  sp  0000006f5005a8c0  pc  00000071f14242cc  pst 0000000000001000
01-05 11:28:39.395 19032 19032 F DEBUG   : backtrace:
01-05 11:28:39.395 19032 19032 F DEBUG   :       #00 pc 000000000004e2cc  /apex/com.android.runtime/lib64/bionic/libc.so (abort+164) (BuildId: be9c72fe4db37cd191b589b74d090d13)
01-05 11:28:39.395 19032 19032 F DEBUG   :       #01 pc 0000000000a79dec  /data/app/~~cRxq8UiGOwKrXo8WkeiY1A==/com.osfans.trime--3SarTQXFr3odPafxd1MMw==/lib/arm64/librime_jni.so (BuildId: 50a8fd825251528b855b1aa6514f894609e454a1)
01-05 11:28:39.658  1301 19040 I chatty  : uid=1000(system) Binder:1301_3 expire 1 line
01-05 11:28:39.658  1301 19039 I chatty  : uid=1000(system) Binder:1301_3 expire 2 lines
01-05 11:28:39.672  1301  1398 I chatty  : uid=1000(system) FileObserver expire 2 lines
01-05 11:28:39.697  1301 19103 I chatty  : uid=1000(system) Binder:1301_1F expire 9 lines
01-05 11:28:40.721  1301  1370 I chatty  : uid=1000(system) ActivityManager expire 2 lines
01-05 11:28:44.332  1301  1357 I chatty  : uid=1000(system) android.ui expire 2 lines
01-05 11:28:52.739  1301  2521 I chatty  : uid=1000(system) Binder:1301_B expire 18 lines
01-05 11:29:24.108  1301  1330 I chatty  : uid=1000(system) Binder:1301_1 expire 13 lines
01-05 11:29:24.119  1301  1301 I chatty  : uid=1000(system) Binder:1301_3 expire 14 lines
01-05 11:29:24.171  1301  1359 I chatty  : uid=1000(system) android.display expire 10 lines
01-05 11:29:28.885  1301  1386 I chatty  : uid=1000(system) batterystats-wo expire 16 lines
01-05 11:31:28.795  1301  1826 I chatty  : uid=1000(system) InputReader expire 2 lines
01-05 11:31:28.840  1301  1405 I chatty  : uid=1000(system) PowerManagerSer expire 15 lines
01-05 11:31:28.981  1301 13400 I chatty  : uid=1000(system) Binder:1301_1D expire 16 lines
01-05 11:31:29.004  1301  1356 I chatty  : uid=1000(system) android.fg expire 7 lines
01-05 11:31:29.050  1301 19103 I chatty  : uid=1000(system) Binder:1301_1F expire 4 lines
01-05 11:31:31.957  1301  1930 I chatty  : uid=1000(system) ConnectivitySer expire 12 lines
01-05 11:31:31.983  1301  5546 I chatty  : uid=1000(system) Binder:1301_12 expire 2 lines
01-05 11:31:32.080  1301  1357 I chatty  : uid=1000(system) android.ui expire 4 lines
01-05 11:31:35.986  1301  8689 I chatty  : uid=1000(system) Binder:1301_17 expire 2 lines
01-05 11:31:37.763 19042 19077 F libc    : Fatal signal 6 (SIGABRT), code -1 (SI_QUEUE) in tid 19077 (DefaultDispatch), pid 19042 (om.osfans.trime)
01-05 11:31:37.799 19174 19174 F DEBUG   : *** *** *** *** *** *** *** *** *** *** *** *** *** *** *** ***
01-05 11:31:37.799 19174 19174 F DEBUG   : LineageOS Version: '18.1-20211028-NIGHTLY-kebab'
01-05 11:31:37.799 19174 19174 F DEBUG   : Build fingerprint: 'OnePlus/OnePlus8T_EEA/OnePlus8T:11/RP1A.201005.001/2011101425:user/release-keys'
01-05 11:31:37.799 19174 19174 F DEBUG   : Revision: '0'
01-05 11:31:37.799 19174 19174 F DEBUG   : ABI: 'arm64'
01-05 11:31:37.799 19174 19174 F DEBUG   : Timestamp: 2022-01-05 11:31:37+0800
01-05 11:31:37.799 19174 19174 F DEBUG   : pid: 19042, tid: 19077, name: DefaultDispatch  >>> com.osfans.trime <<<
01-05 11:31:37.799 19174 19174 F DEBUG   : uid: 10200
01-05 11:31:37.799 19174 19174 F DEBUG   : signal 6 (SIGABRT), code -1 (SI_QUEUE), fault addr --------
01-05 11:31:37.799 19174 19174 F DEBUG   : Abort message: 'terminating with uncaught exception of type opencc::InvalidFormat'
01-05 11:31:37.799 19174 19174 F DEBUG   :     x0  0000000000000000  x1  0000000000004a85  x2  0000000000000006  x3  0000006f504c88e0
01-05 11:31:37.799 19174 19174 F DEBUG   :     x4  fefefefefefeff73  x5  fefefefefefeff73  x6  fefefefefefeff73  x7  7f7f7f7f7f7f7f7f
01-05 11:31:37.799 19174 19174 F DEBUG   :     x8  00000000000000f0  x9  f4b26639211e994b  x10 0000000000000000  x11 ffffffc0fffffbdf
01-05 11:31:37.799 19174 19174 F DEBUG   :     x12 0000000000000001  x13 0000000061d51119  x14 002d2fe9ce8416c9  x15 000046e228aa3688
01-05 11:31:37.799 19174 19174 F DEBUG   :     x16 00000071f148fc80  x17 00000071f1471c10  x18 0000006f4fbd0000  x19 0000000000004a62
01-05 11:31:37.799 19174 19174 F DEBUG   :     x20 0000000000004a85  x21 00000000ffffffff  x22 ffffff80ffffffc8  x23 0000006f504c8b30
01-05 11:31:37.799 19174 19174 F DEBUG   :     x24 0000006f504c8a10  x25 0000006f504c8a50  x26 000000000000001f  x27 0000000000000004
01-05 11:31:37.799 19174 19174 F DEBUG   :     x28 0000006f504c9420  x29 0000006f504c8960
01-05 11:31:37.800 19174 19174 F DEBUG   :     lr  00000071f14242a0  sp  0000006f504c88c0  pc  00000071f14242cc  pst 0000000000001000
01-05 11:31:37.803 19174 19174 F DEBUG   : backtrace:
01-05 11:31:37.803 19174 19174 F DEBUG   :       #00 pc 000000000004e2cc  /apex/com.android.runtime/lib64/bionic/libc.so (abort+164) (BuildId: be9c72fe4db37cd191b589b74d090d13)
01-05 11:31:37.803 19174 19174 F DEBUG   :       #01 pc 0000000000a79dec  /data/app/~~cRxq8UiGOwKrXo8WkeiY1A==/com.osfans.trime--3SarTQXFr3odPafxd1MMw==/lib/arm64/librime_jni.so (BuildId: 50a8fd825251528b855b1aa6514f894609e454a1)
01-05 11:31:38.065  1301 19183 I chatty  : uid=1000(system) Binder:1301_3 expire 1 line
01-05 11:31:38.065  1301 19182 I chatty  : uid=1000(system) Binder:1301_3 expire 2 lines
01-05 11:31:38.076  1301  1398 I chatty  : uid=1000(system) FileObserver expire 2 lines
01-05 11:31:38.100  1301 20186 I chatty  : uid=1000(system) Binder:1301_21 expire 1 line
01-05 11:31:38.100  1301  2020 I chatty  : uid=1000(system) Binder:1301_6 expire 1 line
01-05 11:31:38.104  1301  3001 I chatty  : uid=1000(system) Binder:1301_F expire 19 lines
01-05 11:31:38.125  1301  1879 I chatty  : uid=1000(system) Binder:1301_4 expire 7 lines
01-05 11:31:38.136  1301  1360 I chatty  : uid=1000(system) android.anim expire 2 lines
01-05 11:31:39.115  1301  1370 I chatty  : uid=1000(system) ActivityManager expire 3 lines
01-05 11:31:39.117  1301  1371 I chatty  : uid=1000(system) ActivityManager expire 2 lines
01-05 11:31:48.923  1301  1663 I chatty  : uid=1000(system) AlarmManager expire 1 line
01-05 11:31:49.292  1301 20059 I chatty  : uid=1000(system) Binder:1301_20 expire 1 line
01-05 11:31:52.994  1301  1904 I chatty  : uid=1000(system) Binder:1301_5 expire 13 lines
01-05 11:32:27.931  1301  1386 I chatty  : uid=1000(system) batterystats-wo expire 24 lines
01-05 11:32:35.926  1301  1301 I chatty  : uid=1000(system) Binder:1301_3 expire 13 lines
01-05 11:32:52.258  1301  1826 I chatty  : uid=1000(system) InputReader expire 3 lines
01-05 11:32:52.299  1301  1405 I chatty  : uid=1000(system) PowerManagerSer expire 15 lines
01-05 11:32:52.386  1301  1359 I chatty  : uid=1000(system) android.display expire 10 lines
01-05 11:32:52.405  1301  1330 I chatty  : uid=1000(system) Binder:1301_1 expire 6 lines
01-05 11:32:52.502  1301  1356 I chatty  : uid=1000(system) android.fg expire 9 lines
01-05 11:32:52.525  1301  1879 I chatty  : uid=1000(system) Binder:1301_4 expire 1 line
01-05 11:32:53.415  1301  2020 I chatty  : uid=1000(system) Binder:1301_6 expire 12 lines
01-05 11:32:54.461  1301  1357 I chatty  : uid=1000(system) android.ui expire 6 lines
01-05 11:32:55.375  1301  1930 I chatty  : uid=1000(system) ConnectivitySer expire 8 lines
01-05 11:32:55.406  1301 20059 I chatty  : uid=1000(system) Binder:1301_20 expire 20 lines
01-05 11:32:58.407  1301  3001 I chatty  : uid=1000(system) Binder:1301_F expire 3 lines
01-05 11:33:02.095 19184 19263 F libc    : Fatal signal 6 (SIGABRT), code -1 (SI_QUEUE) in tid 19263 (DefaultDispatch), pid 19184 (om.osfans.trime)
01-05 11:33:02.129 19267 19267 F DEBUG   : *** *** *** *** *** *** *** *** *** *** *** *** *** *** *** ***
01-05 11:33:02.129 19267 19267 F DEBUG   : LineageOS Version: '18.1-20211028-NIGHTLY-kebab'
01-05 11:33:02.129 19267 19267 F DEBUG   : Build fingerprint: 'OnePlus/OnePlus8T_EEA/OnePlus8T:11/RP1A.201005.001/2011101425:user/release-keys'
01-05 11:33:02.129 19267 19267 F DEBUG   : Revision: '0'
01-05 11:33:02.129 19267 19267 F DEBUG   : ABI: 'arm64'
01-05 11:33:02.129 19267 19267 F DEBUG   : Timestamp: 2022-01-05 11:33:02+0800
01-05 11:33:02.129 19267 19267 F DEBUG   : pid: 19184, tid: 19263, name: DefaultDispatch  >>> com.osfans.trime <<<
01-05 11:33:02.129 19267 19267 F DEBUG   : uid: 10200
01-05 11:33:02.129 19267 19267 F DEBUG   : signal 6 (SIGABRT), code -1 (SI_QUEUE), fault addr --------
01-05 11:33:02.129 19267 19267 F DEBUG   : Abort message: 'terminating with uncaught exception of type opencc::InvalidFormat'
01-05 11:33:02.129 19267 19267 F DEBUG   :     x0  0000000000000000  x1  0000000000004b3f  x2  0000000000000006  x3  0000006f4d7528e0
01-05 11:33:02.129 19267 19267 F DEBUG   :     x4  fefefefefefeff73  x5  fefefefefefeff73  x6  fefefefefefeff73  x7  7f7f7f7f7f7f7f7f
01-05 11:33:02.129 19267 19267 F DEBUG   :     x8  00000000000000f0  x9  f4b26639211e994b  x10 0000000000000000  x11 ffffffc0fffffbdf
01-05 11:33:02.129 19267 19267 F DEBUG   :     x12 0000000000000001  x13 0000000061d5116e  x14 00055f0aae588ac9  x15 00005431583f760f
01-05 11:33:02.129 19267 19267 F DEBUG   :     x16 00000071f148fc80  x17 00000071f1471c10  x18 0000006eeadda000  x19 0000000000004af0
01-05 11:33:02.129 19267 19267 F DEBUG   :     x20 0000000000004b3f  x21 00000000ffffffff  x22 ffffff80ffffffc8  x23 0000006f4d752b30
01-05 11:33:02.129 19267 19267 F DEBUG   :     x24 0000006f4d752a10  x25 0000006f4d752a50  x26 000000000000003d  x27 0000000000000004
01-05 11:33:02.129 19267 19267 F DEBUG   :     x28 0000006f4d753420  x29 0000006f4d752960
01-05 11:33:02.129 19267 19267 F DEBUG   :     lr  00000071f14242a0  sp  0000006f4d7528c0  pc  00000071f14242cc  pst 0000000000001000
01-05 11:33:02.132 19267 19267 F DEBUG   : backtrace:
01-05 11:33:02.132 19267 19267 F DEBUG   :       #00 pc 000000000004e2cc  /apex/com.android.runtime/lib64/bionic/libc.so (abort+164) (BuildId: be9c72fe4db37cd191b589b74d090d13)
01-05 11:33:02.132 19267 19267 F DEBUG   :       #01 pc 0000000000a79dec  /data/app/~~cRxq8UiGOwKrXo8WkeiY1A==/com.osfans.trime--3SarTQXFr3odPafxd1MMw==/lib/arm64/librime_jni.so (BuildId: 50a8fd825251528b855b1aa6514f894609e454a1)
01-05 11:33:02.369  1301 19275 I chatty  : uid=1000(system) Binder:1301_3 expire 1 line
01-05 11:33:02.369  1301 19274 I chatty  : uid=1000(system) Binder:1301_3 expire 2 lines
01-05 11:33:02.376  1301  1398 I chatty  : uid=1000(system) FileObserver expire 2 lines
01-05 11:33:02.486  1301 13400 I chatty  : uid=1000(system) Binder:1301_1D expire 8 lines
01-05 11:33:02.489  1301  8772 I chatty  : uid=1000(system) Binder:1301_18 expire 3 lines
01-05 11:33:02.508  1301 13397 I chatty  : uid=1000(system) Binder:1301_1C expire 10 lines
01-05 11:33:03.346  1301  1371 I chatty  : uid=1000(system) ActivityManager expire 2 lines
01-05 11:33:12.287  1301  1663 I chatty  : uid=1000(system) AlarmManager expire 1 line
01-05 11:33:12.290  1301  1370 I chatty  : uid=1000(system) ActivityManager expire 1 line
01-05 11:33:27.418  1301 19103 I chatty  : uid=1000(system) Binder:1301_1F expire 16 lines
01-05 11:36:15.979  1301  1405 I chatty  : uid=1000(system) PowerManagerSer expire 21 lines
01-05 11:36:15.995  1301  1386 I chatty  : uid=1000(system) batterystats-wo expire 24 lines
01-05 11:36:16.025  1301  1826 I chatty  : uid=1000(system) InputReader expire 3 lines
01-05 11:36:16.047  1301  1359 I chatty  : uid=1000(system) android.display expire 9 lines
01-05 11:36:16.134  1301 13400 I chatty  : uid=1000(system) Binder:1301_1D expire 1 line
01-05 11:36:16.156  1301  1356 I chatty  : uid=1000(system) android.fg expire 9 lines
01-05 11:36:16.188  1301  1330 I chatty  : uid=1000(system) Binder:1301_1 expire 1 line
01-05 11:36:16.801  1301  1301 I chatty  : uid=1000(system) Binder:1301_3 expire 13 lines
01-05 11:36:17.110  1301 20059 I chatty  : uid=1000(system) Binder:1301_20 expire 8 lines
01-05 11:36:18.139  1301  9117 I chatty  : uid=1000(system) Binder:1301_1A expire 13 lines
01-05 11:36:19.134  1301  1930 I chatty  : uid=1000(system) ConnectivitySer expire 11 lines
01-05 11:36:19.137  1301  3001 I chatty  : uid=1000(system) Binder:1301_F expire 17 lines
01-05 11:36:43.584  1301  1370 I chatty  : uid=1000(system) ActivityManager expire 3 lines
01-05 11:36:43.773  1301  4315 I chatty  : uid=1000(system) Binder:1301_10 expire 1 line
01-05 11:36:47.965  1301  2258 I chatty  : uid=1000(system) Binder:1301_9 expire 1 line
01-05 11:39:40.452  1301  8628 I chatty  : uid=1000(system) Binder:1301_16 expire 1 line
01-05 11:39:40.519  1301  8772 I chatty  : uid=1000(system) Binder:1301_18 expire 3 lines
01-05 11:39:41.313  1301  8689 I chatty  : uid=1000(system) Binder:1301_17 expire 5 lines
01-05 11:39:41.450  1301  2255 I chatty  : uid=1000(system) Binder:1301_7 expire 8 lines
01-05 11:39:42.452  1301  5546 I chatty  : uid=1000(system) Binder:1301_12 expire 4 lines
01-05 11:39:44.157  1301  1357 I chatty  : uid=1000(system) android.ui expire 2 lines
01-05 11:39:57.115  2086  2086 V DeadZone: consuming errant click: (826.0,52.0)
01-05 11:39:57.115  2086  2086 V DeadZone: consuming errant click: (826.0,52.0)
01-05 11:39:58.604  1301  1930 I chatty  : uid=1000(system) ConnectivitySer expire 2 lines
01-05 11:39:59.458  1301 19103 I chatty  : uid=1000(system) Binder:1301_1F expire 3 lines
01-05 11:40:00.437  1301  1663 I chatty  : uid=1000(system) AlarmManager expire 2 lines
01-05 11:40:02.349 17405 19303 F libc    : Fatal signal 6 (SIGABRT), code -1 (SI_QUEUE) in tid 19303 (DefaultDispatch), pid 17405 (om.osfans.trime)
01-05 11:40:02.389 19453 19453 F DEBUG   : *** *** *** *** *** *** *** *** *** *** *** *** *** *** *** ***
01-05 11:40:02.389 19453 19453 F DEBUG   : LineageOS Version: '18.1-20211028-NIGHTLY-kebab'
01-05 11:40:02.389 19453 19453 F DEBUG   : Build fingerprint: 'OnePlus/OnePlus8T_EEA/OnePlus8T:11/RP1A.201005.001/2011101425:user/release-keys'
01-05 11:40:02.389 19453 19453 F DEBUG   : Revision: '0'
01-05 11:40:02.389 19453 19453 F DEBUG   : ABI: 'arm64'
01-05 11:40:02.390 19453 19453 F DEBUG   : Timestamp: 2022-01-05 11:40:02+0800
01-05 11:40:02.390 19453 19453 F DEBUG   : pid: 17405, tid: 19303, name: DefaultDispatch  >>> com.osfans.trime <<<
01-05 11:40:02.390 19453 19453 F DEBUG   : uid: 10200
01-05 11:40:02.390 19453 19453 F DEBUG   : signal 6 (SIGABRT), code -1 (SI_QUEUE), fault addr --------
01-05 11:40:02.390 19453 19453 F DEBUG   : Abort message: 'terminating with uncaught exception of type opencc::InvalidFormat'
01-05 11:40:02.390 19453 19453 F DEBUG   :     x0  0000000000000000  x1  0000000000004b67  x2  0000000000000006  x3  0000006f506b28e0
01-05 11:40:02.390 19453 19453 F DEBUG   :     x4  fefefefefefeff73  x5  fefefefefefeff73  x6  fefefefefefeff73  x7  7f7f7f7f7f7f7f7f
01-05 11:40:02.390 19453 19453 F DEBUG   :     x8  00000000000000f0  x9  f4b26639211e994b  x10 0000000000000000  x11 ffffffc0fffffbdf
01-05 11:40:02.390 19453 19453 F DEBUG   :     x12 0000000000000001  x13 0000000061d51312  x14 0014a14a0e07eac9  x15 00002ab261150f61
01-05 11:40:02.390 19453 19453 F DEBUG   :     x16 00000071f148fc80  x17 00000071f1471c10  x18 0000006f4f76c000  x19 00000000000043fd
01-05 11:40:02.390 19453 19453 F DEBUG   :     x20 0000000000004b67  x21 00000000ffffffff  x22 ffffff80ffffffc8  x23 0000006f506b2b30
01-05 11:40:02.390 19453 19453 F DEBUG   :     x24 0000006f506b2a10  x25 0000006f506b2a50  x26 000000000000003d  x27 0000000000000004
01-05 11:40:02.390 19453 19453 F DEBUG   :     x28 0000006f506b3420  x29 0000006f506b2960
01-05 11:40:02.390 19453 19453 F DEBUG   :     lr  00000071f14242a0  sp  0000006f506b28c0  pc  00000071f14242cc  pst 0000000000001000
01-05 11:40:02.394 19453 19453 F DEBUG   : backtrace:
01-05 11:40:02.394 19453 19453 F DEBUG   :       #00 pc 000000000004e2cc  /apex/com.android.runtime/lib64/bionic/libc.so (abort+164) (BuildId: be9c72fe4db37cd191b589b74d090d13)
01-05 11:40:02.394 19453 19453 F DEBUG   :       #01 pc 0000000000a79dec  /data/app/~~cRxq8UiGOwKrXo8WkeiY1A==/com.osfans.trime--3SarTQXFr3odPafxd1MMw==/lib/arm64/librime_jni.so (BuildId: 50a8fd825251528b855b1aa6514f894609e454a1)
01-05 11:40:02.664  1301 19461 I chatty  : uid=1000(system) Binder:1301_3 expire 1 line
01-05 11:40:02.665  1301 19460 I chatty  : uid=1000(system) Binder:1301_3 expire 2 lines
01-05 11:40:02.684  1301  1398 I chatty  : uid=1000(system) FileObserver expire 2 lines
01-05 11:40:02.698  1301  8488 I chatty  : uid=1000(system) Binder:1301_15 expire 1 line
01-05 11:40:02.699  1301  1301 I chatty  : uid=1000(system) Binder:1301_3 expire 8 lines
01-05 11:40:02.700  1301 19103 I chatty  : uid=1000(system) Binder:1301_1F expire 14 lines
01-05 11:40:02.710  1301  1904 I chatty  : uid=1000(system) Binder:1301_5 expire 15 lines
01-05 11:40:02.712  1301 10135 I chatty  : uid=1000(system) Binder:1301_1B expire 14 lines
01-05 11:40:02.726  1301  4315 I chatty  : uid=1000(system) Binder:1301_10 expire 10 lines
01-05 11:40:02.745  1301  8772 I chatty  : uid=1000(system) Binder:1301_18 expire 15 lines
01-05 11:40:02.756  1301  1360 I chatty  : uid=1000(system) android.anim expire 1 line
01-05 11:40:02.874  1301  1359 I chatty  : uid=1000(system) android.display expire 10 lines
01-05 11:40:03.729  1301  1370 I chatty  : uid=1000(system) ActivityManager expire 4 lines
01-05 11:40:03.730  1301  1371 I chatty  : uid=1000(system) ActivityManager expire 6 lines
01-05 11:40:04.638  1301  1930 I chatty  : uid=1000(system) ConnectivitySer expire 12 lines
01-05 11:40:05.048  1301  1357 I chatty  : uid=1000(system) android.ui expire 5 lines
01-05 11:40:12.687  1301  1356 I chatty  : uid=1000(system) android.fg expire 7 lines
01-05 11:40:13.576  1301  1369 I chatty  : uid=1000(system) android.bg expire 1 line
01-05 11:40:16.473  1301 20186 I chatty  : uid=1000(system) Binder:1301_21 expire 8 lines
01-05 11:40:24.479  1301  2255 I chatty  : uid=1000(system) Binder:1301_7 expire 4 lines
01-05 11:40:27.479  1301 15783 I chatty  : uid=1000(system) Binder:1301_1E expire 1 line
01-05 11:40:34.483  1301  2521 I chatty  : uid=1000(system) Binder:1301_B expire 7 lines
01-05 11:40:52.092 31857 27182 D ScreenshotSmartActions: Screenshot from user profile: 0
01-05 11:40:52.292  1301  1904 I chatty  : uid=1000(system) Binder:1301_5 expire 1 line
01-05 11:40:52.293 31857 27182 D ScreenshotSmartActions: Got 0 smart actions. Wait time: 0 ms
01-05 11:40:53.019  1301  1930 I chatty  : uid=1000(system) ConnectivitySer expire 4 lines
01-05 11:40:54.504  1301  8487 I chatty  : uid=1000(system) Binder:1301_14 expire 8 lines
01-05 11:41:07.509  1301  1879 I chatty  : uid=1000(system) Binder:1301_4 expire 7 lines
01-05 11:41:12.515  1301  4315 I chatty  : uid=1000(system) Binder:1301_10 expire 12 lines
01-05 11:41:13.515  1301  8487 I chatty  : uid=1000(system) Binder:1301_14 expire 12 lines
01-05 11:41:16.554 19547 19581 F libc    : Fatal signal 6 (SIGABRT), code -1 (SI_QUEUE) in tid 19581 (DefaultDispatch), pid 19547 (om.osfans.trime)
01-05 11:41:16.599 19587 19587 F DEBUG   : *** *** *** *** *** *** *** *** *** *** *** *** *** *** *** ***
01-05 11:41:16.599 19587 19587 F DEBUG   : LineageOS Version: '18.1-20211028-NIGHTLY-kebab'
01-05 11:41:16.599 19587 19587 F DEBUG   : Build fingerprint: 'OnePlus/OnePlus8T_EEA/OnePlus8T:11/RP1A.201005.001/2011101425:user/release-keys'
01-05 11:41:16.599 19587 19587 F DEBUG   : Revision: '0'
01-05 11:41:16.599 19587 19587 F DEBUG   : ABI: 'arm64'
01-05 11:41:16.599 19587 19587 F DEBUG   : Timestamp: 2022-01-05 11:41:16+0800
01-05 11:41:16.600 19587 19587 F DEBUG   : pid: 19547, tid: 19581, name: DefaultDispatch  >>> com.osfans.trime <<<
01-05 11:41:16.600 19587 19587 F DEBUG   : uid: 10200
01-05 11:41:16.600 19587 19587 F DEBUG   : signal 6 (SIGABRT), code -1 (SI_QUEUE), fault addr --------
01-05 11:41:16.600 19587 19587 F DEBUG   : Abort message: 'terminating with uncaught exception of type opencc::InvalidFormat'
01-05 11:41:16.600 19587 19587 F DEBUG   :     x0  0000000000000000  x1  0000000000004c7d  x2  0000000000000006  x3  0000006f4e2028e0
01-05 11:41:16.600 19587 19587 F DEBUG   :     x4  fefefefefefeff73  x5  fefefefefefeff73  x6  fefefefefefeff73  x7  7f7f7f7f7f7f7f7f
01-05 11:41:16.600 19587 19587 F DEBUG   :     x8  00000000000000f0  x9  f4b26639211e994b  x10 0000000000000000  x11 ffffffc0fffffbdf
01-05 11:41:16.600 19587 19587 F DEBUG   :     x12 0000000000000001  x13 0000000061d5135c  x14 0020ca14f1b96ec9  x15 00003cb52daa4734
01-05 11:41:16.600 19587 19587 F DEBUG   :     x16 00000071f148fc80  x17 00000071f1471c10  x18 0000006f4ce32000  x19 0000000000004c5b
01-05 11:41:16.600 19587 19587 F DEBUG   :     x20 0000000000004c7d  x21 00000000ffffffff  x22 ffffff80ffffffc8  x23 0000006f4e202b30
01-05 11:41:16.600 19587 19587 F DEBUG   :     x24 0000006f4e202a10  x25 0000006f4e202a50  x26 0000000000000015  x27 0000000000000004
01-05 11:41:16.600 19587 19587 F DEBUG   :     x28 0000006f4e203420  x29 0000006f4e202960
01-05 11:41:16.600 19587 19587 F DEBUG   :     lr  00000071f14242a0  sp  0000006f4e2028c0  pc  00000071f14242cc  pst 0000000000001000
01-05 11:41:16.602 19587 19587 F DEBUG   : backtrace:
01-05 11:41:16.602 19587 19587 F DEBUG   :       #00 pc 000000000004e2cc  /apex/com.android.runtime/lib64/bionic/libc.so (abort+164) (BuildId: be9c72fe4db37cd191b589b74d090d13)
01-05 11:41:16.602 19587 19587 F DEBUG   :       #01 pc 0000000000a79dec  /data/app/~~cRxq8UiGOwKrXo8WkeiY1A==/com.osfans.trime--3SarTQXFr3odPafxd1MMw==/lib/arm64/librime_jni.so (BuildId: 50a8fd825251528b855b1aa6514f894609e454a1)
01-05 11:41:16.858  1301 19594 I chatty  : uid=1000(system) Binder:1301_3 expire 2 lines
01-05 11:41:16.858  1301 19595 I chatty  : uid=1000(system) Binder:1301_3 expire 1 line
01-05 11:41:16.868  1301  1398 I chatty  : uid=1000(system) FileObserver expire 4 lines
01-05 11:41:16.896  1301  8689 I chatty  : uid=1000(system) Binder:1301_17 expire 36 lines
01-05 11:41:16.896  1301  8628 I chatty  : uid=1000(system) Binder:1301_16 expire 5 lines
01-05 11:41:16.904  1301  1301 I chatty  : uid=1000(system) Binder:1301_3 expire 3 lines
01-05 11:41:16.909  1301  5797 I chatty  : uid=1000(system) Binder:1301_13 expire 10 lines
01-05 11:41:17.054  1301  1359 I chatty  : uid=1000(system) android.display expire 6 lines
01-05 11:41:20.223  1301  1930 I chatty  : uid=1000(system) ConnectivitySer expire 19 lines
01-05 11:41:20.919  1301  1370 I chatty  : uid=1000(system) ActivityManager expire 2 lines
01-05 11:41:20.921  1301  1371 I chatty  : uid=1000(system) ActivityManager expire 6 lines
01-05 11:41:24.525  1301  8488 I chatty  : uid=1000(system) Binder:1301_15 expire 4 lines
01-05 11:41:33.875 19599 19631 F libc    : Fatal signal 6 (SIGABRT), code -1 (SI_QUEUE) in tid 19631 (DefaultDispatch), pid 19599 (om.osfans.trime)
01-05 11:41:33.912 19636 19636 F DEBUG   : *** *** *** *** *** *** *** *** *** *** *** *** *** *** *** ***
01-05 11:41:33.912 19636 19636 F DEBUG   : LineageOS Version: '18.1-20211028-NIGHTLY-kebab'
01-05 11:41:33.912 19636 19636 F DEBUG   : Build fingerprint: 'OnePlus/OnePlus8T_EEA/OnePlus8T:11/RP1A.201005.001/2011101425:user/release-keys'
01-05 11:41:33.912 19636 19636 F DEBUG   : Revision: '0'
01-05 11:41:33.912 19636 19636 F DEBUG   : ABI: 'arm64'
01-05 11:41:33.912 19636 19636 F DEBUG   : Timestamp: 2022-01-05 11:41:33+0800
01-05 11:41:33.912 19636 19636 F DEBUG   : pid: 19599, tid: 19631, name: DefaultDispatch  >>> com.osfans.trime <<<
01-05 11:41:33.912 19636 19636 F DEBUG   : uid: 10200
01-05 11:41:33.912 19636 19636 F DEBUG   : signal 6 (SIGABRT), code -1 (SI_QUEUE), fault addr --------
01-05 11:41:33.912 19636 19636 F DEBUG   : Abort message: 'terminating with uncaught exception of type opencc::InvalidFormat'
01-05 11:41:33.912 19636 19636 F DEBUG   :     x0  0000000000000000  x1  0000000000004caf  x2  0000000000000006  x3  0000006f4e07e8e0
01-05 11:41:33.912 19636 19636 F DEBUG   :     x4  fefefefefefeff73  x5  fefefefefefeff73  x6  fefefefefefeff73  x7  7f7f7f7f7f7f7f7f
01-05 11:41:33.912 19636 19636 F DEBUG   :     x8  00000000000000f0  x9  f4b26639211e994b  x10 0000000000000000  x11 ffffffc0fffffbdf
01-05 11:41:33.912 19636 19636 F DEBUG   :     x12 0000000000000001  x13 0000000061d5136d  x14 0033dce4eb1e06c9  x15 00005018f6d4d21a
01-05 11:41:33.912 19636 19636 F DEBUG   :     x16 00000071f148fc80  x17 00000071f1471c10  x18 0000006f4dd40000  x19 0000000000004c8f
01-05 11:41:33.912 19636 19636 F DEBUG   :     x20 0000000000004caf  x21 00000000ffffffff  x22 ffffff80ffffffc8  x23 0000006f4e07eb30
01-05 11:41:33.912 19636 19636 F DEBUG   :     x24 0000006f4e07ea10  x25 0000006f4e07ea50  x26 000000000000001f  x27 0000000000000004
01-05 11:41:33.912 19636 19636 F DEBUG   :     x28 0000006f4e07f420  x29 0000006f4e07e960
01-05 11:41:33.912 19636 19636 F DEBUG   :     lr  00000071f14242a0  sp  0000006f4e07e8c0  pc  00000071f14242cc  pst 0000000000001000
01-05 11:41:33.915 19636 19636 F DEBUG   : backtrace:
01-05 11:41:33.915 19636 19636 F DEBUG   :       #00 pc 000000000004e2cc  /apex/com.android.runtime/lib64/bionic/libc.so (abort+164) (BuildId: be9c72fe4db37cd191b589b74d090d13)
01-05 11:41:33.915 19636 19636 F DEBUG   :       #01 pc 0000000000a79dec  /data/app/~~cRxq8UiGOwKrXo8WkeiY1A==/com.osfans.trime--3SarTQXFr3odPafxd1MMw==/lib/arm64/librime_jni.so (BuildId: 50a8fd825251528b855b1aa6514f894609e454a1)
01-05 11:41:34.165  1301 19645 I chatty  : uid=1000(system) Binder:1301_3 expire 1 line
01-05 11:41:34.165  1301 19643 I chatty  : uid=1000(system) Binder:1301_3 expire 1 line
01-05 11:41:34.219  1301  2255 I chatty  : uid=1000(system) Binder:1301_7 expire 1 line
01-05 11:41:34.241  1301 19103 I chatty  : uid=1000(system) Binder:1301_1F expire 10 lines
01-05 11:41:35.502  1301  1356 I chatty  : uid=1000(system) android.fg expire 4 lines
01-05 11:41:35.504  1301  1357 I chatty  : uid=1000(system) android.ui expire 4 lines
01-05 11:42:00.557  1301  2020 I chatty  : uid=1000(system) Binder:1301_6 expire 11 lines
01-05 11:42:01.558  1301  9034 I chatty  : uid=1000(system) Binder:1301_19 expire 11 lines
01-05 11:42:26.349  1301  1405 I chatty  : uid=1000(system) PowerManagerSer expire 17 lines
01-05 11:42:37.593  1301  8689 I chatty  : uid=1000(system) Binder:1301_17 expire 24 lines
01-05 11:42:38.595  1301  9034 I chatty  : uid=1000(system) Binder:1301_19 expire 6 lines
01-05 11:42:38.858  1301  1930 I chatty  : uid=1000(system) ConnectivitySer expire 9 lines
01-05 11:43:00.380  1301  1386 I chatty  : uid=1000(system) batterystats-wo expire 28 lines
01-05 11:43:00.463  1301  1359 I chatty  : uid=1000(system) android.display expire 5 lines
01-05 11:43:00.646  1301  1356 I chatty  : uid=1000(system) android.fg expire 6 lines
01-05 11:43:00.729  1301  2020 I chatty  : uid=1000(system) Binder:1301_6 expire 4 lines
01-05 11:43:00.736  1301  1301 I chatty  : uid=1000(system) Binder:1301_3 expire 9 lines
01-05 11:46:00.765  1301  8487 I chatty  : uid=1000(system) Binder:1301_14 expire 15 lines
01-05 11:46:08.127  1301  1826 I chatty  : uid=1000(system) InputReader expire 2 lines
01-05 11:46:08.243  1301  1357 I chatty  : uid=1000(system) android.ui expire 1 line
01-05 11:46:16.333  1301  2255 I chatty  : uid=1000(system) Binder:1301_7 expire 8 lines
01-05 11:46:34.672  1301  1358 I chatty  : uid=1000(system) android.io expire 60 lines
01-05 11:46:35.341  1301  2255 I chatty  : uid=1000(system) Binder:1301_7 expire 3 lines
01-05 11:46:36.343  1301  8487 I chatty  : uid=1000(system) Binder:1301_14 expire 21 lines
01-05 11:46:40.342  1301  4315 I chatty  : uid=1000(system) Binder:1301_10 expire 1 line
01-05 11:46:41.344  1301  2676 I chatty  : uid=1000(system) Binder:1301_C expire 3 lines
01-05 11:46:43.300  1301  9034 I chatty  : uid=1000(system) Binder:1301_19 expire 2 lines
01-05 11:46:43.343  1301  1879 I chatty  : uid=1000(system) Binder:1301_4 expire 2 lines
01-05 11:46:44.640  1301  1930 I chatty  : uid=1000(system) ConnectivitySer expire 11 lines
01-05 11:46:45.755 19683 19862 F libc    : Fatal signal 6 (SIGABRT), code -1 (SI_QUEUE) in tid 19862 (DefaultDispatch), pid 19683 (om.osfans.trime)
01-05 11:46:45.797 19870 19870 F DEBUG   : *** *** *** *** *** *** *** *** *** *** *** *** *** *** *** ***
01-05 11:46:45.797 19870 19870 F DEBUG   : LineageOS Version: '18.1-20211028-NIGHTLY-kebab'
01-05 11:46:45.797 19870 19870 F DEBUG   : Build fingerprint: 'OnePlus/OnePlus8T_EEA/OnePlus8T:11/RP1A.201005.001/2011101425:user/release-keys'
01-05 11:46:45.797 19870 19870 F DEBUG   : Revision: '0'
01-05 11:46:45.797 19870 19870 F DEBUG   : ABI: 'arm64'
01-05 11:46:45.797 19870 19870 F DEBUG   : Timestamp: 2022-01-05 11:46:45+0800
01-05 11:46:45.797 19870 19870 F DEBUG   : pid: 19683, tid: 19862, name: DefaultDispatch  >>> com.osfans.trime <<<
01-05 11:46:45.797 19870 19870 F DEBUG   : uid: 10200
01-05 11:46:45.797 19870 19870 F DEBUG   : signal 6 (SIGABRT), code -1 (SI_QUEUE), fault addr --------
01-05 11:46:45.797 19870 19870 F DEBUG   : Abort message: 'terminating with uncaught exception of type opencc::InvalidFormat'
01-05 11:46:45.797 19870 19870 F DEBUG   :     x0  0000000000000000  x1  0000000000004d96  x2  0000000000000006  x3  0000006f503558e0
01-05 11:46:45.797 19870 19870 F DEBUG   :     x4  fefefefefefeff73  x5  fefefefefefeff73  x6  fefefefefefeff73  x7  7f7f7f7f7f7f7f7f
01-05 11:46:45.797 19870 19870 F DEBUG   :     x8  00000000000000f0  x9  f4b26639211e994b  x10 0000000000000000  x11 ffffffc0fffffbdf
01-05 11:46:45.797 19870 19870 F DEBUG   :     x12 0000000000000001  x13 0000000061d514a5  x14 002cb5d67424fec9  x15 00004f85766a2861
01-05 11:46:45.797 19870 19870 F DEBUG   :     x16 00000071f148fc80  x17 00000071f1471c10  x18 0000006ef358a000  x19 0000000000004ce3
01-05 11:46:45.797 19870 19870 F DEBUG   :     x20 0000000000004d96  x21 00000000ffffffff  x22 ffffff80ffffffc8  x23 0000006f50355b30
01-05 11:46:45.797 19870 19870 F DEBUG   :     x24 0000006f50355a10  x25 0000006f50355a50  x26 000000000000003d  x27 0000000000000004
01-05 11:46:45.797 19870 19870 F DEBUG   :     x28 0000006f50356420  x29 0000006f50355960
01-05 11:46:45.797 19870 19870 F DEBUG   :     lr  00000071f14242a0  sp  0000006f503558c0  pc  00000071f14242cc  pst 0000000000001000
01-05 11:46:45.800 19870 19870 F DEBUG   : backtrace:
01-05 11:46:45.800 19870 19870 F DEBUG   :       #00 pc 000000000004e2cc  /apex/com.android.runtime/lib64/bionic/libc.so (abort+164) (BuildId: be9c72fe4db37cd191b589b74d090d13)
01-05 11:46:45.800 19870 19870 F DEBUG   :       #01 pc 0000000000a79dec  /data/app/~~cRxq8UiGOwKrXo8WkeiY1A==/com.osfans.trime--3SarTQXFr3odPafxd1MMw==/lib/arm64/librime_jni.so (BuildId: 50a8fd825251528b855b1aa6514f894609e454a1)
01-05 11:46:46.059  1301 19878 I chatty  : uid=1000(system) Binder:1301_3 expire 1 line
01-05 11:46:46.060  1301 19877 I chatty  : uid=1000(system) Binder:1301_3 expire 2 lines
01-05 11:46:46.072  1301  1398 I chatty  : uid=1000(system) FileObserver expire 2 lines
01-05 11:46:46.098  1301  1331 I chatty  : uid=1000(system) Binder:1301_2 expire 3 lines
01-05 11:46:46.098  1301  5797 I chatty  : uid=1000(system) Binder:1301_13 expire 1 line
01-05 11:46:46.098  1301 13397 I chatty  : uid=1000(system) Binder:1301_1C expire 6 lines
01-05 11:46:46.099  1301  1301 I chatty  : uid=1000(system) Binder:1301_3 expire 3 lines
01-05 11:46:46.101  1301  2677 I chatty  : uid=1000(system) Binder:1301_D expire 17 lines
01-05 11:46:46.104  1301  2521 I chatty  : uid=1000(system) Binder:1301_B expire 1 line
01-05 11:46:46.134  1301  1357 I chatty  : uid=1000(system) android.ui expire 5 lines
01-05 11:46:46.270  1301  1359 I chatty  : uid=1000(system) android.display expire 5 lines
01-05 11:46:46.347  1301  2020 I chatty  : uid=1000(system) Binder:1301_6 expire 3 lines
01-05 11:46:47.110  1301  1370 I chatty  : uid=1000(system) ActivityManager expire 2 lines
01-05 11:46:47.111  1301  1371 I chatty  : uid=1000(system) ActivityManager expire 4 lines
01-05 11:46:47.535  1301  1356 I chatty  : uid=1000(system) android.fg expire 5 lines
01-05 11:47:13.293  1301  1405 I chatty  : uid=1000(system) PowerManagerSer expire 2 lines
01-05 11:47:23.428  1301  1825 I chatty  : uid=1000(system) InputDispatcher expire 2 lines
01-05 11:47:23.571  1301 19943 I chatty  : uid=1000(system) Binder:1301_3 expire 44 lines
01-05 11:47:24.277  1301  1360 I chatty  : uid=1000(system) android.anim expire 2 lines
01-05 11:47:24.359  1301 20059 I chatty  : uid=1000(system) Binder:1301_20 expire 8 lines
01-05 11:47:26.359  1301 19103 I chatty  : uid=1000(system) Binder:1301_1F expire 2 lines
01-05 11:47:26.856  1301 19999 I chatty  : uid=1000(system) Binder:1301_3 expire 1 line
01-05 11:47:30.505  1301  1357 I chatty  : uid=1000(system) android.ui expire 5 lines
01-05 11:47:30.513  1301  1356 I chatty  : uid=1000(system) android.fg expire 1 line
01-05 11:47:31.364  1301  4482 I chatty  : uid=1000(system) Binder:1301_11 expire 7 lines
01-05 11:47:31.755  1301 20059 I chatty  : uid=1000(system) Binder:1301_20 expire 17 lines
01-05 11:47:35.362  1301  9117 I chatty  : uid=1000(system) Binder:1301_1A expire 12 lines
01-05 11:47:36.007  1301  1930 I chatty  : uid=1000(system) ConnectivitySer expire 13 lines
01-05 11:47:41.766  1301  1359 I chatty  : uid=1000(system) android.display expire 5 lines
01-05 11:47:48.225  1301  1370 I chatty  : uid=1000(system) ActivityManager expire 2 lines
01-05 11:47:48.288  1301 20030 I chatty  : uid=1000(system) Binder:1301_3 expire 39 lines
01-05 11:47:49.368  1301 20186 I chatty  : uid=1000(system) Binder:1301_21 expire 3 lines
01-05 11:47:51.512  1301 20082 I chatty  : uid=1000(system) Binder:1301_3 expire 1 line
01-05 11:47:52.710  1301 19103 I chatty  : uid=1000(system) Binder:1301_1F expire 9 lines
01-05 11:47:52.722  1301  1360 I chatty  : uid=1000(system) android.anim expire 2 lines
01-05 11:47:52.730  1301  8488 I chatty  : uid=1000(system) Binder:1301_15 expire 5 lines
01-05 11:47:52.757  1301  8772 I chatty  : uid=1000(system) Binder:1301_18 expire 8 lines
01-05 11:47:52.757  1301  1371 I chatty  : uid=1000(system) ActivityManager expire 4 lines
01-05 11:48:08.373  1301  5546 I chatty  : uid=1000(system) Binder:1301_12 expire 3 lines
01-05 11:48:12.374  1301  5797 I chatty  : uid=1000(system) Binder:1301_13 expire 1 line
01-05 11:48:12.852  1301 20113 I chatty  : uid=1000(system) Binder:1301_3 expire 34 lines
01-05 11:48:13.375  1301  1904 I chatty  : uid=1000(system) Binder:1301_5 expire 1 line
01-05 11:48:16.136  1301 20170 I chatty  : uid=1000(system) Binder:1301_3 expire 1 line
01-05 11:48:17.500  1301  1405 I chatty  : uid=1000(system) PowerManagerSer expire 2 lines
01-05 11:48:21.377  1301  9034 I chatty  : uid=1000(system) Binder:1301_19 expire 14 lines
01-05 11:48:31.380  1301 20059 I chatty  : uid=1000(system) Binder:1301_20 expire 11 lines
01-05 11:48:33.389  1301  1930 I chatty  : uid=1000(system) ConnectivitySer expire 13 lines
01-05 11:48:38.736  1301  1370 I chatty  : uid=1000(system) ActivityManager expire 2 lines
01-05 11:48:38.792  1301 20209 I chatty  : uid=1000(system) Binder:1301_3 expire 39 lines
01-05 11:48:39.383  1301 20186 I chatty  : uid=1000(system) Binder:1301_21 expire 12 lines
01-05 11:48:42.111  1301 20260 I chatty  : uid=1000(system) Binder:1301_3 expire 1 line
01-05 11:48:44.864  1301  1405 I chatty  : uid=1000(system) PowerManagerSer expire 2 lines
01-05 11:48:47.559  1301  1357 I chatty  : uid=1000(system) android.ui expire 5 lines
01-05 11:48:47.662  1301  1360 I chatty  : uid=1000(system) android.anim expire 2 lines
01-05 11:48:47.671  1301  9117 I chatty  : uid=1000(system) Binder:1301_1A expire 5 lines
01-05 11:48:47.705  1301 13397 I chatty  : uid=1000(system) Binder:1301_1C expire 4 lines
01-05 11:48:47.706  1301  1371 I chatty  : uid=1000(system) ActivityManager expire 4 lines
01-05 11:48:48.062  1301  1359 I chatty  : uid=1000(system) android.display expire 3 lines
01-05 11:48:49.389  1301 10135 I chatty  : uid=1000(system) Binder:1301_1B expire 14 lines
01-05 11:48:54.388  1301 15783 I chatty  : uid=1000(system) Binder:1301_1E expire 6 lines
01-05 11:49:07.808  1301 20291 I chatty  : uid=1000(system) Binder:1301_3 expire 35 lines
01-05 11:49:10.999  1301 20345 I chatty  : uid=1000(system) Binder:1301_3 expire 1 line
01-05 11:49:11.654  1301  1386 I chatty  : uid=1000(system) batterystats-wo expire 12 lines
01-05 11:49:11.939  1301 19103 I chatty  : uid=1000(system) Binder:1301_1F expire 1 line
01-05 11:49:11.994  1301 13400 I chatty  : uid=1000(system) Binder:1301_1D expire 11 lines
01-05 11:49:21.095  1301  1386 I chatty  : uid=1000(system) batterystats-wo expire 12 lines
01-05 11:49:21.404  1301 19103 I chatty  : uid=1000(system) Binder:1301_1F expire 20 lines
01-05 11:49:21.923  1301 20059 I chatty  : uid=1000(system) Binder:1301_20 expire 15 lines
01-05 11:49:22.979  1301  8772 I chatty  : uid=1000(system) Binder:1301_18 expire 2 lines
01-05 11:49:22.980  1301  1371 I chatty  : uid=1000(system) ActivityManager expire 10 lines
01-05 11:49:22.985  1301 15783 I chatty  : uid=1000(system) Binder:1301_1E expire 10 lines
01-05 11:49:23.405  1301  9117 I chatty  : uid=1000(system) Binder:1301_1A expire 10 lines
01-05 11:49:24.777  1301  1930 I chatty  : uid=1000(system) ConnectivitySer expire 9 lines
01-05 11:49:35.096  1301  1370 I chatty  : uid=1000(system) ActivityManager expire 2 lines
01-05 11:49:35.214  1301  9034 I chatty  : uid=1000(system) Binder:1301_19 expire 4 lines
01-05 11:49:35.300  1301  8689 I chatty  : uid=1000(system) Binder:1301_17 expire 4 lines
01-05 11:49:35.303 20439 20439 D ActivityThread: Loading provider contacts;com.android.contacts: com.android.providers.contacts.ContactsProvider2
01-05 11:49:37.042  1301  1356 I chatty  : uid=1000(system) android.fg expire 2 lines
01-05 11:49:37.045  1301  1357 I chatty  : uid=1000(system) android.ui expire 3 lines
01-05 11:49:37.411  1301 13397 I chatty  : uid=1000(system) Binder:1301_1C expire 2 lines
01-05 11:49:39.006  1301  1359 I chatty  : uid=1000(system) android.display expire 7 lines
01-05 11:49:40.854  1301  4315 I chatty  : uid=1000(system) Binder:1301_10 expire 3 lines
01-05 11:49:40.875  1301  5797 I chatty  : uid=1000(system) Binder:1301_13 expire 2 lines
01-05 11:49:41.395  1301  5546 I chatty  : uid=1000(system) Binder:1301_12 expire 3 lines
01-05 11:49:41.467  6862 20500 F libc    : Fatal signal 6 (SIGABRT), code -1 (SI_QUEUE) in tid 20500 (DefaultDispatch), pid 6862 (om.osfans.trime)
01-05 11:49:41.508 20505 20505 F DEBUG   : *** *** *** *** *** *** *** *** *** *** *** *** *** *** *** ***
01-05 11:49:41.508 20505 20505 F DEBUG   : LineageOS Version: '18.1-20211028-NIGHTLY-kebab'
01-05 11:49:41.508 20505 20505 F DEBUG   : Build fingerprint: 'OnePlus/OnePlus8T_EEA/OnePlus8T:11/RP1A.201005.001/2011101425:user/release-keys'
01-05 11:49:41.508 20505 20505 F DEBUG   : Revision: '0'
01-05 11:49:41.508 20505 20505 F DEBUG   : ABI: 'arm64'
01-05 11:49:41.508 20505 20505 F DEBUG   : Timestamp: 2022-01-05 11:49:41+0800
01-05 11:49:41.508 20505 20505 F DEBUG   : pid: 6862, tid: 20500, name: DefaultDispatch  >>> com.osfans.trime <<<
01-05 11:49:41.508 20505 20505 F DEBUG   : uid: 10200
01-05 11:49:41.508 20505 20505 F DEBUG   : signal 6 (SIGABRT), code -1 (SI_QUEUE), fault addr --------
01-05 11:49:41.508 20505 20505 F DEBUG   : Abort message: 'terminating with uncaught exception of type opencc::InvalidFormat'
01-05 11:49:41.508 20505 20505 F DEBUG   :     x0  0000000000000000  x1  0000000000005014  x2  0000000000000006  x3  0000006eed076480
01-05 11:49:41.508 20505 20505 F DEBUG   :     x4  fefefefefefeff73  x5  fefefefefefeff73  x6  fefefefefefeff73  x7  7f7f7f7f7f7f7f7f
01-05 11:49:41.508 20505 20505 F DEBUG   :     x8  00000000000000f0  x9  f4b26639211e994b  x10 0000000000000000  x11 ffffffc0fffffbdf
01-05 11:49:41.508 20505 20505 F DEBUG   :     x12 0000000000000001  x13 0000000061d51555  x14 001b8b4e311d9ec9  x15 000047d61894dfa3
