01-04 22:54:53.344  1301  1359 I chatty  : uid=1000(system) android.display expire 8 lines
01-04 22:54:53.345  1301  1371 I chatty  : uid=1000(system) ActivityManager expire 6 lines
01-04 22:54:53.457  1301  8689 I chatty  : uid=1000(system) Binder:1301_17 expire 1 line
01-04 22:54:53.478  1301  1369 I chatty  : uid=1000(system) android.bg expire 1 line
01-04 22:54:53.485  1301  4482 I chatty  : uid=1000(system) Binder:1301_11 expire 6 lines
01-04 22:54:53.637  1301  2255 I chatty  : uid=1000(system) Binder:1301_7 expire 28 lines
01-04 22:54:54.357 27287 29252 W ActivityThread: ClassLoader.getResources: The class loader returned by Thread.getContextClassLoader() may fail for processes that host multiple applications. You should explicitly specify a context class loader. For example: Thread.setContextClassLoader(getClass().getClassLoader());
01-04 22:54:54.922  1301 13400 I chatty  : uid=1000(system) Binder:1301_1D expire 7 lines
01-04 22:54:55.441  1301  1357 I chatty  : uid=1000(system) android.ui expire 2 lines
01-04 22:54:55.921  1301  1904 I chatty  : uid=1000(system) Binder:1301_5 expire 1 line
01-04 22:54:58.922  1301 19103 I chatty  : uid=1000(system) Binder:1301_1F expire 19 lines
01-04 22:55:02.159  1301  9117 I chatty  : uid=1000(system) Binder:1301_1A expire 8 lines
01-04 22:55:44.467  1301  1826 I chatty  : uid=1000(system) InputReader expire 2 lines
01-04 22:55:44.911  1301  1405 I chatty  : uid=1000(system) PowerManagerSer expire 12 lines
01-04 22:55:45.214  1301  1356 I chatty  : uid=1000(system) android.fg expire 2 lines
01-04 22:55:45.349  1301  4315 I chatty  : uid=1000(system) Binder:1301_10 expire 1 line
01-04 22:55:45.355  1301  1301 I chatty  : uid=1000(system) Binder:1301_3 expire 12 lines
01-04 23:28:27.781  1301  1663 I chatty  : uid=1000(system) AlarmManager expire 2 lines
01-04 23:28:27.783  1301  1370 I chatty  : uid=1000(system) ActivityManager expire 3 lines
01-04 23:51:10.859  1301  1828 I chatty  : uid=1000(system) NetworkWatchlis expire 2 lines
01-04 23:51:10.898  1301 29666 I chatty  : uid=1000(system) AsyncTask #9 expire 87 lines
01-04 23:51:38.569  1301 20059 I chatty  : uid=1000(system) Binder:1301_20 expire 1 line
01-04 23:58:17.849  1301  1386 I chatty  : uid=1000(system) batterystats-wo expire 2 lines
01-05 00:02:49.749  1301 20186 I chatty  : uid=1000(system) Binder:1301_21 expire 1 line
01-05 00:08:51.697  1301  1370 I chatty  : uid=1000(system) ActivityManager expire 5 lines
01-05 00:08:51.710  1301  5546 I chatty  : uid=1000(system) Binder:1301_12 expire 4 lines
01-05 00:08:51.710  1301  1371 I chatty  : uid=1000(system) ActivityManager expire 6 lines
01-05 00:08:52.555  1301  1386 I chatty  : uid=1000(system) batterystats-wo expire 10 lines
01-05 00:09:02.122  1301  1301 I chatty  : uid=1000(system) Binder:1301_3 expire 1 line
01-05 00:22:06.416  1301  1369 I chatty  : uid=1000(system) android.bg expire 1 line
01-05 00:59:02.033  1301  1904 I chatty  : uid=1000(system) Binder:1301_5 expire 4 lines
01-05 00:59:13.348  1301 20059 I chatty  : uid=1000(system) Binder:1301_20 expire 2 lines
01-05 00:59:13.420  1301  2258 I chatty  : uid=1000(system) Binder:1301_9 expire 3 lines
01-05 00:59:13.591 30082 30173 E ActivityThread: Failed to find provider info for com.tencent.mm.waidProvider
01-05 01:02:14.703  1301  1386 I chatty  : uid=1000(system) batterystats-wo expire 4 lines
01-05 01:30:16.501  1301  1358 I chatty  : uid=1000(system) android.io expire 456 lines
01-05 01:39:32.977  1301  1386 I chatty  : uid=1000(system) batterystats-wo expire 38 lines
01-05 02:17:59.696  1301 10135 I chatty  : uid=1000(system) Binder:1301_1B expire 4 lines
01-05 02:55:46.608  1301  1663 I chatty  : uid=1000(system) AlarmManager expire 1 line
01-05 02:55:49.679  1301  2020 I chatty  : uid=1000(system) Binder:1301_6 expire 7 lines
01-05 02:55:52.088  1301  4482 I chatty  : uid=1000(system) Binder:1301_11 expire 10 lines
01-05 02:55:52.089  1301  1930 I chatty  : uid=1000(system) ConnectivitySer expire 3 lines
01-05 03:03:18.546  1301 13397 I chatty  : uid=1000(system) Binder:1301_1C expire 10 lines
01-05 03:16:35.688  1301 20186 I chatty  : uid=1000(system) Binder:1301_21 expire 6 lines
01-05 06:13:18.166  1301  1826 I chatty  : uid=1000(system) InputReader expire 6 lines
01-05 06:13:18.207  1301  1405 I chatty  : uid=1000(system) PowerManagerSer expire 18 lines
01-05 06:13:18.275  1301  1359 I chatty  : uid=1000(system) android.display expire 6 lines
01-05 06:13:18.413  1301  1356 I chatty  : uid=1000(system) android.fg expire 8 lines
01-05 06:13:18.453  1301  8488 I chatty  : uid=1000(system) Binder:1301_15 expire 4 lines
01-05 06:13:28.592  1301  1301 I chatty  : uid=1000(system) Binder:1301_3 expire 13 lines
01-05 06:13:28.880  1301  1904 I chatty  : uid=1000(system) Binder:1301_5 expire 3 lines
01-05 06:13:31.356  1301 20059 I chatty  : uid=1000(system) Binder:1301_20 expire 4 lines
01-05 06:28:52.785  1301  5546 I chatty  : uid=1000(system) Binder:1301_12 expire 2 lines
01-05 06:28:56.676  1301  2676 I chatty  : uid=1000(system) Binder:1301_C expire 14 lines
01-05 06:29:02.680  1301  8488 I chatty  : uid=1000(system) Binder:1301_15 expire 6 lines
01-05 06:29:04.680  1301 20186 I chatty  : uid=1000(system) Binder:1301_21 expire 4 lines
01-05 06:29:07.174  1301  1357 I chatty  : uid=1000(system) android.ui expire 3 lines
01-05 06:29:15.688  1301  2258 I chatty  : uid=1000(system) Binder:1301_9 expire 10 lines
01-05 06:29:17.689  1301  2020 I chatty  : uid=1000(system) Binder:1301_6 expire 16 lines
01-05 06:29:31.930  1301  1930 I chatty  : uid=1000(system) ConnectivitySer expire 12 lines
01-05 06:29:46.406  1301  1826 I chatty  : uid=1000(system) InputReader expire 8 lines
01-05 06:29:46.861  1301  1405 I chatty  : uid=1000(system) PowerManagerSer expire 12 lines
01-05 06:29:46.915  1301  1386 I chatty  : uid=1000(system) batterystats-wo expire 8 lines
01-05 06:29:46.972  1301  1359 I chatty  : uid=1000(system) android.display expire 10 lines
01-05 06:29:47.163  1301  1356 I chatty  : uid=1000(system) android.fg expire 12 lines
01-05 06:29:47.279  1301  4482 I chatty  : uid=1000(system) Binder:1301_11 expire 3 lines
01-05 06:29:47.286  1301  1301 I chatty  : uid=1000(system) Binder:1301_3 expire 18 lines
01-05 06:32:31.949  1301  9034 I chatty  : uid=1000(system) Binder:1301_19 expire 8 lines
01-05 06:32:33.265  2086  2086 W FingerprintManager: Invalid acquired message: 6, 5
01-05 06:32:33.569  1301  2020 I chatty  : uid=1000(system) Binder:1301_6 expire 14 lines
01-05 06:32:34.147  1301  2676 I chatty  : uid=1000(system) Binder:1301_C expire 2 lines
01-05 06:32:34.567  1301  1904 I chatty  : uid=1000(system) Binder:1301_5 expire 1 line
01-05 06:32:34.923  1301  8487 I chatty  : uid=1000(system) Binder:1301_14 expire 1 line
01-05 06:32:34.924  1301 20059 I chatty  : uid=1000(system) Binder:1301_20 expire 2 lines
01-05 06:32:34.949  1301  2467 I chatty  : uid=1000(system) Binder:1301_A expire 2 lines
01-05 06:32:35.789  1301 13397 I chatty  : uid=1000(system) Binder:1301_1C expire 12 lines
01-05 06:32:35.790  1301  1371 I chatty  : uid=1000(system) ActivityManager expire 2 lines
01-05 06:32:35.951  1301 10135 I chatty  : uid=1000(system) Binder:1301_1B expire 7 lines
01-05 06:32:37.557 27287 27287 W ViewRootImpl[HomeActivity]: Dropping event due to root view being removed: KeyEvent { action=ACTION_UP, keyCode=KEYCODE_ENTER, scanCode=0, metaState=0, flags=0x16, repeatCount=0, eventTime=480970802, downTime=480970802, deviceId=-1, source=0x0, displayId=0 }
01-05 06:32:45.955  1301  3001 I chatty  : uid=1000(system) Binder:1301_F expire 4 lines
01-05 06:32:46.586  1301  1405 I chatty  : uid=1000(system) PowerManagerSer expire 12 lines
01-05 06:33:24.830   853   853 E iardb   : [iar_db_get_iar_state] failed to open file /mnt/vendor/spunvm/iar_db/iar_state.bin [2] [No such file or directory]
01-05 06:33:24.830   853   853 D iarlib  : [iar_get_state] Can't get iar_state, return DISABLED
01-05 06:33:24.830   853   853 I iarlib  : [iar_check_spu_images_update] IAR is NOT Activated.
01-05 06:33:24.850  1301  1301 I chatty  : uid=1000(system) Binder:1301_3 expire 1 line
01-05 06:33:24.920  1301 13397 I chatty  : uid=1000(system) Binder:1301_1C expire 5 lines
01-05 06:33:24.920  1301  1930 I chatty  : uid=1000(system) ConnectivitySer expire 11 lines
01-05 06:33:31.708  1301 20059 I chatty  : uid=1000(system) Binder:1301_20 expire 2 lines
01-05 06:33:32.707  1301  2467 I chatty  : uid=1000(system) Binder:1301_A expire 13 lines
01-05 06:33:33.710  1301 13397 I chatty  : uid=1000(system) Binder:1301_1C expire 1 line
01-05 06:33:36.712  1301  9034 I chatty  : uid=1000(system) Binder:1301_19 expire 27 lines
01-05 06:33:43.710  1301  1826 I chatty  : uid=1000(system) InputReader expire 6 lines
01-05 06:33:44.164  1301  1405 I chatty  : uid=1000(system) PowerManagerSer expire 26 lines
01-05 06:33:44.229  1301  1386 I chatty  : uid=1000(system) batterystats-wo expire 15 lines
01-05 06:33:44.292  1301  1359 I chatty  : uid=1000(system) android.display expire 12 lines
01-05 06:33:44.484  1301  1356 I chatty  : uid=1000(system) android.fg expire 10 lines
01-05 06:33:44.598  1301 13400 I chatty  : uid=1000(system) Binder:1301_1D expire 9 lines
01-05 06:33:44.603  1301  1301 I chatty  : uid=1000(system) Binder:1301_3 expire 14 lines
01-05 06:38:13.497  1301  2676 I chatty  : uid=1000(system) Binder:1301_C expire 10 lines
01-05 06:52:43.421  1301  1357 I chatty  : uid=1000(system) android.ui expire 2 lines
01-05 06:52:43.647  1301  2255 I chatty  : uid=1000(system) Binder:1301_7 expire 5 lines
01-05 06:53:21.129  2086  2086 W FingerprintManager: Invalid acquired message: 6, 5
01-05 06:53:21.428  1301  1370 I chatty  : uid=1000(system) ActivityManager expire 1 line
01-05 06:53:21.457  1301  2467 I chatty  : uid=1000(system) Binder:1301_A expire 3 lines
01-05 06:53:23.187  1301  1356 I chatty  : uid=1000(system) android.fg expire 4 lines
01-05 06:53:23.704  1301  1371 I chatty  : uid=1000(system) ActivityManager expire 5 lines
01-05 06:53:23.871 21379 22246 E ActivityThread: Failed to find provider info for com.tencent.mm.waidProvider
01-05 06:53:23.993  1301  1930 I chatty  : uid=1000(system) ConnectivitySer expire 13 lines
01-05 06:53:24.205  1301  2676 I chatty  : uid=1000(system) Binder:1301_C expire 2 lines
01-05 06:53:24.346  1301 20186 I chatty  : uid=1000(system) Binder:1301_21 expire 11 lines
01-05 06:53:49.349   853   853 E spcomlib: [spcom_wait_for_event] event [0] [pil_called] EVENT_STATUS_TIMEOUT
01-05 06:53:49.350   853   853 E spcomlib: [spcom_wait_for_sp_link_up] PIL not called !
01-05 06:53:49.351   853   853 E iarlib  : [iar_store_new_images_cmac] ion_buf is NULL
01-05 06:53:49.374  1301 20186 I chatty  : uid=1000(system) Binder:1301_21 expire 2 lines
01-05 06:53:49.939  1301  1405 I chatty  : uid=1000(system) PowerManagerSer expire 9 lines
01-05 06:53:50.373  1301  9034 I chatty  : uid=1000(system) Binder:1301_19 expire 6 lines
01-05 06:53:52.552  1301  1930 I chatty  : uid=1000(system) ConnectivitySer expire 2 lines
01-05 06:53:56.470  1301  1386 I chatty  : uid=1000(system) batterystats-wo expire 2 lines
01-05 06:53:56.781  1301  1301 I chatty  : uid=1000(system) Binder:1301_3 expire 3 lines
01-05 06:53:56.840  1301  3001 I chatty  : uid=1000(system) Binder:1301_F expire 15 lines
01-05 06:53:56.851  1301  1371 I chatty  : uid=1000(system) ActivityManager expire 3 lines
01-05 06:53:56.912  1301  2467 I chatty  : uid=1000(system) Binder:1301_A expire 27 lines
01-05 06:53:56.946  1301  1930 I chatty  : uid=1000(system) ConnectivitySer expire 22 lines
01-05 06:54:01.458  1301  1359 I chatty  : uid=1000(system) android.display expire 5 lines
01-05 06:54:01.529  1301  1386 I chatty  : uid=1000(system) batterystats-wo expire 8 lines
01-05 06:59:03.287  1301  1826 I chatty  : uid=1000(system) InputReader expire 4 lines
01-05 06:59:03.327  1301  1405 I chatty  : uid=1000(system) PowerManagerSer expire 7 lines
01-05 06:59:03.409  1301  1301 I chatty  : uid=1000(system) Binder:1301_3 expire 16 lines
01-05 06:59:03.409  1301  1357 I chatty  : uid=1000(system) android.ui expire 7 lines
01-05 06:59:03.477  1301 20186 I chatty  : uid=1000(system) Binder:1301_21 expire 9 lines
01-05 06:59:03.570  1301  1356 I chatty  : uid=1000(system) android.fg expire 6 lines
01-05 06:59:05.239  2086  2086 W FingerprintManager: Invalid acquired message: 6, 5
01-05 06:59:05.547  1301  2020 I chatty  : uid=1000(system) Binder:1301_6 expire 31 lines
01-05 06:59:05.553  1301  1370 I chatty  : uid=1000(system) ActivityManager expire 1 line
01-05 06:59:05.638  1301  9034 I chatty  : uid=1000(system) Binder:1301_19 expire 18 lines
01-05 06:59:19.522  1301  2255 I chatty  : uid=1000(system) Binder:1301_7 expire 6 lines
01-05 06:59:52.545  1301 13400 I chatty  : uid=1000(system) Binder:1301_1D expire 14 lines
01-05 06:59:58.548  1301 13397 I chatty  : uid=1000(system) Binder:1301_1C expire 11 lines
01-05 07:00:25.835  1301  2698 I chatty  : uid=1000(system) BluetoothRouteM expire 1 line
01-05 07:00:25.836  1301  2717 I chatty  : uid=1000(system) uteStateMachine expire 10 lines
01-05 07:00:46.122  1301  1405 I chatty  : uid=1000(system) PowerManagerSer expire 11 lines
01-05 07:00:46.189  1301  1386 I chatty  : uid=1000(system) batterystats-wo expire 19 lines
01-05 07:00:46.244  1301  1359 I chatty  : uid=1000(system) android.display expire 8 lines
01-05 07:00:46.420  1301  1356 I chatty  : uid=1000(system) android.fg expire 14 lines
01-05 07:00:46.532  1301 13400 I chatty  : uid=1000(system) Binder:1301_1D expire 1 line
01-05 07:00:46.539  1301  1301 I chatty  : uid=1000(system) Binder:1301_3 expire 12 lines
01-05 07:00:48.479  1301  1369 I chatty  : uid=1000(system) android.bg expire 1 line
01-05 07:02:19.901  1301  2467 I chatty  : uid=1000(system) Binder:1301_A expire 10 lines
01-05 07:02:20.907  1301  1370 I chatty  : uid=1000(system) ActivityManager expire 6 lines
01-05 07:02:20.909  1301  1371 I chatty  : uid=1000(system) ActivityManager expire 6 lines
01-05 07:02:21.176  1301  3001 I chatty  : uid=1000(system) Binder:1301_F expire 13 lines
01-05 07:02:21.284  1301  2020 I chatty  : uid=1000(system) Binder:1301_6 expire 9 lines
01-05 07:02:31.963  1301  1879 I chatty  : uid=1000(system) Binder:1301_4 expire 7 lines
01-05 07:02:31.963  1301  3000 I chatty  : uid=1000(system) Binder:1301_E expire 13 lines
01-05 07:02:31.968  1301  1930 I chatty  : uid=1000(system) ConnectivitySer expire 9 lines
01-05 07:02:51.678  1301  1826 I chatty  : uid=1000(system) InputReader expire 2 lines
01-05 07:02:51.863  1301  2258 I chatty  : uid=1000(system) Binder:1301_9 expire 2 lines
01-05 07:02:52.863  1301  8488 I chatty  : uid=1000(system) Binder:1301_15 expire 11 lines
01-05 07:02:53.374  2086  2086 W FingerprintManager: Invalid acquired message: 6, 5
01-05 07:02:54.568  1301  1357 I chatty  : uid=1000(system) android.ui expire 13 lines
01-05 07:02:56.867  1301  2676 I chatty  : uid=1000(system) Binder:1301_C expire 13 lines
01-05 07:02:57.868  1301  2255 I chatty  : uid=1000(system) Binder:1301_7 expire 3 lines
01-05 07:03:08.872  1301 20186 I chatty  : uid=1000(system) Binder:1301_21 expire 10 lines
01-05 07:03:11.875  1301  5797 I chatty  : uid=1000(system) Binder:1301_13 expire 19 lines
01-05 07:03:30.888  1301  9034 I chatty  : uid=1000(system) Binder:1301_19 expire 6 lines
01-05 07:04:12.687  1301  1405 I chatty  : uid=1000(system) PowerManagerSer expire 15 lines
01-05 07:04:15.922  1301 20186 I chatty  : uid=1000(system) Binder:1301_21 expire 4 lines
01-05 07:04:16.187  1301  1930 I chatty  : uid=1000(system) ConnectivitySer expire 9 lines
01-05 07:04:16.923  1301  3001 I chatty  : uid=1000(system) Binder:1301_F expire 7 lines
01-05 07:04:19.205  1301  1386 I chatty  : uid=1000(system) batterystats-wo expire 12 lines
01-05 07:04:19.298  1301  1359 I chatty  : uid=1000(system) android.display expire 9 lines
01-05 07:04:19.483  1301  1356 I chatty  : uid=1000(system) android.fg expire 13 lines
01-05 07:04:19.533  1301  1301 I chatty  : uid=1000(system) Binder:1301_3 expire 13 lines
01-05 07:05:29.301  1301  1826 I chatty  : uid=1000(system) InputReader expire 2 lines
01-05 07:05:29.428  1301  1357 I chatty  : uid=1000(system) android.ui expire 1 line
01-05 07:05:29.682  1301  2676 I chatty  : uid=1000(system) Binder:1301_C expire 14 lines
01-05 07:05:30.516  1301  9034 I chatty  : uid=1000(system) Binder:1301_19 expire 1 line
01-05 07:05:31.040  2086  2086 W FingerprintManager: Invalid acquired message: 6, 5
01-05 07:05:31.350  1301  2255 I chatty  : uid=1000(system) Binder:1301_7 expire 5 lines
01-05 07:05:31.518  1301  3000 I chatty  : uid=1000(system) Binder:1301_E expire 5 lines
01-05 07:05:36.521  1301  8488 I chatty  : uid=1000(system) Binder:1301_15 expire 8 lines
01-05 07:05:47.986  1301  1955 I chatty  : uid=1000(system) HwBinder:1301_2 expire 4 lines
01-05 07:05:47.987  1301  2219 I chatty  : uid=1000(system) HwBinder:1301_4 expire 2 lines
01-05 07:05:48.760  1301  2060 I chatty  : uid=1000(system) UsbService host expire 2 lines
01-05 07:05:49.156  1301  1370 I chatty  : uid=1000(system) ActivityManager expire 11 lines
01-05 07:05:49.157  1301  1371 I chatty  : uid=1000(system) ActivityManager expire 10 lines
01-05 07:05:49.457  1301  1663 I chatty  : uid=1000(system) AlarmManager expire 1 line
01-05 07:05:56.535  1301  8628 I chatty  : uid=1000(system) Binder:1301_16 expire 2 lines
01-05 07:06:00.169  1301  1405 I chatty  : uid=1000(system) PowerManagerSer expire 9 lines
01-05 07:06:00.537  1301  2258 I chatty  : uid=1000(system) Binder:1301_9 expire 7 lines
01-05 07:06:02.538  1301  2467 I chatty  : uid=1000(system) Binder:1301_A expire 4 lines
01-05 07:06:06.699  1301  1386 I chatty  : uid=1000(system) batterystats-wo expire 37 lines
01-05 07:06:23.171  1301  8689 I chatty  : uid=1000(system) Binder:1301_17 expire 1 line
01-05 07:06:23.248  1301  4482 I chatty  : uid=1000(system) Binder:1301_11 expire 1 line
01-05 07:10:42.678  1301  2020 I chatty  : uid=1000(system) Binder:1301_6 expire 19 lines
01-05 07:11:03.185  1301  1826 I chatty  : uid=1000(system) InputReader expire 4 lines
01-05 07:11:03.228  1301  1405 I chatty  : uid=1000(system) PowerManagerSer expire 21 lines
01-05 07:11:03.245  1301  1386 I chatty  : uid=1000(system) batterystats-wo expire 27 lines
01-05 07:11:03.291  1301  1301 I chatty  : uid=1000(system) Binder:1301_3 expire 19 lines
01-05 07:11:03.291  1301  1357 I chatty  : uid=1000(system) android.ui expire 1 line
01-05 07:11:03.317  1301  1359 I chatty  : uid=1000(system) android.display expire 8 lines
01-05 07:11:03.351  1301  2258 I chatty  : uid=1000(system) Binder:1301_9 expire 9 lines
01-05 07:11:03.368  1301  3000 I chatty  : uid=1000(system) Binder:1301_E expire 1 line
01-05 07:11:03.461  1301  1356 I chatty  : uid=1000(system) android.fg expire 14 lines
01-05 07:11:03.506  1301  2255 I chatty  : uid=1000(system) Binder:1301_7 expire 12 lines
01-05 07:11:04.368  1301  2467 I chatty  : uid=1000(system) Binder:1301_A expire 10 lines
01-05 07:11:04.609  1301  1370 I chatty  : uid=1000(system) ActivityManager expire 11 lines
01-05 07:11:09.161  1301  1955 I chatty  : uid=1000(system) HwBinder:1301_2 expire 1 line
01-05 07:11:09.325  1301  1930 I chatty  : uid=1000(system) ConnectivitySer expire 5 lines
01-05 07:11:13.885  1301  3068 I chatty  : uid=1000(system) AdbDebuggingMan expire 1 line
01-05 07:11:20.377  1301  8689 I chatty  : uid=1000(system) Binder:1301_17 expire 13 lines
01-05 07:13:06.895  1301  1371 I chatty  : uid=1000(system) ActivityManager expire 8 lines
01-05 07:13:17.268  1301  2676 I chatty  : uid=1000(system) Binder:1301_C expire 1 line
01-05 07:14:02.130  1301 13397 I chatty  : uid=1000(system) Binder:1301_1C expire 1 line
01-05 07:14:02.226  1301  9034 I chatty  : uid=1000(system) Binder:1301_19 expire 5 lines
01-05 07:14:06.688  1301  1904 I chatty  : uid=1000(system) Binder:1301_5 expire 2 lines
01-05 07:15:04.114  1301  2717 I chatty  : uid=1000(system) uteStateMachine expire 12 lines
01-05 07:15:04.121  1301  2698 I chatty  : uid=1000(system) BluetoothRouteM expire 1 line
01-05 07:15:06.074  1301  8487 I chatty  : uid=1000(system) Binder:1301_14 expire 2 lines
01-05 07:15:12.172  1301  1358 I chatty  : uid=1000(system) android.io expire 36 lines
01-05 07:15:12.433  1301  1826 I chatty  : uid=1000(system) InputReader expire 6 lines
01-05 07:15:12.882  1301  1405 I chatty  : uid=1000(system) PowerManagerSer expire 24 lines
01-05 07:15:12.948  1301  1386 I chatty  : uid=1000(system) batterystats-wo expire 54 lines
01-05 07:15:12.978  1301  3000 I chatty  : uid=1000(system) Binder:1301_E expire 1 line
01-05 07:15:13.012  1301  1359 I chatty  : uid=1000(system) android.display expire 7 lines
01-05 07:15:13.207  1301  1356 I chatty  : uid=1000(system) android.fg expire 10 lines
01-05 07:15:13.306  1301  1904 I chatty  : uid=1000(system) Binder:1301_5 expire 5 lines
01-05 07:15:13.313  1301  1301 I chatty  : uid=1000(system) Binder:1301_3 expire 17 lines
01-05 07:18:32.316  1301  1370 I chatty  : uid=1000(system) ActivityManager expire 5 lines
01-05 07:19:14.380  1301  8487 I chatty  : uid=1000(system) Binder:1301_14 expire 4 lines
01-05 07:19:58.917  1301  2467 I chatty  : uid=1000(system) Binder:1301_A expire 18 lines
01-05 07:20:00.917  1301  2258 I chatty  : uid=1000(system) Binder:1301_9 expire 1 line
01-05 07:20:01.885  1301  1930 I chatty  : uid=1000(system) ConnectivitySer expire 2 lines
01-05 07:20:02.251  1301  2698 I chatty  : uid=1000(system) BluetoothRouteM expire 1 line
01-05 07:20:02.252  1301  2717 I chatty  : uid=1000(system) uteStateMachine expire 10 lines
01-05 07:20:48.525  1301  1369 I chatty  : uid=1000(system) android.bg expire 1 line
01-05 07:21:07.249  1301  1371 I chatty  : uid=1000(system) ActivityManager expire 4 lines
01-05 07:25:09.024  1301 20186 I chatty  : uid=1000(system) Binder:1301_21 expire 2 lines
01-05 07:25:43.930  1301  1357 I chatty  : uid=1000(system) android.ui expire 1 line
01-05 07:25:44.985  1301  8628 I chatty  : uid=1000(system) Binder:1301_16 expire 11 lines
01-05 07:25:45.987  1301  3001 I chatty  : uid=1000(system) Binder:1301_F expire 15 lines
01-05 07:25:46.966  1301  1930 I chatty  : uid=1000(system) ConnectivitySer expire 2 lines
01-05 07:25:46.989  1301 20186 I chatty  : uid=1000(system) Binder:1301_21 expire 20 lines
01-05 07:25:54.340  1301  1955 I chatty  : uid=1000(system) HwBinder:1301_2 expire 1 line
01-05 07:25:54.340  1301  1356 I chatty  : uid=1000(system) android.fg expire 13 lines
01-05 07:25:55.388  1301  3068 I chatty  : uid=1000(system) AdbDebuggingMan expire 1 line
01-05 07:25:58.403  1301  1357 I chatty  : uid=1000(system) android.ui expire 1 line
01-05 07:25:59.072  1301  2467 I chatty  : uid=1000(system) Binder:1301_A expire 1 line
01-05 07:25:59.115  1301  1359 I chatty  : uid=1000(system) android.display expire 12 lines
01-05 07:26:00.779  1301  1826 I chatty  : uid=1000(system) InputReader expire 8 lines
01-05 07:26:01.231  1301  1405 I chatty  : uid=1000(system) PowerManagerSer expire 12 lines
01-05 07:26:01.292  1301  1386 I chatty  : uid=1000(system) batterystats-wo expire 18 lines
01-05 07:26:01.646  1301  1301 I chatty  : uid=1000(system) Binder:1301_3 expire 16 lines
01-05 07:26:34.769  1301  2255 I chatty  : uid=1000(system) Binder:1301_7 expire 1 line
01-05 07:26:35.138  2086  2086 W FingerprintManager: Invalid acquired message: 6, 5
01-05 07:26:35.426  1301  8487 I chatty  : uid=1000(system) Binder:1301_14 expire 17 lines
01-05 07:26:56.327  1301  8628 I chatty  : uid=1000(system) Binder:1301_16 expire 2 lines
01-05 07:26:56.434  1301  1371 I chatty  : uid=1000(system) ActivityManager expire 6 lines
01-05 07:27:00.498  1301  1405 I chatty  : uid=1000(system) PowerManagerSer expire 12 lines
01-05 07:27:00.805  1301  1356 I chatty  : uid=1000(system) android.fg expire 5 lines
01-05 07:27:16.620  1301  1370 I chatty  : uid=1000(system) ActivityManager expire 1 line
01-05 07:27:39.833  1301  4482 I chatty  : uid=1000(system) Binder:1301_11 expire 4 lines
01-05 07:27:41.228  2086  2086 W FingerprintManager: Invalid acquired message: 6, 5
01-05 07:27:41.228  1301  1301 I chatty  : uid=1000(system) Binder:1301_3 expire 4 lines
01-05 07:27:41.510  1301 13397 I chatty  : uid=1000(system) Binder:1301_1C expire 1 line
01-05 07:27:41.542  1301  1904 I chatty  : uid=1000(system) Binder:1301_5 expire 9 lines
01-05 07:27:41.619  1301  1359 I chatty  : uid=1000(system) android.display expire 1 line
01-05 07:27:42.834  1301  3001 I chatty  : uid=1000(system) Binder:1301_F expire 3 lines
01-05 07:27:48.179  2954  2954 E ActivityThread: Activity com.tencent.mobileqq.gallery.view.AIOGalleryActivity has leaked IntentReceiver alve@6704c32 that was originally registered here. Are you missing a call to unregisterReceiver()?
01-05 07:27:48.179  2954  2954 E ActivityThread: android.app.IntentReceiverLeaked: Activity com.tencent.mobileqq.gallery.view.AIOGalleryActivity has leaked IntentReceiver alve@6704c32 that was originally registered here. Are you missing a call to unregisterReceiver()?
01-05 07:27:48.179  2954  2954 E ActivityThread: 	at android.app.LoadedApk$ReceiverDispatcher.<init>(LoadedApk.java:1618)
01-05 07:27:48.179  2954  2954 E ActivityThread: 	at android.app.LoadedApk.getReceiverDispatcher(LoadedApk.java:1398)
01-05 07:27:48.179  2954  2954 E ActivityThread: 	at android.app.ContextImpl.registerReceiverInternal(ContextImpl.java:1614)
01-05 07:27:48.179  2954  2954 E ActivityThread: 	at android.app.ContextImpl.registerReceiver(ContextImpl.java:1580)
01-05 07:27:48.179  2954  2954 E ActivityThread: 	at android.content.ContextWrapper.registerReceiver(ContextWrapper.java:681)
01-05 07:27:48.179  2954  2954 E ActivityThread: 	at alvd.a(P:91)
01-05 07:27:48.179  2954  2954 E ActivityThread: 	at amjl.b(P:78)
01-05 07:27:48.179  2954  2954 E ActivityThread: 	at amjl.<init>(P:70)
01-05 07:27:48.179  2954  2954 E ActivityThread: 	at amjf.a(P:109)
01-05 07:27:48.179  2954  2954 E ActivityThread: 	at aqkn.x(P:173)
01-05 07:27:48.179  2954  2954 E ActivityThread: 	at aqkn.d(P:160)
01-05 07:27:48.179  2954  2954 E ActivityThread: 	at aqje.c(P:62)
01-05 07:27:48.179  2954  2954 E ActivityThread: 	at aqjg.a(P:49)
01-05 07:27:48.179  2954  2954 E ActivityThread: 	at com.tencent.mobileqq.gallery.view.AIOGalleryActivity.onCreate(P:90)
01-05 07:27:48.179  2954  2954 E ActivityThread: 	at android.app.Activity.performCreate(Activity.java:7994)
01-05 07:27:48.179  2954  2954 E ActivityThread: 	at android.app.Activity.performCreate(Activity.java:7978)
01-05 07:27:48.179  2954  2954 E ActivityThread: 	at android.app.Instrumentation.callActivityOnCreate(Instrumentation.java:1309)
01-05 07:27:48.179  2954  2954 E ActivityThread: 	at android.app.ActivityThread.performLaunchActivity(ActivityThread.java:3404)
01-05 07:27:48.179  2954  2954 E ActivityThread: 	at android.app.ActivityThread.handleLaunchActivity(ActivityThread.java:3595)
01-05 07:27:48.179  2954  2954 E ActivityThread: 	at android.app.servertransaction.LaunchActivityItem.execute(LaunchActivityItem.java:85)
01-05 07:27:48.179  2954  2954 E ActivityThread: 	at android.app.servertransaction.TransactionExecutor.executeCallbacks(TransactionExecutor.java:135)
01-05 07:27:48.179  2954  2954 E ActivityThread: 	at android.app.servertransaction.TransactionExecutor.execute(TransactionExecutor.java:95)
01-05 07:27:48.179  2954  2954 E ActivityThread: 	at android.app.ActivityThread$H.handleMessage(ActivityThread.java:2066)
01-05 07:27:48.179  2954  2954 E ActivityThread: 	at android.os.Handler.dispatchMessage(Handler.java:106)
01-05 07:27:48.179  2954  2954 E ActivityThread: 	at android.os.Looper.loop(Looper.java:223)
01-05 07:27:48.179  2954  2954 E ActivityThread: 	at android.app.ActivityThread.main(ActivityThread.java:7664)
01-05 07:27:48.179  2954  2954 E ActivityThread: 	at java.lang.reflect.Method.invoke(Native Method)
01-05 07:27:48.179  2954  2954 E ActivityThread: 	at com.android.internal.os.RuntimeInit$MethodAndArgsCaller.run(RuntimeInit.java:592)
01-05 07:27:48.179  2954  2954 E ActivityThread: 	at com.android.internal.os.ZygoteInit.main(ZygoteInit.java:947)
01-05 07:27:51.108  1301  2717 I chatty  : uid=1000(system) uteStateMachine expire 4 lines
01-05 07:27:51.109  1301  2698 I chatty  : uid=1000(system) BluetoothRouteM expire 2 lines
01-05 07:27:51.109  1301  2717 I chatty  : uid=1000(system) uteStateMachine expire 18 lines
01-05 07:27:51.117  1301  1301 I chatty  : uid=1000(system) Binder:1301_3 expire 16 lines
01-05 07:27:51.117  1301  1370 I chatty  : uid=1000(system) ActivityManager expire 3 lines
01-05 07:27:51.841  1301  8487 I chatty  : uid=1000(system) Binder:1301_14 expire 14 lines
01-05 07:27:52.521  1301  1826 I chatty  : uid=1000(system) InputReader expire 10 lines
01-05 07:27:52.842  1301  1904 I chatty  : uid=1000(system) Binder:1301_5 expire 1 line
01-05 07:27:52.966  1301  1405 I chatty  : uid=1000(system) PowerManagerSer expire 17 lines
01-05 07:27:53.027  1301  1386 I chatty  : uid=1000(system) batterystats-wo expire 15 lines
01-05 07:27:53.104  1301  1359 I chatty  : uid=1000(system) android.display expire 8 lines
01-05 07:27:53.275  1301  1356 I chatty  : uid=1000(system) android.fg expire 19 lines
01-05 07:28:03.953  1301  1357 I chatty  : uid=1000(system) android.ui expire 5 lines
01-05 07:28:04.046  1301 13397 I chatty  : uid=1000(system) Binder:1301_1C expire 12 lines
01-05 07:28:04.152  1301  8628 I chatty  : uid=1000(system) Binder:1301_16 expire 5 lines
01-05 07:28:06.047  1301  3001 I chatty  : uid=1000(system) Binder:1301_F expire 3 lines
01-05 07:32:19.464  1777  1914 W FileUtils: Failed to chmod(/data/user/0/com.tencent.mobileqq/shared_prefs/msf_cb_report.xml): android.system.ErrnoException: chmod failed: ENOENT (No such file or directory)
01-05 07:33:25.983  1301  1386 I chatty  : uid=1000(system) batterystats-wo expire 9 lines
01-05 07:36:25.296  1301  1405 I chatty  : uid=1000(system) PowerManagerSer expire 10 lines
01-05 07:36:25.541  1301  2255 I chatty  : uid=1000(system) Binder:1301_7 expire 3 lines
01-05 07:36:28.390  1301  1930 I chatty  : uid=1000(system) ConnectivitySer expire 3 lines
01-05 07:36:28.406  1301  4482 I chatty  : uid=1000(system) Binder:1301_11 expire 3 lines
01-05 07:36:28.911  1301 20186 I chatty  : uid=1000(system) Binder:1301_21 expire 12 lines
01-05 07:36:49.747  1301  1663 I chatty  : uid=1000(system) AlarmManager expire 1 line
01-05 07:36:53.417  1301  2258 I chatty  : uid=1000(system) Binder:1301_9 expire 6 lines
01-05 07:36:56.578  1301  1359 I chatty  : uid=1000(system) android.display expire 10 lines
01-05 07:36:56.766  1301  1405 I chatty  : uid=1000(system) PowerManagerSer expire 14 lines
01-05 07:36:56.769  1301  1356 I chatty  : uid=1000(system) android.fg expire 11 lines
01-05 07:36:56.872  1301 13397 I chatty  : uid=1000(system) Binder:1301_1C expire 10 lines
01-05 07:36:56.878  1301  1301 I chatty  : uid=1000(system) Binder:1301_3 expire 14 lines
01-05 07:37:01.582  1301  1386 I chatty  : uid=1000(system) batterystats-wo expire 57 lines
01-05 07:37:15.726  1301  1826 I chatty  : uid=1000(system) InputReader expire 4 lines
01-05 07:37:15.843  1301  1357 I chatty  : uid=1000(system) android.ui expire 4 lines
01-05 07:37:15.903  1301 20186 I chatty  : uid=1000(system) Binder:1301_21 expire 1 line
01-05 07:37:16.901  1301  8628 I chatty  : uid=1000(system) Binder:1301_16 expire 5 lines
01-05 07:37:17.444  2086  2086 W FingerprintManager: Invalid acquired message: 6, 5
01-05 07:37:17.727  1301  8487 I chatty  : uid=1000(system) Binder:1301_14 expire 9 lines
01-05 07:37:17.740  1301  4482 I chatty  : uid=1000(system) Binder:1301_11 expire 10 lines
01-05 07:37:31.550  1301  1370 I chatty  : uid=1000(system) ActivityManager expire 13 lines
01-05 07:40:28.709  1301  1371 I chatty  : uid=1000(system) ActivityManager expire 12 lines
01-05 07:40:29.057  1301  2676 I chatty  : uid=1000(system) Binder:1301_C expire 3 lines
01-05 07:40:50.950  1301  3001 I chatty  : uid=1000(system) Binder:1301_F expire 3 lines
01-05 07:41:16.959  1301  2467 I chatty  : uid=1000(system) Binder:1301_A expire 1 line
01-05 07:42:50.780  1301  1904 I chatty  : uid=1000(system) Binder:1301_5 expire 1 line
01-05 07:47:39.236  1301  2521 I chatty  : uid=1000(system) Binder:1301_B expire 17 lines
01-05 07:47:39.946  1301  3001 I chatty  : uid=1000(system) Binder:1301_F expire 17 lines
01-05 07:47:43.954  1301  1370 I chatty  : uid=1000(system) ActivityManager expire 8 lines
01-05 07:47:43.955  1301  1371 I chatty  : uid=1000(system) ActivityManager expire 4 lines
01-05 07:48:15.643  1301  1386 I chatty  : uid=1000(system) batterystats-wo expire 36 lines
01-05 07:48:54.227  1301 15783 I chatty  : uid=1000(system) Binder:1301_1E expire 6 lines
01-05 07:48:58.197  1301  1369 I chatty  : uid=1000(system) android.bg expire 1 line
01-05 07:54:27.908  1301  1826 I chatty  : uid=1000(system) InputReader expire 6 lines
01-05 07:54:27.946  1301  1405 I chatty  : uid=1000(system) PowerManagerSer expire 18 lines
01-05 07:54:28.034  1301  1359 I chatty  : uid=1000(system) android.display expire 7 lines
01-05 07:54:28.052  1301  3000 I chatty  : uid=1000(system) Binder:1301_E expire 6 lines
01-05 07:54:28.087  1301  2676 I chatty  : uid=1000(system) Binder:1301_C expire 1 line
01-05 07:54:28.162  1301  1356 I chatty  : uid=1000(system) android.fg expire 8 lines
01-05 07:54:29.988  1301  1301 I chatty  : uid=1000(system) Binder:1301_3 expire 16 lines
01-05 07:54:29.988  2086  2086 W FingerprintManager: Invalid acquired message: 6, 5
01-05 07:54:32.413  1301  1386 I chatty  : uid=1000(system) batterystats-wo expire 15 lines
01-05 07:54:47.153  1301  2717 I chatty  : uid=1000(system) uteStateMachine expire 12 lines
01-05 07:54:47.159  1301  2698 I chatty  : uid=1000(system) BluetoothRouteM expire 1 line
01-05 07:54:49.326  1301  1358 I chatty  : uid=1000(system) android.io expire 3 lines
01-05 07:58:16.367  2086  2086 W FingerprintManager: Invalid acquired message: 6, 5
01-05 07:58:16.367  1301  1301 I chatty  : uid=1000(system) Binder:1301_3 expire 4 lines
01-05 07:58:17.654  1301  2020 I chatty  : uid=1000(system) Binder:1301_6 expire 3 lines
01-05 07:58:35.671  1301  2521 I chatty  : uid=1000(system) Binder:1301_B expire 6 lines
01-05 07:58:36.670  1301  2676 I chatty  : uid=1000(system) Binder:1301_C expire 10 lines
01-05 07:58:41.625  1301  1405 I chatty  : uid=1000(system) PowerManagerSer expire 14 lines
01-05 07:58:42.822  1301  1386 I chatty  : uid=1000(system) batterystats-wo expire 12 lines
01-05 07:58:42.988  1301  1356 I chatty  : uid=1000(system) android.fg expire 10 lines
01-05 07:58:43.677  1301  1904 I chatty  : uid=1000(system) Binder:1301_5 expire 3 lines
01-05 07:58:45.677  1301  3001 I chatty  : uid=1000(system) Binder:1301_F expire 2 lines
01-05 07:58:47.027  1301  1357 I chatty  : uid=1000(system) android.ui expire 2 lines
01-05 07:58:50.185  1301  1826 I chatty  : uid=1000(system) InputReader expire 6 lines
01-05 07:58:50.678  1301  3000 I chatty  : uid=1000(system) Binder:1301_E expire 4 lines
01-05 07:58:50.752  1301  1359 I chatty  : uid=1000(system) android.display expire 10 lines
01-05 07:58:51.052  1301  1301 I chatty  : uid=1000(system) Binder:1301_3 expire 12 lines
01-05 08:01:17.245  1301 15783 I chatty  : uid=1000(system) Binder:1301_1E expire 6 lines
01-05 08:01:18.987  2086  2086 W FingerprintManager: Invalid acquired message: 6, 5
01-05 08:01:24.472  1301  1405 I chatty  : uid=1000(system) PowerManagerSer expire 6 lines
01-05 08:01:24.522  1301  1386 I chatty  : uid=1000(system) batterystats-wo expire 42 lines
01-05 08:01:36.491  1301  1370 I chatty  : uid=1000(system) ActivityManager expire 9 lines
01-05 08:01:36.718  1301  2676 I chatty  : uid=1000(system) Binder:1301_C expire 1 line
01-05 08:04:29.699  1301  2255 I chatty  : uid=1000(system) Binder:1301_7 expire 2 lines
01-05 08:04:30.668  1301  1369 I chatty  : uid=1000(system) android.bg expire 1 line
01-05 08:04:30.705  1301  1371 I chatty  : uid=1000(system) ActivityManager expire 8 lines
01-05 08:04:30.984  1301 19103 I chatty  : uid=1000(system) Binder:1301_1F expire 2 lines
01-05 08:04:41.677  1301  4315 I chatty  : uid=1000(system) Binder:1301_10 expire 7 lines
01-05 08:04:53.034  1301  9117 I chatty  : uid=1000(system) Binder:1301_1A expire 3 lines
01-05 08:09:05.027  1301  1386 I chatty  : uid=1000(system) batterystats-wo expire 21 lines
01-05 08:10:56.746  1301  1826 I chatty  : uid=1000(system) InputReader expire 4 lines
01-05 08:10:56.790  1301  1405 I chatty  : uid=1000(system) PowerManagerSer expire 20 lines
01-05 08:10:56.865  1301  1359 I chatty  : uid=1000(system) android.display expire 4 lines
01-05 08:10:56.871  1301  1301 I chatty  : uid=1000(system) Binder:1301_3 expire 17 lines
01-05 08:10:56.916  1301  5546 I chatty  : uid=1000(system) Binder:1301_12 expire 1 line
01-05 08:10:56.928  1301  8628 I chatty  : uid=1000(system) Binder:1301_16 expire 11 lines
01-05 08:10:56.995  1301  1356 I chatty  : uid=1000(system) android.fg expire 10 lines
01-05 08:10:59.936  1301  4315 I chatty  : uid=1000(system) Binder:1301_10 expire 9 lines
01-05 08:11:15.352  1301  1357 I chatty  : uid=1000(system) android.ui expire 2 lines
01-05 08:11:15.432  1301  1331 I chatty  : uid=1000(system) Binder:1301_2 expire 5 lines
01-05 08:11:16.435  1301  8772 I chatty  : uid=1000(system) Binder:1301_18 expire 3 lines
01-05 08:11:17.435  1301  2255 I chatty  : uid=1000(system) Binder:1301_7 expire 2 lines
01-05 08:11:17.777  1301  1370 I chatty  : uid=1000(system) ActivityManager expire 2 lines
01-05 08:11:17.829  1301  8488 I chatty  : uid=1000(system) Binder:1301_15 expire 1 line
01-05 08:11:18.912  1301  1930 I chatty  : uid=1000(system) ConnectivitySer expire 6 lines
01-05 08:11:20.434  1301  2677 I chatty  : uid=1000(system) Binder:1301_D expire 2 lines
01-05 08:11:26.666  1301 13397 I chatty  : uid=1000(system) Binder:1301_1C expire 22 lines
01-05 08:11:27.437  1301  8487 I chatty  : uid=1000(system) Binder:1301_14 expire 4 lines
01-05 08:11:29.440  1301  2676 I chatty  : uid=1000(system) Binder:1301_C expire 5 lines
01-05 08:11:29.910 27287 27287 W ViewRootImpl[HomeActivity]: Dropping event due to root view being removed: KeyEvent { action=ACTION_UP, keyCode=KEYCODE_ENTER, scanCode=0, metaState=0, flags=0x16, repeatCount=0, eventTime=484623240, downTime=484623240, deviceId=-1, source=0x0, displayId=0 }
01-05 08:11:32.441  1301 20059 I chatty  : uid=1000(system) Binder:1301_20 expire 12 lines
01-05 08:11:43.261 27287 27287 W ViewRootImpl[HomeActivity]: Dropping event due to root view being removed: KeyEvent { action=ACTION_UP, keyCode=KEYCODE_ENTER, scanCode=0, metaState=0, flags=0x16, repeatCount=0, eventTime=484636595, downTime=484636595, deviceId=-1, source=0x0, displayId=0 }
01-05 08:11:44.445  1301 19103 I chatty  : uid=1000(system) Binder:1301_1F expire 14 lines
01-05 08:11:47.828  1301  1386 I chatty  : uid=1000(system) batterystats-wo expire 3 lines
01-05 08:12:19.467  1301 19103 I chatty  : uid=1000(system) Binder:1301_1F expire 33 lines
01-05 08:12:20.471  1301 13397 I chatty  : uid=1000(system) Binder:1301_1C expire 24 lines
01-05 08:12:33.474  1301  2676 I chatty  : uid=1000(system) Binder:1301_C expire 7 lines
01-05 08:12:40.479  1301  8487 I chatty  : uid=1000(system) Binder:1301_14 expire 13 lines
01-05 08:12:42.484  1301 20059 I chatty  : uid=1000(system) Binder:1301_20 expire 4 lines
01-05 08:13:03.493  1301  5797 I chatty  : uid=1000(system) Binder:1301_13 expire 25 lines
01-05 08:13:10.494  1301  2258 I chatty  : uid=1000(system) Binder:1301_9 expire 30 lines
01-05 08:13:28.506  1301  8488 I chatty  : uid=1000(system) Binder:1301_15 expire 14 lines
01-05 08:14:09.078  1301  1405 I chatty  : uid=1000(system) PowerManagerSer expire 2 lines
01-05 08:14:21.547  1301  1331 I chatty  : uid=1000(system) Binder:1301_2 expire 1 line
01-05 08:14:21.719  1301  1370 I chatty  : uid=1000(system) ActivityManager expire 8 lines
01-05 08:14:21.721  1301  1371 I chatty  : uid=1000(system) ActivityManager expire 8 lines
01-05 08:14:34.556  1301  8628 I chatty  : uid=1000(system) Binder:1301_16 expire 1 line
01-05 08:14:36.557  1301  5546 I chatty  : uid=1000(system) Binder:1301_12 expire 13 lines
01-05 08:14:37.557  1301  4315 I chatty  : uid=1000(system) Binder:1301_10 expire 4 lines
01-05 08:14:50.565  1301  4482 I chatty  : uid=1000(system) Binder:1301_11 expire 3 lines
01-05 08:14:55.348  1301  1930 I chatty  : uid=1000(system) ConnectivitySer expire 12 lines
01-05 08:14:59.569  1301  5546 I chatty  : uid=1000(system) Binder:1301_12 expire 19 lines
01-05 08:15:00.575  1301  4315 I chatty  : uid=1000(system) Binder:1301_10 expire 10 lines
01-05 08:15:05.574  1301  4482 I chatty  : uid=1000(system) Binder:1301_11 expire 7 lines
01-05 08:15:08.276  1301  1369 I chatty  : uid=1000(system) android.bg expire 1 line
01-05 08:15:12.599  1301  1405 I chatty  : uid=1000(system) PowerManagerSer expire 21 lines
01-05 08:15:19.110  1301  1386 I chatty  : uid=1000(system) batterystats-wo expire 45 lines
01-05 08:15:19.158  1301  1359 I chatty  : uid=1000(system) android.display expire 8 lines
01-05 08:15:19.350  1301  1356 I chatty  : uid=1000(system) android.fg expire 9 lines
01-05 08:15:19.410  1301  3001 I chatty  : uid=1000(system) Binder:1301_F expire 1 line
01-05 08:15:19.415  1301  1301 I chatty  : uid=1000(system) Binder:1301_3 expire 10 lines
01-05 08:15:19.853  1301  2676 I chatty  : uid=1000(system) Binder:1301_C expire 7 lines
01-05 08:21:21.970  1301  1370 I chatty  : uid=1000(system) ActivityManager expire 9 lines
01-05 08:21:21.972  1301  1371 I chatty  : uid=1000(system) ActivityManager expire 8 lines
01-05 08:21:33.109  1301 19103 I chatty  : uid=1000(system) Binder:1301_1F expire 4 lines
01-05 08:21:33.121  1301  1331 I chatty  : uid=1000(system) Binder:1301_2 expire 4 lines
01-05 08:21:37.418  1301  3000 I chatty  : uid=1000(system) Binder:1301_E expire 3 lines
01-05 08:24:19.824  1301  1826 I chatty  : uid=1000(system) InputReader expire 4 lines
01-05 08:24:19.935  1301  1357 I chatty  : uid=1000(system) android.ui expire 2 lines
01-05 08:24:24.027  1301 13397 I chatty  : uid=1000(system) Binder:1301_1C expire 13 lines
01-05 08:24:29.112  1301  1301 I chatty  : uid=1000(system) Binder:1301_3 expire 7 lines
01-05 08:24:29.133  1301  1359 I chatty  : uid=1000(system) android.display expire 7 lines
01-05 08:24:29.143  1301  1331 I chatty  : uid=1000(system) Binder:1301_2 expire 7 lines
01-05 08:24:29.144  1301  1930 I chatty  : uid=1000(system) ConnectivitySer expire 8 lines
01-05 08:24:33.821  1301  1386 I chatty  : uid=1000(system) batterystats-wo expire 6 lines
01-05 08:24:48.276  1301  1826 I chatty  : uid=1000(system) InputReader expire 2 lines
01-05 08:24:48.326  1301  1405 I chatty  : uid=1000(system) PowerManagerSer expire 6 lines
01-05 08:24:48.484  1301  1356 I chatty  : uid=1000(system) android.fg expire 12 lines
01-05 08:24:48.490  1301  3000 I chatty  : uid=1000(system) Binder:1301_E expire 22 lines
01-05 08:24:49.395  1301  2676 I chatty  : uid=1000(system) Binder:1301_C expire 20 lines
01-05 08:24:52.401  1301  5546 I chatty  : uid=1000(system) Binder:1301_12 expire 15 lines
01-05 08:25:19.414  1301  4315 I chatty  : uid=1000(system) Binder:1301_10 expire 28 lines
01-05 08:25:29.865  1301  1357 I chatty  : uid=1000(system) android.ui expire 3 lines
01-05 08:25:30.269  1301 15783 I chatty  : uid=1000(system) Binder:1301_1E expire 19 lines
01-05 08:25:32.846  1301  1371 I chatty  : uid=1000(system) ActivityManager expire 5 lines
01-05 08:25:47.438  1301 10135 I chatty  : uid=1000(system) Binder:1301_1B expire 15 lines
01-05 08:26:37.474  1301 15783 I chatty  : uid=1000(system) Binder:1301_1E expire 3 lines
01-05 08:26:38.474  1301  4315 I chatty  : uid=1000(system) Binder:1301_10 expire 10 lines
01-05 08:26:48.477  1301 13397 I chatty  : uid=1000(system) Binder:1301_1C expire 33 lines
01-05 08:26:50.477  1301 13400 I chatty  : uid=1000(system) Binder:1301_1D expire 6 lines
01-05 08:26:50.576  1301  1370 I chatty  : uid=1000(system) ActivityManager expire 2 lines
01-05 08:26:54.609  6935  6935 E ActivityThread: Activity com.tencent.mobileqq.gallery.view.AIOGalleryActivity has leaked IntentReceiver alve@ad34994 that was originally registered here. Are you missing a call to unregisterReceiver()?
01-05 08:26:54.609  6935  6935 E ActivityThread: android.app.IntentReceiverLeaked: Activity com.tencent.mobileqq.gallery.view.AIOGalleryActivity has leaked IntentReceiver alve@ad34994 that was originally registered here. Are you missing a call to unregisterReceiver()?
01-05 08:26:54.609  6935  6935 E ActivityThread: 	at android.app.LoadedApk$ReceiverDispatcher.<init>(LoadedApk.java:1618)
01-05 08:26:54.609  6935  6935 E ActivityThread: 	at android.app.LoadedApk.getReceiverDispatcher(LoadedApk.java:1398)
01-05 08:26:54.609  6935  6935 E ActivityThread: 	at android.app.ContextImpl.registerReceiverInternal(ContextImpl.java:1614)
01-05 08:26:54.609  6935  6935 E ActivityThread: 	at android.app.ContextImpl.registerReceiver(ContextImpl.java:1580)
01-05 08:26:54.609  6935  6935 E ActivityThread: 	at android.content.ContextWrapper.registerReceiver(ContextWrapper.java:681)
01-05 08:26:54.609  6935  6935 E ActivityThread: 	at alvd.a(P:91)
01-05 08:26:54.609  6935  6935 E ActivityThread: 	at amjl.b(P:78)
01-05 08:26:54.609  6935  6935 E ActivityThread: 	at amjl.<init>(P:70)
01-05 08:26:54.609  6935  6935 E ActivityThread: 	at amjf.a(P:109)
01-05 08:26:54.609  6935  6935 E ActivityThread: 	at aqkn.x(P:173)
01-05 08:26:54.609  6935  6935 E ActivityThread: 	at aqkn.d(P:160)
01-05 08:26:54.609  6935  6935 E ActivityThread: 	at aqje.c(P:62)
01-05 08:26:54.609  6935  6935 E ActivityThread: 	at aqjg.a(P:49)
01-05 08:26:54.609  6935  6935 E ActivityThread: 	at com.tencent.mobileqq.gallery.view.AIOGalleryActivity.onCreate(P:90)
01-05 08:26:54.609  6935  6935 E ActivityThread: 	at android.app.Activity.performCreate(Activity.java:7994)
01-05 08:26:54.609  6935  6935 E ActivityThread: 	at android.app.Activity.performCreate(Activity.java:7978)
01-05 08:26:54.609  6935  6935 E ActivityThread: 	at android.app.Instrumentation.callActivityOnCreate(Instrumentation.java:1309)
01-05 08:26:54.609  6935  6935 E ActivityThread: 	at android.app.ActivityThread.performLaunchActivity(ActivityThread.java:3404)
01-05 08:26:54.609  6935  6935 E ActivityThread: 	at android.app.ActivityThread.handleLaunchActivity(ActivityThread.java:3595)
01-05 08:26:54.609  6935  6935 E ActivityThread: 	at android.app.servertransaction.LaunchActivityItem.execute(LaunchActivityItem.java:85)
01-05 08:26:54.609  6935  6935 E ActivityThread: 	at android.app.servertransaction.TransactionExecutor.executeCallbacks(TransactionExecutor.java:135)
01-05 08:26:54.609  6935  6935 E ActivityThread: 	at android.app.servertransaction.TransactionExecutor.execute(TransactionExecutor.java:95)
01-05 08:26:54.609  6935  6935 E ActivityThread: 	at android.app.ActivityThread$H.handleMessage(ActivityThread.java:2066)
01-05 08:26:54.609  6935  6935 E ActivityThread: 	at android.os.Handler.dispatchMessage(Handler.java:106)
01-05 08:26:54.609  6935  6935 E ActivityThread: 	at android.os.Looper.loop(Looper.java:223)
01-05 08:26:54.609  6935  6935 E ActivityThread: 	at android.app.ActivityThread.main(ActivityThread.java:7664)
01-05 08:26:54.609  6935  6935 E ActivityThread: 	at java.lang.reflect.Method.invoke(Native Method)
01-05 08:26:54.609  6935  6935 E ActivityThread: 	at com.android.internal.os.RuntimeInit$MethodAndArgsCaller.run(RuntimeInit.java:592)
01-05 08:26:54.609  6935  6935 E ActivityThread: 	at com.android.internal.os.ZygoteInit.main(ZygoteInit.java:947)
01-05 08:26:55.480  1301  5546 I chatty  : uid=1000(system) Binder:1301_12 expire 30 lines
01-05 08:26:58.480  1301  2676 I chatty  : uid=1000(system) Binder:1301_C expire 13 lines
01-05 08:26:59.371  1301  1357 I chatty  : uid=1000(system) android.ui expire 3 lines
01-05 08:26:59.383  1301  1356 I chatty  : uid=1000(system) android.fg expire 4 lines
01-05 08:26:59.484  1301  5797 I chatty  : uid=1000(system) Binder:1301_13 expire 9 lines
01-05 08:27:02.484  1301  3000 I chatty  : uid=1000(system) Binder:1301_E expire 25 lines
01-05 08:27:18.494  1301  3001 I chatty  : uid=1000(system) Binder:1301_F expire 33 lines
01-05 08:28:28.544  1301 10135 I chatty  : uid=1000(system) Binder:1301_1B expire 1 line
01-05 08:28:31.544  1301  4315 I chatty  : uid=1000(system) Binder:1301_10 expire 20 lines
01-05 08:28:41.833  1301  1386 I chatty  : uid=1000(system) batterystats-wo expire 3 lines
01-05 08:28:50.242  1301  1930 I chatty  : uid=1000(system) ConnectivitySer expire 12 lines
01-05 08:29:20.579  1301 13397 I chatty  : uid=1000(system) Binder:1301_1C expire 10 lines
01-05 08:29:21.581  1301  4315 I chatty  : uid=1000(system) Binder:1301_10 expire 6 lines
01-05 08:29:24.941  1301  5797 I chatty  : uid=1000(system) Binder:1301_13 expire 22 lines
01-05 08:29:26.583  1301 10135 I chatty  : uid=1000(system) Binder:1301_1B expire 7 lines
01-05 08:30:00.603  1301  5546 I chatty  : uid=1000(system) Binder:1301_12 expire 8 lines
01-05 08:30:01.488  1301  1370 I chatty  : uid=1000(system) ActivityManager expire 8 lines
01-05 08:30:01.490  1301  1371 I chatty  : uid=1000(system) ActivityManager expire 8 lines
01-05 08:30:01.862  1301 20059 I chatty  : uid=1000(system) Binder:1301_20 expire 2 lines
01-05 08:30:01.864  1301  1904 I chatty  : uid=1000(system) Binder:1301_5 expire 44 lines
01-05 08:30:02.024  7396  7481 E ActivityThread: Failed to find provider info for com.tencent.mm.waidProvider
01-05 08:30:12.609  1301  9034 I chatty  : uid=1000(system) Binder:1301_19 expire 9 lines
01-05 08:30:17.610  1301  2255 I chatty  : uid=1000(system) Binder:1301_7 expire 19 lines
01-05 08:30:39.620  1301  3000 I chatty  : uid=1000(system) Binder:1301_E expire 23 lines
01-05 08:30:41.625  1301 13397 I chatty  : uid=1000(system) Binder:1301_1C expire 13 lines
