01-04 20:22:01.011  1301 10135 I chatty  : uid=1000(system) Binder:1301_1B expire 1 line
01-04 20:22:01.477  1301 13397 I chatty  : uid=1000(system) Binder:1301_1C expire 13 lines
01-04 20:22:14.485  1301  1405 I chatty  : uid=1000(system) PowerManagerSer expire 14 lines
01-04 20:22:22.875  1301  1356 I chatty  : uid=1000(system) android.fg expire 5 lines
01-04 20:22:48.161  1301  2256 I chatty  : uid=1000(system) Binder:1301_8 expire 2 lines
01-04 20:22:48.194  1301  1879 I chatty  : uid=1000(system) Binder:1301_4 expire 8 lines
01-04 20:22:49.165  1301  1370 I chatty  : uid=1000(system) ActivityManager expire 9 lines
01-04 20:22:49.166  1301  1371 I chatty  : uid=1000(system) ActivityManager expire 10 lines
01-04 20:22:59.440  1301 15783 I chatty  : uid=1000(system) Binder:1301_1E expire 13 lines
01-04 20:23:42.484  1301  1826 I chatty  : uid=1000(system) InputReader expire 2 lines
01-04 20:23:51.633  1301  2521 I chatty  : uid=1000(system) Binder:1301_B expire 2 lines
01-04 20:23:53.361  1301  1357 I chatty  : uid=1000(system) android.ui expire 4 lines
01-04 20:23:56.635  1301 15783 I chatty  : uid=1000(system) Binder:1301_1E expire 17 lines
01-04 20:23:57.293  1301  1301 I chatty  : uid=1000(system) Binder:1301_3 expire 30 lines
01-04 20:23:57.636  1301  1331 I chatty  : uid=1000(system) Binder:1301_2 expire 3 lines
01-04 20:23:57.751  1301  1930 I chatty  : uid=1000(system) ConnectivitySer expire 17 lines
01-04 20:23:59.366  1301  1904 I chatty  : uid=1000(system) Binder:1301_5 expire 7 lines
01-04 20:23:59.635  1301  2521 I chatty  : uid=1000(system) Binder:1301_B expire 7 lines
01-04 20:24:00.637  1301  8488 I chatty  : uid=1000(system) Binder:1301_15 expire 8 lines
01-04 20:24:08.637  1301  1879 I chatty  : uid=1000(system) Binder:1301_4 expire 12 lines
01-04 20:24:09.886  2086  2086 V DeadZone: consuming errant click: (887.0,4.0)
01-04 20:24:09.886  2086  2086 V DeadZone: consuming errant click: (887.0,4.0)
01-04 20:24:12.388  1301  1369 I chatty  : uid=1000(system) android.bg expire 1 line
01-04 20:24:14.098 27284 17837 F libc    : Fatal signal 6 (SIGABRT), code -1 (SI_QUEUE) in tid 17837 (DefaultDispatch), pid 27284 (om.osfans.trime)
01-04 20:24:14.147 17847 17847 F DEBUG   : *** *** *** *** *** *** *** *** *** *** *** *** *** *** *** ***
01-04 20:24:14.147 17847 17847 F DEBUG   : LineageOS Version: '18.1-20211028-NIGHTLY-kebab'
01-04 20:24:14.147 17847 17847 F DEBUG   : Build fingerprint: 'OnePlus/OnePlus8T_EEA/OnePlus8T:11/RP1A.201005.001/2011101425:user/release-keys'
01-04 20:24:14.147 17847 17847 F DEBUG   : Revision: '0'
01-04 20:24:14.147 17847 17847 F DEBUG   : ABI: 'arm64'
01-04 20:24:14.148 17847 17847 F DEBUG   : Timestamp: 2022-01-04 20:24:14+0800
01-04 20:24:14.148 17847 17847 F DEBUG   : pid: 27284, tid: 17837, name: DefaultDispatch  >>> com.osfans.trime <<<
01-04 20:24:14.148 17847 17847 F DEBUG   : uid: 10200
01-04 20:24:14.148 17847 17847 F DEBUG   : signal 6 (SIGABRT), code -1 (SI_QUEUE), fault addr --------
01-04 20:24:14.148 17847 17847 F DEBUG   : Abort message: 'terminating with uncaught exception of type opencc::InvalidFormat'
01-04 20:24:14.148 17847 17847 F DEBUG   :     x0  0000000000000000  x1  00000000000045ad  x2  0000000000000006  x3  0000006f4cf698e0
01-04 20:24:14.148 17847 17847 F DEBUG   :     x4  fefefefefefeff73  x5  fefefefefefeff73  x6  fefefefefefeff73  x7  7f7f7f7f7f7f7f7f
01-04 20:24:14.148 17847 17847 F DEBUG   :     x8  00000000000000f0  x9  f4b26639211e994b  x10 0000000000000000  x11 ffffffc0fffffbdf
01-04 20:24:14.148 17847 17847 F DEBUG   :     x12 0000000000000001  x13 0000000061d43c6e  x14 00058e09e238f143  x15 00004c3546ff8324
01-04 20:24:14.148 17847 17847 F DEBUG   :     x16 00000071f148fc80  x17 00000071f1471c10  x18 0000006eef758000  x19 0000000000006a94
01-04 20:24:14.148 17847 17847 F DEBUG   :     x20 00000000000045ad  x21 00000000ffffffff  x22 ffffff80ffffffc8  x23 0000006f4cf69b30
01-04 20:24:14.148 17847 17847 F DEBUG   :     x24 0000006f4cf69a10  x25 0000006f4cf69a50  x26 0000000000000015  x27 0000000000000004
01-04 20:24:14.148 17847 17847 F DEBUG   :     x28 0000006f4cf6a420  x29 0000006f4cf69960
01-04 20:24:14.148 17847 17847 F DEBUG   :     lr  00000071f14242a0  sp  0000006f4cf698c0  pc  00000071f14242cc  pst 0000000000001000
01-04 20:24:14.151 17847 17847 F DEBUG   : backtrace:
01-04 20:24:14.151 17847 17847 F DEBUG   :       #00 pc 000000000004e2cc  /apex/com.android.runtime/lib64/bionic/libc.so (abort+164) (BuildId: be9c72fe4db37cd191b589b74d090d13)
01-04 20:24:14.151 17847 17847 F DEBUG   :       #01 pc 0000000000a79dec  /data/app/~~cRxq8UiGOwKrXo8WkeiY1A==/com.osfans.trime--3SarTQXFr3odPafxd1MMw==/lib/arm64/librime_jni.so (BuildId: 50a8fd825251528b855b1aa6514f894609e454a1)
01-04 20:24:14.440  1301 17856 I chatty  : uid=1000(system) Binder:1301_3 expire 1 line
01-04 20:24:14.451  1301 17855 I chatty  : uid=1000(system) Binder:1301_3 expire 2 lines
01-04 20:24:14.459  1301  1398 I chatty  : uid=1000(system) FileObserver expire 2 lines
01-04 20:24:14.483  1301 13400 I chatty  : uid=1000(system) Binder:1301_1D expire 12 lines
01-04 20:24:14.519  1301  1360 I chatty  : uid=1000(system) android.anim expire 1 line
01-04 20:24:14.651  1301  1359 I chatty  : uid=1000(system) android.display expire 3 lines
01-04 20:24:16.311  1301  1356 I chatty  : uid=1000(system) android.fg expire 4 lines
01-04 20:24:22.647  1301  5797 I chatty  : uid=1000(system) Binder:1301_13 expire 11 lines
01-04 20:24:23.645  1301  2256 I chatty  : uid=1000(system) Binder:1301_8 expire 24 lines
01-04 20:24:24.474  1301  1371 I chatty  : uid=1000(system) ActivityManager expire 2 lines
01-04 20:24:24.646  1301  4315 I chatty  : uid=1000(system) Binder:1301_10 expire 2 lines
01-04 20:24:42.591  1301  1663 I chatty  : uid=1000(system) AlarmManager expire 1 line
01-04 20:24:42.593  1301  1370 I chatty  : uid=1000(system) ActivityManager expire 1 line
01-04 20:24:45.655  1301  2676 I chatty  : uid=1000(system) Binder:1301_C expire 8 lines
01-04 20:24:46.659  1301  9034 I chatty  : uid=1000(system) Binder:1301_19 expire 13 lines
01-04 20:25:37.681  1301 20059 I chatty  : uid=1000(system) Binder:1301_20 expire 5 lines
01-04 20:25:39.682  1301  5797 I chatty  : uid=1000(system) Binder:1301_13 expire 3 lines
01-04 20:25:41.683  1301  1879 I chatty  : uid=1000(system) Binder:1301_4 expire 20 lines
01-04 20:25:45.361  1301  1301 I chatty  : uid=1000(system) Binder:1301_3 expire 24 lines
01-04 20:25:45.685  1301  2676 I chatty  : uid=1000(system) Binder:1301_C expire 29 lines
01-04 20:25:46.573  1301  1930 I chatty  : uid=1000(system) ConnectivitySer expire 24 lines
01-04 20:25:46.683  1301  8488 I chatty  : uid=1000(system) Binder:1301_15 expire 4 lines
01-04 20:25:50.686  1301  4315 I chatty  : uid=1000(system) Binder:1301_10 expire 36 lines
01-04 20:25:53.471  1301  1356 I chatty  : uid=1000(system) android.fg expire 3 lines
01-04 20:25:53.473  1301  1357 I chatty  : uid=1000(system) android.ui expire 1 line
01-04 20:25:54.688  1301 15783 I chatty  : uid=1000(system) Binder:1301_1E expire 17 lines
01-04 20:25:57.014  1301  1359 I chatty  : uid=1000(system) android.display expire 1 line
01-04 20:26:09.697  1301  2256 I chatty  : uid=1000(system) Binder:1301_8 expire 3 lines
01-04 20:26:28.708  1301  1330 I chatty  : uid=1000(system) Binder:1301_1 expire 11 lines
01-04 20:26:33.713  1301 19103 I chatty  : uid=1000(system) Binder:1301_1F expire 6 lines
01-04 20:26:34.636  1301  2219 I chatty  : uid=1000(system) HwBinder:1301_4 expire 1 line
01-04 20:26:50.722  1301  1904 I chatty  : uid=1000(system) Binder:1301_5 expire 3 lines
01-04 20:27:18.735  1301  2521 I chatty  : uid=1000(system) Binder:1301_B expire 9 lines
01-04 20:27:59.074  1301  1405 I chatty  : uid=1000(system) PowerManagerSer expire 15 lines
01-04 20:28:00.760  1301  1879 I chatty  : uid=1000(system) Binder:1301_4 expire 6 lines
01-04 20:28:01.759  1301  2676 I chatty  : uid=1000(system) Binder:1301_C expire 10 lines
01-04 20:28:02.470  1301  1930 I chatty  : uid=1000(system) ConnectivitySer expire 10 lines
01-04 20:28:03.762  1301  4315 I chatty  : uid=1000(system) Binder:1301_10 expire 1 line
01-04 20:28:05.615  1301  1386 I chatty  : uid=1000(system) batterystats-wo expire 2 lines
01-04 20:28:05.625  1301  1301 I chatty  : uid=1000(system) Binder:1301_3 expire 29 lines
01-04 20:28:05.630  1301  1359 I chatty  : uid=1000(system) android.display expire 13 lines
01-04 20:28:05.762  1301  1330 I chatty  : uid=1000(system) Binder:1301_1 expire 16 lines
01-04 20:28:05.840  1301  1356 I chatty  : uid=1000(system) android.fg expire 12 lines
01-04 20:28:16.606  1301  1826 I chatty  : uid=1000(system) InputReader expire 8 lines
01-04 20:28:16.725  1301  1357 I chatty  : uid=1000(system) android.ui expire 1 line
01-04 20:28:16.892  1301  2521 I chatty  : uid=1000(system) Binder:1301_B expire 2 lines
01-04 20:28:18.704  2086  2086 W FingerprintManager: Invalid acquired message: 6, 5
01-04 20:28:19.824  1301  5797 I chatty  : uid=1000(system) Binder:1301_13 expire 5 lines
01-04 20:28:21.824  1301  9034 I chatty  : uid=1000(system) Binder:1301_19 expire 16 lines
01-04 20:28:43.012  1301  1405 I chatty  : uid=1000(system) PowerManagerSer expire 21 lines
01-04 20:30:15.552  1301 19103 I chatty  : uid=1000(system) Binder:1301_1F expire 3 lines
01-04 20:30:19.085  2086  2086 W FingerprintManager: Invalid acquired message: 6, 0
01-04 20:30:19.640  1301  1301 I chatty  : uid=1000(system) Binder:1301_3 expire 5 lines
01-04 20:30:19.911  2086  2086 W FingerprintManager: Invalid acquired message: 6, 1
01-04 20:30:22.624  1301  1359 I chatty  : uid=1000(system) android.display expire 2 lines
01-04 20:31:49.924  1301  1370 I chatty  : uid=1000(system) ActivityManager expire 4 lines
01-04 20:31:49.925  1301  1371 I chatty  : uid=1000(system) ActivityManager expire 4 lines
01-04 20:32:00.298  1301  1904 I chatty  : uid=1000(system) Binder:1301_5 expire 1 line
01-04 20:34:07.993  1301  1405 I chatty  : uid=1000(system) PowerManagerSer expire 6 lines
01-04 20:34:08.128  1301 20059 I chatty  : uid=1000(system) Binder:1301_20 expire 1 line
01-04 20:34:08.181  1301  1356 I chatty  : uid=1000(system) android.fg expire 11 lines
01-04 20:34:09.123  1301 20059 I chatty  : uid=1000(system) Binder:1301_20 expire 5 lines
01-04 20:34:09.797  1301  1301 I chatty  : uid=1000(system) Binder:1301_3 expire 13 lines
01-04 20:34:10.110  1301 15783 I chatty  : uid=1000(system) Binder:1301_1E expire 23 lines
01-04 20:34:10.125  1301  1359 I chatty  : uid=1000(system) android.display expire 9 lines
01-04 20:34:10.127  1301  1370 I chatty  : uid=1000(system) ActivityManager expire 2 lines
01-04 20:34:10.128  1301  5797 I chatty  : uid=1000(system) Binder:1301_13 expire 22 lines
01-04 20:34:11.085  1301  1930 I chatty  : uid=1000(system) ConnectivitySer expire 16 lines
01-04 20:34:11.125  1301  1879 I chatty  : uid=1000(system) Binder:1301_4 expire 3 lines
01-04 20:34:11.641  1301  1357 I chatty  : uid=1000(system) android.ui expire 3 lines
01-04 20:34:11.672  1301  2676 I chatty  : uid=1000(system) Binder:1301_C expire 8 lines
01-04 20:34:15.127  1301  2521 I chatty  : uid=1000(system) Binder:1301_B expire 3 lines
01-04 20:34:19.129  1301  9034 I chatty  : uid=1000(system) Binder:1301_19 expire 9 lines
01-04 20:34:22.131  1301  1330 I chatty  : uid=1000(system) Binder:1301_1 expire 15 lines
01-04 20:34:25.979  1301  1371 I chatty  : uid=1000(system) ActivityManager expire 8 lines
01-04 20:34:26.039  1301  1904 I chatty  : uid=1000(system) Binder:1301_5 expire 11 lines
01-04 20:34:29.571 27286 18532 W ActivityThread: ClassLoader.getResources: The class loader returned by Thread.getContextClassLoader() may fail for processes that host multiple applications. You should explicitly specify a context class loader. For example: Thread.setContextClassLoader(getClass().getClassLoader());
01-04 20:34:29.870  1301  1930 I chatty  : uid=1000(system) ConnectivitySer expire 16 lines
01-04 20:35:06.465  1301  1405 I chatty  : uid=1000(system) PowerManagerSer expire 13 lines
01-04 20:37:40.596  1301  1826 I chatty  : uid=1000(system) InputReader expire 4 lines
01-04 20:37:40.718  1301  1301 I chatty  : uid=1000(system) Binder:1301_3 expire 14 lines
01-04 20:37:40.776  1301  9034 I chatty  : uid=1000(system) Binder:1301_19 expire 14 lines
01-04 20:37:40.797  1301  1405 I chatty  : uid=1000(system) PowerManagerSer expire 17 lines
01-04 20:37:40.804  1301  1356 I chatty  : uid=1000(system) android.fg expire 10 lines
01-04 20:37:41.776  1301  1904 I chatty  : uid=1000(system) Binder:1301_5 expire 22 lines
01-04 20:37:42.779  1301  1330 I chatty  : uid=1000(system) Binder:1301_1 expire 14 lines
01-04 20:37:43.551  1301  5797 I chatty  : uid=1000(system) Binder:1301_13 expire 6 lines
01-04 20:37:43.552  1301  1930 I chatty  : uid=1000(system) ConnectivitySer expire 11 lines
01-04 20:37:45.826  1301  1357 I chatty  : uid=1000(system) android.ui expire 2 lines
01-04 20:37:46.262  1301  1359 I chatty  : uid=1000(system) android.display expire 7 lines
01-04 20:37:46.634  1301  2676 I chatty  : uid=1000(system) Binder:1301_C expire 1 line
01-04 20:37:48.091  1301  1371 I chatty  : uid=1000(system) ActivityManager expire 2 lines
01-04 20:38:02.793  1301  3000 I chatty  : uid=1000(system) Binder:1301_E expire 14 lines
01-04 20:38:13.664  1301  1663 I chatty  : uid=1000(system) AlarmManager expire 2 lines
01-04 20:38:13.667  1301  1370 I chatty  : uid=1000(system) ActivityManager expire 2 lines
01-04 20:38:18.594  1301  4315 I chatty  : uid=1000(system) Binder:1301_10 expire 5 lines
01-04 20:38:59.454  2086  2086 W FingerprintManager: Invalid acquired message: 6, 5
01-04 20:38:59.455  1301  1301 I chatty  : uid=1000(system) Binder:1301_3 expire 5 lines
01-04 20:38:59.747  1301  1879 I chatty  : uid=1000(system) Binder:1301_4 expire 3 lines
01-04 20:39:00.305  1301  1930 I chatty  : uid=1000(system) ConnectivitySer expire 3 lines
01-04 20:39:00.316  1301  2521 I chatty  : uid=1000(system) Binder:1301_B expire 10 lines
01-04 20:39:02.319  1301  3000 I chatty  : uid=1000(system) Binder:1301_E expire 23 lines
01-04 20:39:05.409  1301  1356 I chatty  : uid=1000(system) android.fg expire 1 line
01-04 20:39:08.321  1301 19103 I chatty  : uid=1000(system) Binder:1301_1F expire 5 lines
01-04 20:39:50.362  1301  9034 I chatty  : uid=1000(system) Binder:1301_19 expire 7 lines
01-04 20:39:55.366  1301  2521 I chatty  : uid=1000(system) Binder:1301_B expire 3 lines
01-04 20:39:57.552  1301  1930 I chatty  : uid=1000(system) ConnectivitySer expire 4 lines
01-04 20:40:02.370  1301 19103 I chatty  : uid=1000(system) Binder:1301_1F expire 4 lines
01-04 20:40:03.371  1301  5797 I chatty  : uid=1000(system) Binder:1301_13 expire 5 lines
01-04 20:40:07.375  1301  3000 I chatty  : uid=1000(system) Binder:1301_E expire 5 lines
01-04 20:40:09.686  1301  1405 I chatty  : uid=1000(system) PowerManagerSer expire 9 lines
01-04 20:40:13.378  1301  4315 I chatty  : uid=1000(system) Binder:1301_10 expire 4 lines
01-04 20:40:16.257  1301  1301 I chatty  : uid=1000(system) Binder:1301_3 expire 5 lines
01-04 20:40:16.270  1301  1359 I chatty  : uid=1000(system) android.display expire 4 lines
01-04 20:40:16.469  1301  1356 I chatty  : uid=1000(system) android.fg expire 2 lines
01-04 20:40:16.552  1301  1904 I chatty  : uid=1000(system) Binder:1301_5 expire 1 line
01-04 20:42:07.163  1301  1370 I chatty  : uid=1000(system) ActivityManager expire 8 lines
01-04 20:42:07.164  1301  1371 I chatty  : uid=1000(system) ActivityManager expire 8 lines
01-04 20:42:07.482  1301 10135 I chatty  : uid=1000(system) Binder:1301_1B expire 6 lines
01-04 20:42:18.171  1301  2677 I chatty  : uid=1000(system) Binder:1301_D expire 2 lines
01-04 20:42:29.539  1301  8628 I chatty  : uid=1000(system) Binder:1301_16 expire 1 line
01-04 20:43:04.260  1301  1358 I chatty  : uid=1000(system) android.io expire 210 lines
01-04 20:44:37.080  1301 13397 I chatty  : uid=1000(system) Binder:1301_1C expire 6 lines
01-04 20:45:29.616  1301  1826 I chatty  : uid=1000(system) InputReader expire 6 lines
01-04 20:45:29.661  1301  1405 I chatty  : uid=1000(system) PowerManagerSer expire 18 lines
01-04 20:45:29.740  1301  1301 I chatty  : uid=1000(system) Binder:1301_3 expire 14 lines
01-04 20:45:29.741  1301  1357 I chatty  : uid=1000(system) android.ui expire 1 line
01-04 20:45:29.745  1301  1359 I chatty  : uid=1000(system) android.display expire 6 lines
01-04 20:45:29.822  1301  8628 I chatty  : uid=1000(system) Binder:1301_16 expire 4 lines
01-04 20:45:29.851  1301 10135 I chatty  : uid=1000(system) Binder:1301_1B expire 5 lines
01-04 20:45:29.862  1301  1356 I chatty  : uid=1000(system) android.fg expire 8 lines
01-04 20:45:31.943  1301  2677 I chatty  : uid=1000(system) Binder:1301_D expire 1 line
01-04 20:45:32.834  1301  1930 I chatty  : uid=1000(system) ConnectivitySer expire 5 lines
01-04 20:45:32.848  1301 19103 I chatty  : uid=1000(system) Binder:1301_1F expire 3 lines
01-04 20:45:34.679  1301  1369 I chatty  : uid=1000(system) android.bg expire 16 lines
01-04 20:45:34.850  1301  4315 I chatty  : uid=1000(system) Binder:1301_10 expire 10 lines
01-04 20:48:10.345  1301  5797 I chatty  : uid=1000(system) Binder:1301_13 expire 1 line
01-04 20:48:11.585  2086  2086 W FingerprintManager: Invalid acquired message: 6, 5
01-04 20:48:11.585  1301  1301 I chatty  : uid=1000(system) Binder:1301_3 expire 16 lines
01-04 20:48:13.085  1301  1369 I chatty  : uid=1000(system) android.bg expire 8 lines
01-04 20:48:13.255  1301 13397 I chatty  : uid=1000(system) Binder:1301_1C expire 10 lines
01-04 20:48:14.254  1301 10135 I chatty  : uid=1000(system) Binder:1301_1B expire 3 lines
01-04 20:48:15.019  1301  4315 I chatty  : uid=1000(system) Binder:1301_10 expire 12 lines
01-04 20:48:15.066  1301  8628 I chatty  : uid=1000(system) Binder:1301_16 expire 11 lines
01-04 20:48:15.102  1301  5797 I chatty  : uid=1000(system) Binder:1301_13 expire 4 lines
01-04 20:48:15.211  1301 13400 I chatty  : uid=1000(system) Binder:1301_1D expire 4 lines
01-04 20:48:15.254  1301 19103 I chatty  : uid=1000(system) Binder:1301_1F expire 10 lines
01-04 20:48:16.258  1301  1930 I chatty  : uid=1000(system) ConnectivitySer expire 7 lines
01-04 20:48:18.258  1301 20059 I chatty  : uid=1000(system) Binder:1301_20 expire 9 lines
01-04 20:48:21.641  1301  3068 I chatty  : uid=1000(system) AdbDebuggingMan expire 3 lines
01-04 20:48:30.263  1301  3000 I chatty  : uid=1000(system) Binder:1301_E expire 8 lines
01-04 20:48:31.227  2086  2086 V DeadZone: consuming errant click: (838.0,31.0)
01-04 20:48:31.228  2086  2086 V DeadZone: consuming errant click: (838.0,31.0)
01-04 20:48:31.953  1301  8628 I chatty  : uid=1000(system) Binder:1301_16 expire 5 lines
01-04 20:48:32.003  1301  1370 I chatty  : uid=1000(system) ActivityManager expire 14 lines
01-04 20:48:34.870  1301  1357 I chatty  : uid=1000(system) android.ui expire 2 lines
01-04 20:48:37.368  1301  1826 I chatty  : uid=1000(system) InputReader expire 6 lines
01-04 20:48:37.816  1301  1405 I chatty  : uid=1000(system) PowerManagerSer expire 12 lines
01-04 20:48:37.898  1301  1359 I chatty  : uid=1000(system) android.display expire 6 lines
01-04 20:48:38.099  1301  1356 I chatty  : uid=1000(system) android.fg expire 6 lines
01-04 20:49:07.451  1301  1371 I chatty  : uid=1000(system) ActivityManager expire 12 lines
01-04 20:49:18.474  1301  2255 I chatty  : uid=1000(system) Binder:1301_7 expire 3 lines
01-04 20:50:02.695  1301  2256 I chatty  : uid=1000(system) Binder:1301_8 expire 4 lines
01-04 21:02:10.513  2086  2086 W FingerprintManager: Invalid acquired message: 6, 5
01-04 21:02:10.513  1301  1301 I chatty  : uid=1000(system) Binder:1301_3 expire 6 lines
01-04 21:02:11.063  1301 13397 I chatty  : uid=1000(system) Binder:1301_1C expire 2 lines
01-04 21:02:12.065  1301  2521 I chatty  : uid=1000(system) Binder:1301_B expire 8 lines
01-04 21:02:20.855  1301  9117 I chatty  : uid=1000(system) Binder:1301_1A expire 9 lines
01-04 21:02:37.042  1301  1405 I chatty  : uid=1000(system) PowerManagerSer expire 12 lines
01-04 21:02:37.365  1301  1356 I chatty  : uid=1000(system) android.fg expire 14 lines
01-04 21:02:37.475  1301  4315 I chatty  : uid=1000(system) Binder:1301_10 expire 10 lines
01-04 21:02:37.481  1301  1301 I chatty  : uid=1000(system) Binder:1301_3 expire 10 lines
01-04 21:02:37.506  1301  1359 I chatty  : uid=1000(system) android.display expire 14 lines
01-04 21:02:37.728  1301 13397 I chatty  : uid=1000(system) Binder:1301_1C expire 9 lines
01-04 21:04:36.633  1301  1826 I chatty  : uid=1000(system) InputReader expire 10 lines
01-04 21:04:36.743  1301  1357 I chatty  : uid=1000(system) android.ui expire 2 lines
01-04 21:04:36.803  1301  5797 I chatty  : uid=1000(system) Binder:1301_13 expire 3 lines
01-04 21:04:37.845  1301 13400 I chatty  : uid=1000(system) Binder:1301_1D expire 2 lines
01-04 21:04:38.322  2086  2086 W FingerprintManager: Invalid acquired message: 6, 5
01-04 21:04:38.322  1301  1301 I chatty  : uid=1000(system) Binder:1301_3 expire 10 lines
01-04 21:04:38.847  1301  3000 I chatty  : uid=1000(system) Binder:1301_E expire 1 line
01-04 21:04:39.846  1301 10135 I chatty  : uid=1000(system) Binder:1301_1B expire 10 lines
01-04 21:04:40.846  1301  1330 I chatty  : uid=1000(system) Binder:1301_1 expire 4 lines
01-04 21:04:41.846  1301  9117 I chatty  : uid=1000(system) Binder:1301_1A expire 20 lines
01-04 21:04:57.842  1301  1930 I chatty  : uid=1000(system) ConnectivitySer expire 6 lines
01-04 21:05:08.810  1301  1405 I chatty  : uid=1000(system) PowerManagerSer expire 12 lines
01-04 21:05:34.758  1301  1369 I chatty  : uid=1000(system) android.bg expire 1 line
01-04 21:07:57.056  1301  2521 I chatty  : uid=1000(system) Binder:1301_B expire 3 lines
01-04 21:07:57.530  2086  2086 W FingerprintManager: Invalid acquired message: 6, 5
01-04 21:07:57.531  1301  1301 I chatty  : uid=1000(system) Binder:1301_3 expire 12 lines
01-04 21:07:58.058  1301  9117 I chatty  : uid=1000(system) Binder:1301_1A expire 8 lines
01-04 21:08:03.604  1301  1405 I chatty  : uid=1000(system) PowerManagerSer expire 12 lines
01-04 21:08:03.713  1301  1370 I chatty  : uid=1000(system) ActivityManager expire 3 lines
01-04 21:10:52.145  2086  2086 W FingerprintManager: Invalid acquired message: 6, 5
01-04 21:10:52.145  1301  1301 I chatty  : uid=1000(system) Binder:1301_3 expire 5 lines
01-04 21:10:53.738  1301  1356 I chatty  : uid=1000(system) android.fg expire 2 lines
01-04 21:10:54.686  1301 10135 I chatty  : uid=1000(system) Binder:1301_1B expire 4 lines
01-04 21:10:54.687  1301  1371 I chatty  : uid=1000(system) ActivityManager expire 3 lines
01-04 21:10:57.869  1301  1359 I chatty  : uid=1000(system) android.display expire 1 line
01-04 21:10:59.409  1301 19103 I chatty  : uid=1000(system) Binder:1301_1F expire 12 lines
01-04 21:11:00.408  1301  8628 I chatty  : uid=1000(system) Binder:1301_16 expire 13 lines
01-04 21:11:00.450  1301  1357 I chatty  : uid=1000(system) android.ui expire 3 lines
01-04 21:11:01.412  1301 13397 I chatty  : uid=1000(system) Binder:1301_1C expire 10 lines
01-04 21:11:02.412  1301  5797 I chatty  : uid=1000(system) Binder:1301_13 expire 310 lines
01-04 21:11:04.419  1301  3000 I chatty  : uid=1000(system) Binder:1301_E expire 8 lines
01-04 21:11:05.416  1301  9117 I chatty  : uid=1000(system) Binder:1301_1A expire 3 lines
01-04 21:11:09.304  1301  1663 I chatty  : uid=1000(system) AlarmManager expire 1 line
01-04 21:11:09.306  1301  1370 I chatty  : uid=1000(system) ActivityManager expire 3 lines
01-04 21:11:17.997  1301  1369 I chatty  : uid=1000(system) android.bg expire 1 line
01-04 21:11:18.080  1301  1359 I chatty  : uid=1000(system) android.display expire 9 lines
01-04 21:11:18.127  1301  1930 I chatty  : uid=1000(system) ConnectivitySer expire 2 lines
01-04 21:11:18.220  1301  1360 I chatty  : uid=1000(system) android.anim expire 1 line
01-04 21:11:19.420  1301 13400 I chatty  : uid=1000(system) Binder:1301_1D expire 7 lines
01-04 21:11:19.603  1301  1356 I chatty  : uid=1000(system) android.fg expire 7 lines
01-04 21:11:22.351  1301  1826 I chatty  : uid=1000(system) InputReader expire 8 lines
01-04 21:11:22.805  1301  1405 I chatty  : uid=1000(system) PowerManagerSer expire 22 lines
01-04 21:11:23.238  1301  1301 I chatty  : uid=1000(system) Binder:1301_3 expire 17 lines
01-04 21:13:21.251  1301  1358 I chatty  : uid=1000(system) android.io expire 6 lines
01-04 21:18:03.155  1301  1330 I chatty  : uid=1000(system) Binder:1301_1 expire 1 line
01-04 21:18:03.308  1301  2677 I chatty  : uid=1000(system) Binder:1301_D expire 2 lines
01-04 21:18:05.081  1301  1330 I chatty  : uid=1000(system) Binder:1301_1 expire 2 lines
01-04 21:18:05.095  1301  9117 I chatty  : uid=1000(system) Binder:1301_1A expire 2 lines
01-04 21:18:05.715  1301  1826 I chatty  : uid=1000(system) InputReader expire 4 lines
01-04 21:18:06.161  1301  1405 I chatty  : uid=1000(system) PowerManagerSer expire 14 lines
01-04 21:18:06.298  1301  1359 I chatty  : uid=1000(system) android.display expire 11 lines
01-04 21:18:06.319  1301  1930 I chatty  : uid=1000(system) ConnectivitySer expire 14 lines
01-04 21:18:06.486  1301  1356 I chatty  : uid=1000(system) android.fg expire 7 lines
01-04 21:18:06.606  1301  1301 I chatty  : uid=1000(system) Binder:1301_3 expire 8 lines
01-04 21:20:31.596  1301  1369 I chatty  : uid=1000(system) android.bg expire 3 lines
01-04 21:22:01.438  1301  1370 I chatty  : uid=1000(system) ActivityManager expire 4 lines
01-04 21:22:01.602  1301  5797 I chatty  : uid=1000(system) Binder:1301_13 expire 2 lines
01-04 21:24:38.091  1301 13400 I chatty  : uid=1000(system) Binder:1301_1D expire 5 lines
01-04 21:25:01.537  1301  1358 I chatty  : uid=1000(system) android.io expire 2 lines
01-04 21:27:08.165  1301 13397 I chatty  : uid=1000(system) Binder:1301_1C expire 17 lines
01-04 21:27:08.167  1301  8487 I chatty  : uid=1000(system) Binder:1301_14 expire 3 lines
01-04 21:27:08.172  1301  4482 I chatty  : uid=1000(system) Binder:1301_11 expire 2 lines
01-04 21:27:08.183  1301 15783 I chatty  : uid=1000(system) Binder:1301_1E expire 6 lines
01-04 21:27:08.183  1301  1371 I chatty  : uid=1000(system) ActivityManager expire 12 lines
01-04 21:27:58.967  1301  2256 I chatty  : uid=1000(system) Binder:1301_8 expire 1 line
01-04 21:30:20.382  1301  9034 I chatty  : uid=1000(system) Binder:1301_19 expire 9 lines
01-04 21:30:20.993  1301  2258 I chatty  : uid=1000(system) Binder:1301_9 expire 11 lines
01-04 21:30:54.225  1301  8689 I chatty  : uid=1000(system) Binder:1301_17 expire 15 lines
01-04 21:30:54.407 21379 22246 E ActivityThread: Failed to find provider info for com.tencent.mm.waidProvider
01-04 21:31:00.764  1301  8772 I chatty  : uid=1000(system) Binder:1301_18 expire 31 lines
01-04 21:31:47.306  1301  2255 I chatty  : uid=1000(system) Binder:1301_7 expire 9 lines
01-04 21:31:48.722  1301  1371 I chatty  : uid=1000(system) ActivityManager expire 2 lines
01-04 21:31:57.531  1301  1357 I chatty  : uid=1000(system) android.ui expire 3 lines
01-04 21:32:42.808  1301  2020 I chatty  : uid=1000(system) Binder:1301_6 expire 13 lines
01-04 21:32:45.802  1301 13397 I chatty  : uid=1000(system) Binder:1301_1C expire 24 lines
01-04 21:32:47.803  1301  2258 I chatty  : uid=1000(system) Binder:1301_9 expire 6 lines
01-04 21:32:50.541  1301  1357 I chatty  : uid=1000(system) android.ui expire 6 lines
01-04 21:32:54.810  1301  9034 I chatty  : uid=1000(system) Binder:1301_19 expire 6 lines
01-04 21:33:07.187  1301  1356 I chatty  : uid=1000(system) android.fg expire 5 lines
01-04 21:33:10.820  1301  3001 I chatty  : uid=1000(system) Binder:1301_F expire 23 lines
01-04 21:33:11.823  1301  8689 I chatty  : uid=1000(system) Binder:1301_17 expire 11 lines
01-04 21:33:28.830  1301 15783 I chatty  : uid=1000(system) Binder:1301_1E expire 9 lines
01-04 21:33:29.831  1301  2676 I chatty  : uid=1000(system) Binder:1301_C expire 14 lines
01-04 21:33:30.454  1301  1371 I chatty  : uid=1000(system) ActivityManager expire 18 lines
01-04 21:33:30.510  1301  1359 I chatty  : uid=1000(system) android.display expire 5 lines
01-04 21:33:31.639  1301  1369 I chatty  : uid=1000(system) android.bg expire 1 line
01-04 21:33:39.229  1301  1930 I chatty  : uid=1000(system) ConnectivitySer expire 13 lines
01-04 21:33:57.373  1301  1405 I chatty  : uid=1000(system) PowerManagerSer expire 9 lines
01-04 21:34:04.298  1301  1301 I chatty  : uid=1000(system) Binder:1301_3 expire 3 lines
01-04 21:37:05.398  1301  1370 I chatty  : uid=1000(system) ActivityManager expire 16 lines
01-04 21:37:05.752  1301 13400 I chatty  : uid=1000(system) Binder:1301_1D expire 3 lines
01-04 21:37:16.403  1301  8772 I chatty  : uid=1000(system) Binder:1301_18 expire 2 lines
01-04 21:37:27.701  1301  8488 I chatty  : uid=1000(system) Binder:1301_15 expire 2 lines
01-04 21:37:27.798  1301  2521 I chatty  : uid=1000(system) Binder:1301_B expire 6 lines
01-04 21:37:28.356  1301  8487 I chatty  : uid=1000(system) Binder:1301_14 expire 2 lines
01-04 21:38:12.364  1301  2256 I chatty  : uid=1000(system) Binder:1301_8 expire 6 lines
01-04 21:45:07.427  1301  5546 I chatty  : uid=1000(system) Binder:1301_12 expire 5 lines
01-04 21:45:07.552  1301  2256 I chatty  : uid=1000(system) Binder:1301_8 expire 16 lines
01-04 21:45:34.843  1301  1369 I chatty  : uid=1000(system) android.bg expire 1 line
01-04 21:45:58.343  1301  8689 I chatty  : uid=1000(system) Binder:1301_17 expire 2 lines
01-04 21:47:07.044  1301  1826 I chatty  : uid=1000(system) InputReader expire 4 lines
01-04 21:47:07.099  1301  1405 I chatty  : uid=1000(system) PowerManagerSer expire 21 lines
01-04 21:47:07.162  1301  1301 I chatty  : uid=1000(system) Binder:1301_3 expire 11 lines
01-04 21:47:07.164  1301  1357 I chatty  : uid=1000(system) android.ui expire 1 line
01-04 21:47:07.191  1301  1359 I chatty  : uid=1000(system) android.display expire 9 lines
01-04 21:47:07.263  1301  2521 I chatty  : uid=1000(system) Binder:1301_B expire 23 lines
01-04 21:47:07.334  1301  1356 I chatty  : uid=1000(system) android.fg expire 8 lines
01-04 21:47:08.244  1301  9034 I chatty  : uid=1000(system) Binder:1301_19 expire 11 lines
01-04 21:47:08.433  1301  2020 I chatty  : uid=1000(system) Binder:1301_6 expire 14 lines
01-04 21:47:08.484  1301  1371 I chatty  : uid=1000(system) ActivityManager expire 10 lines
01-04 21:47:08.908  1301  1917 I chatty  : uid=1000(system) WifiScanningSer expire 1 line
01-04 21:47:08.910  1301  1370 I chatty  : uid=1000(system) ActivityManager expire 9 lines
01-04 21:50:43.106  1301  1879 I chatty  : uid=1000(system) Binder:1301_4 expire 4 lines
01-04 21:50:43.183  1301  4315 I chatty  : uid=1000(system) Binder:1301_10 expire 3 lines
01-04 21:50:53.799  1301  8628 I chatty  : uid=1000(system) Binder:1301_16 expire 3 lines
01-04 21:50:58.147  1301 15783 I chatty  : uid=1000(system) Binder:1301_1E expire 3 lines
01-04 21:53:29.382  1301  8488 I chatty  : uid=1000(system) Binder:1301_15 expire 1 line
01-04 21:53:30.679  2086  2086 W FingerprintManager: Invalid acquired message: 6, 5
01-04 21:53:30.679  1301  1301 I chatty  : uid=1000(system) Binder:1301_3 expire 6 lines
01-04 21:53:31.049  1301  2256 I chatty  : uid=1000(system) Binder:1301_8 expire 5 lines
01-04 21:53:32.304  1301  1930 I chatty  : uid=1000(system) ConnectivitySer expire 6 lines
01-04 21:53:32.323  1301 20059 I chatty  : uid=1000(system) Binder:1301_20 expire 11 lines
01-04 21:53:55.724  1301  1405 I chatty  : uid=1000(system) PowerManagerSer expire 26 lines
01-04 21:53:59.343  1301 20059 I chatty  : uid=1000(system) Binder:1301_20 expire 4 lines
01-04 21:54:00.342  1301  2521 I chatty  : uid=1000(system) Binder:1301_B expire 3 lines
01-04 21:54:02.323  1301  1359 I chatty  : uid=1000(system) android.display expire 8 lines
01-04 21:54:02.445  1301  1930 I chatty  : uid=1000(system) ConnectivitySer expire 8 lines
01-04 21:54:02.519  1301  1356 I chatty  : uid=1000(system) android.fg expire 10 lines
01-04 21:54:02.610  1301  1301 I chatty  : uid=1000(system) Binder:1301_3 expire 10 lines
01-04 21:54:38.626  1301  2256 I chatty  : uid=1000(system) Binder:1301_8 expire 7 lines
01-04 21:55:52.071  1301  1826 I chatty  : uid=1000(system) InputReader expire 6 lines
01-04 21:55:52.292  1301  3000 I chatty  : uid=1000(system) Binder:1301_E expire 1 line
01-04 21:55:53.294  1301  4482 I chatty  : uid=1000(system) Binder:1301_11 expire 6 lines
01-04 21:57:03.735  1301  1370 I chatty  : uid=1000(system) ActivityManager expire 20 lines
01-04 21:57:03.737  1301  1371 I chatty  : uid=1000(system) ActivityManager expire 22 lines
01-04 21:57:26.006  1301  2255 I chatty  : uid=1000(system) Binder:1301_7 expire 7 lines
01-04 21:57:26.091  1301 15783 I chatty  : uid=1000(system) Binder:1301_1E expire 1 line
01-04 21:59:38.585  1301  2467 I chatty  : uid=1000(system) Binder:1301_A expire 5 lines
01-04 22:01:38.051  1301  8628 I chatty  : uid=1000(system) Binder:1301_16 expire 6 lines
01-04 22:04:25.003  1301 13400 I chatty  : uid=1000(system) Binder:1301_1D expire 3 lines
01-04 22:05:34.879  1301  1369 I chatty  : uid=1000(system) android.bg expire 1 line
01-04 22:06:18.638  1301  2676 I chatty  : uid=1000(system) Binder:1301_C expire 4 lines
01-04 22:06:29.928  1301  8488 I chatty  : uid=1000(system) Binder:1301_15 expire 1 line
01-04 22:10:39.434  1301  8689 I chatty  : uid=1000(system) Binder:1301_17 expire 4 lines
01-04 22:10:50.584  1301  1937 I chatty  : uid=1000(system) onProviders.ECP expire 2 lines
01-04 22:15:40.173  1301  1904 I chatty  : uid=1000(system) Binder:1301_5 expire 3 lines
01-04 22:17:05.380  1301  1357 I chatty  : uid=1000(system) android.ui expire 1 line
01-04 22:17:05.631  1301  4315 I chatty  : uid=1000(system) Binder:1301_10 expire 2 lines
01-04 22:17:06.484  1301  1879 I chatty  : uid=1000(system) Binder:1301_4 expire 2 lines
01-04 22:17:06.860  2086  2086 W FingerprintManager: Invalid acquired message: 6, 5
01-04 22:17:06.860  1301  1301 I chatty  : uid=1000(system) Binder:1301_3 expire 6 lines
01-04 22:17:07.485  1301  1331 I chatty  : uid=1000(system) Binder:1301_2 expire 1 line
01-04 22:17:08.058  1301  1370 I chatty  : uid=1000(system) ActivityManager expire 11 lines
01-04 22:17:08.220  1301  2677 I chatty  : uid=1000(system) Binder:1301_D expire 6 lines
01-04 22:17:08.314  1301  1331 I chatty  : uid=1000(system) Binder:1301_2 expire 8 lines
01-04 22:17:08.314  1301  1371 I chatty  : uid=1000(system) ActivityManager expire 14 lines
01-04 22:17:08.453  1301  1930 I chatty  : uid=1000(system) ConnectivitySer expire 6 lines
01-04 22:17:08.528  1301  8689 I chatty  : uid=1000(system) Binder:1301_17 expire 16 lines
01-04 22:17:11.079  1301  1357 I chatty  : uid=1000(system) android.ui expire 4 lines
01-04 22:17:12.650  1301  1356 I chatty  : uid=1000(system) android.fg expire 11 lines
01-04 22:17:12.657  1301  3001 I chatty  : uid=1000(system) Binder:1301_F expire 3 lines
01-04 22:17:13.649  1301  1359 I chatty  : uid=1000(system) android.display expire 11 lines
01-04 22:17:14.490  1301  2256 I chatty  : uid=1000(system) Binder:1301_8 expire 5 lines
01-04 22:17:15.490  1301  1879 I chatty  : uid=1000(system) Binder:1301_4 expire 12 lines
01-04 22:17:16.490  1301  2020 I chatty  : uid=1000(system) Binder:1301_6 expire 14 lines
01-04 22:17:26.905  1301  1826 I chatty  : uid=1000(system) InputReader expire 8 lines
01-04 22:17:27.358  1301  1405 I chatty  : uid=1000(system) PowerManagerSer expire 12 lines
01-04 22:17:27.784  1301  1301 I chatty  : uid=1000(system) Binder:1301_3 expire 13 lines
01-04 22:19:48.943  2086  2086 W FingerprintManager: Invalid acquired message: 6, 5
01-04 22:19:58.071  1301  1405 I chatty  : uid=1000(system) PowerManagerSer expire 12 lines
01-04 22:20:34.503  1301  1904 I chatty  : uid=1000(system) Binder:1301_5 expire 1 line
01-04 22:22:59.907  1301  9117 I chatty  : uid=1000(system) Binder:1301_1A expire 1 line
01-04 22:22:59.969  1301  2255 I chatty  : uid=1000(system) Binder:1301_7 expire 1 line
01-04 22:23:10.567  1301  8488 I chatty  : uid=1000(system) Binder:1301_15 expire 4 lines
01-04 22:23:21.838  1301  4482 I chatty  : uid=1000(system) Binder:1301_11 expire 1 line
01-04 22:23:21.922  1301 15783 I chatty  : uid=1000(system) Binder:1301_1E expire 1 line
01-04 22:23:22.562  1301  2676 I chatty  : uid=1000(system) Binder:1301_C expire 3 lines
01-04 22:25:34.926  1301  1369 I chatty  : uid=1000(system) android.bg expire 1 line
01-04 22:28:36.638  1301  1356 I chatty  : uid=1000(system) android.fg expire 11 lines
01-04 22:28:37.564  1301 19103 I chatty  : uid=1000(system) Binder:1301_1F expire 10 lines
01-04 22:28:37.571  1301  1301 I chatty  : uid=1000(system) Binder:1301_3 expire 11 lines
01-04 22:28:37.862  1301  4482 I chatty  : uid=1000(system) Binder:1301_11 expire 1 line
01-04 22:28:37.875  1301  1359 I chatty  : uid=1000(system) android.display expire 8 lines
01-04 22:28:37.888  1301  2256 I chatty  : uid=1000(system) Binder:1301_8 expire 11 lines
01-04 22:28:37.888  1301  1371 I chatty  : uid=1000(system) ActivityManager expire 2 lines
01-04 22:28:37.909  1301  1370 I chatty  : uid=1000(system) ActivityManager expire 4 lines
01-04 22:28:37.990  1301  8488 I chatty  : uid=1000(system) Binder:1301_15 expire 7 lines
01-04 22:28:38.180  1301  2521 I chatty  : uid=1000(system) Binder:1301_B expire 13 lines
01-04 22:28:39.544  1301  1930 I chatty  : uid=1000(system) ConnectivitySer expire 10 lines
01-04 22:28:39.567  1301  9117 I chatty  : uid=1000(system) Binder:1301_1A expire 15 lines
01-04 22:28:41.568  1301  2676 I chatty  : uid=1000(system) Binder:1301_C expire 12 lines
01-04 22:28:49.745  1301  1357 I chatty  : uid=1000(system) android.ui expire 5 lines
01-04 22:28:55.187  1301  1826 I chatty  : uid=1000(system) InputReader expire 4 lines
01-04 22:28:55.643  1301  1405 I chatty  : uid=1000(system) PowerManagerSer expire 12 lines
01-04 22:29:15.763  2086  2086 W FingerprintManager: Invalid acquired message: 6, 5
01-04 22:29:15.763  1301  1301 I chatty  : uid=1000(system) Binder:1301_3 expire 5 lines
01-04 22:29:17.000  1301  2256 I chatty  : uid=1000(system) Binder:1301_8 expire 7 lines
01-04 22:29:20.425  1301  1356 I chatty  : uid=1000(system) android.fg expire 6 lines
01-04 22:29:33.277  1301 15783 I chatty  : uid=1000(system) Binder:1301_1E expire 9 lines
01-04 22:29:34.194  1301  1663 I chatty  : uid=1000(system) AlarmManager expire 1 line
01-04 22:29:37.280  1301  3000 I chatty  : uid=1000(system) Binder:1301_E expire 10 lines
01-04 22:29:55.295  1301 15783 I chatty  : uid=1000(system) Binder:1301_1E expire 10 lines
01-04 22:29:56.422  1301  1930 I chatty  : uid=1000(system) ConnectivitySer expire 8 lines
01-04 22:30:02.300  1301  9117 I chatty  : uid=1000(system) Binder:1301_1A expire 41 lines
01-04 22:30:05.299  1301  2676 I chatty  : uid=1000(system) Binder:1301_C expire 7 lines
01-04 22:30:13.304  1301  4315 I chatty  : uid=1000(system) Binder:1301_10 expire 18 lines
01-04 22:30:26.484  1301  1301 I chatty  : uid=1000(system) Binder:1301_3 expire 9 lines
01-04 22:30:26.486  1301  2698 I chatty  : uid=1000(system) BluetoothRouteM expire 1 line
01-04 22:30:26.486  1301  2717 I chatty  : uid=1000(system) uteStateMachine expire 12 lines
01-04 22:30:26.498  1301  1370 I chatty  : uid=1000(system) ActivityManager expire 2 lines
01-04 22:30:56.335  1301  8488 I chatty  : uid=1000(system) Binder:1301_15 expire 30 lines
01-04 22:30:58.552  1301  2256 I chatty  : uid=1000(system) Binder:1301_8 expire 16 lines
01-04 22:30:59.347  1301  4482 I chatty  : uid=1000(system) Binder:1301_11 expire 7 lines
01-04 22:31:10.362  1301  1904 I chatty  : uid=1000(system) Binder:1301_5 expire 8 lines
01-04 22:31:28.376  1301  2677 I chatty  : uid=1000(system) Binder:1301_D expire 7 lines
01-04 22:31:58.045  1301  1826 I chatty  : uid=1000(system) InputReader expire 4 lines
01-04 22:31:58.493  1301  1405 I chatty  : uid=1000(system) PowerManagerSer expire 10 lines
01-04 22:31:58.581  1301  1359 I chatty  : uid=1000(system) android.display expire 5 lines
01-04 22:31:58.771  1301  1356 I chatty  : uid=1000(system) android.fg expire 2 lines
01-04 22:32:25.638  1301  1357 I chatty  : uid=1000(system) android.ui expire 2 lines
01-04 22:32:25.804  1301  1405 I chatty  : uid=1000(system) PowerManagerSer expire 2 lines
01-04 22:32:25.804  1301  1356 I chatty  : uid=1000(system) android.fg expire 3 lines
01-04 22:32:25.812  1301  2677 I chatty  : uid=1000(system) Binder:1301_D expire 19 lines
01-04 22:32:27.723  1301  2676 I chatty  : uid=1000(system) Binder:1301_C expire 2 lines
01-04 22:32:29.251  1301  1301 I chatty  : uid=1000(system) Binder:1301_3 expire 6 lines
01-04 22:32:29.251  2086  2086 W FingerprintManager: Invalid acquired message: 6, 5
01-04 22:32:30.722  1301  2256 I chatty  : uid=1000(system) Binder:1301_8 expire 37 lines
01-04 22:32:45.661  1301  1663 I chatty  : uid=1000(system) AlarmManager expire 1 line
01-04 22:32:45.663  1301  1370 I chatty  : uid=1000(system) ActivityManager expire 9 lines
01-04 22:32:46.828  1301  1930 I chatty  : uid=1000(system) ConnectivitySer expire 4 lines
01-04 22:32:50.734  1301  3000 I chatty  : uid=1000(system) Binder:1301_E expire 10 lines
01-04 22:32:51.777  1301  1371 I chatty  : uid=1000(system) ActivityManager expire 8 lines
01-04 22:32:54.739  1301  1879 I chatty  : uid=1000(system) Binder:1301_4 expire 4 lines
01-04 22:33:03.741  1301  2521 I chatty  : uid=1000(system) Binder:1301_B expire 6 lines
01-04 22:33:04.746  1301  8488 I chatty  : uid=1000(system) Binder:1301_15 expire 45 lines
01-04 22:33:14.328  1301  4315 I chatty  : uid=1000(system) Binder:1301_10 expire 3 lines
01-04 22:33:14.811  1301 15783 I chatty  : uid=1000(system) Binder:1301_1E expire 49 lines
01-04 22:35:03.901  1301  9117 I chatty  : uid=1000(system) Binder:1301_1A expire 42 lines
01-04 22:35:09.913  1301  2256 I chatty  : uid=1000(system) Binder:1301_8 expire 10 lines
01-04 22:35:10.914  1301 15783 I chatty  : uid=1000(system) Binder:1301_1E expire 24 lines
01-04 22:35:11.680  1301  1301 I chatty  : uid=1000(system) Binder:1301_3 expire 13 lines
01-04 22:35:14.914  1301 19103 I chatty  : uid=1000(system) Binder:1301_1F expire 26 lines
01-04 22:35:20.923  1301  2521 I chatty  : uid=1000(system) Binder:1301_B expire 12 lines
01-04 22:35:25.699  1301  1663 I chatty  : uid=1000(system) AlarmManager expire 1 line
01-04 22:35:25.701  1301  1370 I chatty  : uid=1000(system) ActivityManager expire 1 line
01-04 22:35:52.482  1301  1826 I chatty  : uid=1000(system) InputReader expire 4 lines
01-04 22:35:52.933  1301  1405 I chatty  : uid=1000(system) PowerManagerSer expire 12 lines
01-04 22:35:53.039  1301  1359 I chatty  : uid=1000(system) android.display expire 5 lines
01-04 22:35:53.235  1301  1356 I chatty  : uid=1000(system) android.fg expire 5 lines
01-04 22:36:01.308  1301  8488 I chatty  : uid=1000(system) Binder:1301_15 expire 16 lines
01-04 22:36:07.343  2086  2086 W FingerprintManager: Invalid acquired message: 6, 5
01-04 22:36:07.628  1301  4315 I chatty  : uid=1000(system) Binder:1301_10 expire 1 line
01-04 22:36:08.226  1301  2521 I chatty  : uid=1000(system) Binder:1301_B expire 7 lines
01-04 22:36:29.245  1301  8628 I chatty  : uid=1000(system) Binder:1301_16 expire 12 lines
01-04 22:36:31.803  1301  1357 I chatty  : uid=1000(system) android.ui expire 1 line
01-04 22:36:32.247  1301  2676 I chatty  : uid=1000(system) Binder:1301_C expire 22 lines
01-04 22:36:52.270  1301  3000 I chatty  : uid=1000(system) Binder:1301_E expire 1 line
01-04 22:37:01.687  1301  1930 I chatty  : uid=1000(system) ConnectivitySer expire 20 lines
01-04 22:37:53.347  1301  9117 I chatty  : uid=1000(system) Binder:1301_1A expire 2 lines
01-04 22:37:54.346  1301 19103 I chatty  : uid=1000(system) Binder:1301_1F expire 16 lines
01-04 22:37:56.346  1301  2676 I chatty  : uid=1000(system) Binder:1301_C expire 4 lines
01-04 22:38:03.367  1301 15783 I chatty  : uid=1000(system) Binder:1301_1E expire 21 lines
01-04 22:38:08.375  1301  2521 I chatty  : uid=1000(system) Binder:1301_B expire 10 lines
01-04 22:38:12.321  1301  1663 I chatty  : uid=1000(system) AlarmManager expire 1 line
01-04 22:38:12.325  1301  1370 I chatty  : uid=1000(system) ActivityManager expire 6 lines
01-04 22:38:18.843  1301  3000 I chatty  : uid=1000(system) Binder:1301_E expire 9 lines
01-04 22:38:41.933  1301  1826 I chatty  : uid=1000(system) InputReader expire 4 lines
01-04 22:38:42.390  1301  1405 I chatty  : uid=1000(system) PowerManagerSer expire 12 lines
01-04 22:38:42.503  1301  1359 I chatty  : uid=1000(system) android.display expire 5 lines
01-04 22:38:42.686  1301  1356 I chatty  : uid=1000(system) android.fg expire 5 lines
01-04 22:38:42.801  1301  2256 I chatty  : uid=1000(system) Binder:1301_8 expire 17 lines
01-04 22:38:42.808  1301  1301 I chatty  : uid=1000(system) Binder:1301_3 expire 13 lines
01-04 22:43:57.769  2086  2086 W FingerprintManager: Invalid acquired message: 6, 5
01-04 22:43:58.056  1301 19103 I chatty  : uid=1000(system) Binder:1301_1F expire 14 lines
01-04 22:43:59.259  1301 15783 I chatty  : uid=1000(system) Binder:1301_1E expire 10 lines
01-04 22:44:25.287  1301  1331 I chatty  : uid=1000(system) Binder:1301_2 expire 9 lines
01-04 22:44:35.291  1301  1879 I chatty  : uid=1000(system) Binder:1301_4 expire 10 lines
01-04 22:44:47.302  1301  1904 I chatty  : uid=1000(system) Binder:1301_5 expire 9 lines
01-04 22:44:49.301  1301  2521 I chatty  : uid=1000(system) Binder:1301_B expire 1 line
01-04 22:44:51.825  1301  1371 I chatty  : uid=1000(system) ActivityManager expire 4 lines
01-04 22:45:02.086  1301  8628 I chatty  : uid=1000(system) Binder:1301_16 expire 31 lines
01-04 22:45:06.316  1301  3000 I chatty  : uid=1000(system) Binder:1301_E expire 1 line
01-04 22:45:06.805  1301  1370 I chatty  : uid=1000(system) ActivityManager expire 4 lines
01-04 22:45:06.806  1301  1371 I chatty  : uid=1000(system) ActivityManager expire 4 lines
01-04 22:45:07.315  1301  1331 I chatty  : uid=1000(system) Binder:1301_2 expire 14 lines
01-04 22:45:08.317  1301  1904 I chatty  : uid=1000(system) Binder:1301_5 expire 44 lines
01-04 22:45:09.318  1301 15783 I chatty  : uid=1000(system) Binder:1301_1E expire 13 lines
01-04 22:45:14.318  1301  2256 I chatty  : uid=1000(system) Binder:1301_8 expire 22 lines
01-04 22:45:20.785  1301  1301 I chatty  : uid=1000(system) Binder:1301_3 expire 5 lines
01-04 22:45:23.324  1301  1879 I chatty  : uid=1000(system) Binder:1301_4 expire 32 lines
01-04 22:45:35.976  1301  1930 I chatty  : uid=1000(system) ConnectivitySer expire 11 lines
01-04 22:46:06.370  1301 19103 I chatty  : uid=1000(system) Binder:1301_1F expire 14 lines
01-04 22:46:50.368  1301  1356 I chatty  : uid=1000(system) android.fg expire 5 lines
01-04 22:46:50.370  1301  1357 I chatty  : uid=1000(system) android.ui expire 1 line
01-04 22:47:12.544  1301  1359 I chatty  : uid=1000(system) android.display expire 1 line
01-04 22:47:25.422  1301  2676 I chatty  : uid=1000(system) Binder:1301_C expire 27 lines
01-04 22:47:41.433  1301  1879 I chatty  : uid=1000(system) Binder:1301_4 expire 57 lines
01-04 22:47:48.440  1301 15783 I chatty  : uid=1000(system) Binder:1301_1E expire 29 lines
01-04 22:48:03.488  1301  1357 I chatty  : uid=1000(system) android.ui expire 3 lines
01-04 22:48:12.467  1301  1904 I chatty  : uid=1000(system) Binder:1301_5 expire 26 lines
01-04 22:48:14.471  1301  1331 I chatty  : uid=1000(system) Binder:1301_2 expire 14 lines
01-04 22:48:16.195  1301  1301 I chatty  : uid=1000(system) Binder:1301_3 expire 9 lines
01-04 22:48:21.471  1301  9117 I chatty  : uid=1000(system) Binder:1301_1A expire 5 lines
01-04 22:48:36.484  1301  8628 I chatty  : uid=1000(system) Binder:1301_16 expire 16 lines
01-04 22:48:37.483  1301  4315 I chatty  : uid=1000(system) Binder:1301_10 expire 24 lines
01-04 22:48:40.477  1301  1356 I chatty  : uid=1000(system) android.fg expire 6 lines
01-04 22:48:41.499  1301  3000 I chatty  : uid=1000(system) Binder:1301_E expire 4 lines
01-04 22:48:53.756  1301  2256 I chatty  : uid=1000(system) Binder:1301_8 expire 9 lines
01-04 22:48:55.429  1301  1930 I chatty  : uid=1000(system) ConnectivitySer expire 6 lines
01-04 22:49:54.595  1301  8689 I chatty  : uid=1000(system) Binder:1301_17 expire 15 lines
01-04 22:50:40.656  1301  4482 I chatty  : uid=1000(system) Binder:1301_11 expire 31 lines
01-04 22:50:44.659  1301  2256 I chatty  : uid=1000(system) Binder:1301_8 expire 55 lines
01-04 22:50:45.841  1301  1357 I chatty  : uid=1000(system) android.ui expire 6 lines
01-04 22:50:46.976  1301  9117 I chatty  : uid=1000(system) Binder:1301_1A expire 51 lines
01-04 22:50:46.990  1301  1904 I chatty  : uid=1000(system) Binder:1301_5 expire 18 lines
01-04 22:50:47.541  1301  1369 I chatty  : uid=1000(system) android.bg expire 1 line
01-04 22:50:49.664  1301  1879 I chatty  : uid=1000(system) Binder:1301_4 expire 7 lines
01-04 22:51:35.716  1301  8689 I chatty  : uid=1000(system) Binder:1301_17 expire 26 lines
01-04 22:52:27.193  1301  1930 I chatty  : uid=1000(system) ConnectivitySer expire 6 lines
01-04 22:52:30.806  1301  2677 I chatty  : uid=1000(system) Binder:1301_D expire 27 lines
01-04 22:53:30.849  1301 13400 I chatty  : uid=1000(system) Binder:1301_1D expire 13 lines
01-04 22:54:13.218  1301  1359 I chatty  : uid=1000(system) android.display expire 1 line
01-04 22:54:17.518  2086  2086 V DeadZone: consuming errant click: (854.0,50.0)
01-04 22:54:17.519  2086  2086 V DeadZone: consuming errant click: (854.0,50.0)
01-04 22:54:17.894  1301  9117 I chatty  : uid=1000(system) Binder:1301_1A expire 5 lines
01-04 22:54:19.900  1301 13400 I chatty  : uid=1000(system) Binder:1301_1D expire 18 lines
01-04 22:54:26.905  1301  9117 I chatty  : uid=1000(system) Binder:1301_1A expire 17 lines
01-04 22:54:37.335  1301  1930 I chatty  : uid=1000(system) ConnectivitySer expire 20 lines
01-04 22:54:53.328  1301  2677 I chatty  : uid=1000(system) Binder:1301_D expire 3 lines
